//my_region/app/Instant/Instant.apk 3-8214
//my_region/app/Instant/lib/arm64/libc++_shared.so 8222-8309
//my_region/app/Instant/lib/arm64/libcanvas.so 8310
//my_region/app/Instant/lib/arm64/libconscrypt_jni.so 8311-8496
//my_region/app/Instant/lib/arm64/libfb.so 8497-8585
//my_region/app/Instant/lib/arm64/libgifimage.so 8586-8613
//my_region/app/Instant/lib/arm64/libhapbridge.so 8614-8702
//my_region/app/Instant/lib/arm64/libimagepipeline.so 8704
//my_region/app/Instant/lib/arm64/libinspector.so 8705-8708
//my_region/app/Instant/lib/arm64/libmmkv.so 8709-8766
//my_region/app/Instant/lib/arm64/libnative-filters.so 8767-8771
//my_region/app/Instant/lib/arm64/libnative-imagetranscoder.so 8772-8828
//my_region/app/Instant/lib/arm64/libnearmelog.so 8829-8837
//my_region/app/Instant/lib/arm64/libopluslog.so 8838-8846
//my_region/app/Instant/lib/arm64/libqjsruntime.so 8847-9043
//my_region/app/Instant/lib/arm64/libstatic-webp.so 9044-9117
//my_region/app/Instant/lib/arm64/libv8runtime.so 9118-10769
//my_region/app/Instant/lib/arm64/libyoga.so 10772-10799
//my_region/app/Instant/oat/arm64/Instant.vdex 10800-10891
//my_region/etc/NOTICE.xml.gz 10892-10897
//my_region/etc/extension/com.oplus.app-features.xml 10902-10903
//my_region/etc/oplus_carrier_config.xml 10904
//my_region/etc/startup/blacklist_default.xml 10905-10908
//my_region/etc/startup/safe_boot_whitelist.xml 10909-10910
//my_region/etc/startup/sys_startup_v3_config_list.xml 10911-10915
//my_region/etc/startup/sys_startupmanager_config_list.xml 10916-10918
//my_region/global/oplus_carrier_list.xml 11072-11075
//my_region/priv-app/OplusCallRecorder/OplusCallRecorder.apk 11076-11598
//my_region/priv-app/OplusCallRecorder/oat/arm64/OplusCallRecorder.vdex 11600-11606
