//my_stock/app/AIMemory/AIMemory.apk 4-14951
//my_stock/app/AIMemory/lib/arm64/libaiunit_sdk_core.so 14963-14964
//my_stock/app/AIMemory/lib/arm64/libnoise.so 14965-14966
//my_stock/app/AIMemory/lib/arm64/libopluslog.so 14967-14975
//my_stock/app/AIMemory/lib/arm64/libscan_engine_decode.so 14976-15445
//my_stock/app/AIMemory/lib/arm64/libscan_engine_detect.so 15446-15788
//my_stock/app/AIMemory/lib/arm64/libtensorflowlite.so 15789-16143
//my_stock/app/AIUnit/AIUnit.apk 16145-32577
//my_stock/app/AIUnit/lib/arm64/libaiunit_framework.so 32588-32688
//my_stock/app/AIUnit/lib/arm64/libaiunit_framework_jni.so 32689-32705
//my_stock/app/AIUnit/lib/arm64/libaiunit_sdk_core.so 32706-32707
//my_stock/app/AIUnit/lib/arm64/libc++.so 32708-32780
//my_stock/app/AIUnit/lib/arm64/libc++_shared.so 32781-32877
//my_stock/app/AIUnit/lib/arm64/libcore_tokenizers.so 32878-34105
//my_stock/app/AIUnit/lib/arm64/libdatastore_shared_counter.so 34106
//my_stock/app/AIUnit/lib/arm64/libdmabufheap.so 34107-34118
//my_stock/app/AIUnit/lib/arm64/libheytaplog.so 34119-34127
//my_stock/app/AIUnit/lib/arm64/libopencv_java4.so 34128-36379
//my_stock/app/AIUnit/lib/arm64/libsqlcipher.so 36380-36869
//my_stock/app/AIUnit/oat/arm64/AIUnit.vdex 36874-36933
//my_stock/app/AIWriter/AIWriter.apk 36934-40600
//my_stock/app/AIWriter/oat/arm64/AIWriter.vdex 40605-40665
//my_stock/app/ARCore/ARCore.apk 40666-40947
//my_stock/app/Aod/Aod.apk 40948-49794
//my_stock/app/Aod/lib/arm64/libVFX.so 49801-50183
//my_stock/app/Aod/lib/arm64/libhandpaintedeffects.so 50184-50233
//my_stock/app/Aod/lib/arm64/liboplus_gifdecoder.so 50234-50260
//my_stock/app/Aod/lib/arm64/liboplus_image_process.so 50261-50262
//my_stock/app/Aod/lib/arm64/liboplusos_lunar.so 50263-50265
//my_stock/app/Aod/oat/arm64/Aod.vdex 50266-50290
//my_stock/app/AssistantScreen/AssistantScreen.apk 50291-57505
//my_stock/app/AssistantScreen/oat/arm64/AssistantScreen.vdex 57513-57619
//my_stock/app/BeaconLink/BeaconLink.apk 57620-60977
//my_stock/app/BeaconLink/oat/arm64/BeaconLink.vdex 60982-61013
//my_stock/app/Browser/Browser.apk 61014-97321
//my_stock/app/COSA/COSA.apk 97352-98844
//my_stock/app/COSA/oat/arm64/COSA.vdex 98847-98876
//my_stock/app/Calculator2/Calculator2.apk 98877-101317
//my_stock/app/Calculator2/oat/arm64/Calculator2.vdex 101321-101346
//my_stock/app/ChildrenSpace/ChildrenSpace.apk 101347-108547
//my_stock/app/ChildrenSpace/oat/arm64/ChildrenSpace.vdex 108553-108578
//my_stock/app/ChromePartnerProvider/ChromePartnerProvider.apk 108579-108768
//my_stock/app/ChromePartnerProvider/oat/arm64/ChromePartnerProvider.vdex 108769-108771
//my_stock/app/Clock/Clock.apk 108772-116353
//my_stock/app/Clock/lib/arm64/libwatergradient.so 116359-116383
//my_stock/app/CloudService/CloudService.apk 116384-122238
//my_stock/app/ColorAccessibilityAssistant/ColorAccessibilityAssistant.apk 122243-128654
//my_stock/app/ColorAccessibilityAssistant/oat/arm64/ColorAccessibilityAssistant.vdex 128662-128724
//my_stock/app/ColorDirectService/ColorDirectService.apk 128725-136756
//my_stock/app/ColorDirectService/oat/arm64/ColorDirectService.vdex 136764-136834
//my_stock/app/Colorx/Colorx.apk 136835-138902
//my_stock/app/Colorx/oat/arm64/Colorx.vdex 138906-138913
//my_stock/app/EmailPartnerProvider/EmailPartnerProvider.apk 138914-139106
//my_stock/app/EmailPartnerProvider/oat/arm64/EmailPartnerProvider.vdex 139107-139109
//my_stock/app/FileEncryption/FileEncryption.apk 139110-140640
//my_stock/app/FileEncryption/oat/arm64/FileEncryption.vdex 140643-140668
//my_stock/app/FileManager/FileManager.apk 140669-146182
//my_stock/app/FileManager/FileManager.apk.prof 146183-146184
//my_stock/app/FileManager/oat/arm64/FileManager.art 146191-146355
//my_stock/app/FileManager/oat/arm64/FileManager.odex 146356-146723
//my_stock/app/FileManager/oat/arm64/FileManager.vdex 146724-146821
//my_stock/app/FloatAssistant/FloatAssistant.apk 146822-151710
//my_stock/app/FloatAssistant/oat/arm64/FloatAssistant.vdex 151717-151742
//my_stock/app/Instant/Instant.apk 151743-160307
//my_stock/app/Instant/lib/arm64/libcanvas.so 160316
//my_stock/app/Instant/lib/arm64/libconscrypt_jni.so 160317-160502
//my_stock/app/Instant/lib/arm64/libfb.so 160503-160591
//my_stock/app/Instant/lib/arm64/libgifimage.so 160592-160621
//my_stock/app/Instant/lib/arm64/libhapbridge.so 160622-160660
//my_stock/app/Instant/lib/arm64/libheytaplog.so 160661-160669
//my_stock/app/Instant/lib/arm64/libimagepipeline.so 160670
//my_stock/app/Instant/lib/arm64/libinfrasjs_snapshot.so 160671-160699
//my_stock/app/Instant/lib/arm64/libinspector.so 160700-160703
//my_stock/app/Instant/lib/arm64/libmmkv.so 160704-160772
//my_stock/app/Instant/lib/arm64/libnative-filters.so 160773-160776
//my_stock/app/Instant/lib/arm64/libnative-imagetranscoder.so 160777-160833
//my_stock/app/Instant/lib/arm64/libnearmelog.so 160834-160842
//my_stock/app/Instant/lib/arm64/libqjsruntime.so 160843-161043
//my_stock/app/Instant/lib/arm64/libsentry-android.so 161044
//my_stock/app/Instant/lib/arm64/libsentry.so 161045-161124
//my_stock/app/Instant/lib/arm64/libspine.so 161125-161196
//my_stock/app/Instant/lib/arm64/libstatic-webp.so 161197-161273
//my_stock/app/Instant/lib/arm64/libv8runtime.so 161274-163244
//my_stock/app/Instant/lib/arm64/libyoga.so 163245-163272
//my_stock/app/Instant/oat/arm64/Instant.vdex 163277-163386
//my_stock/app/KeKePay/KeKePay.apk 163387-168151
//my_stock/app/KeKePay/lib/arm64/libAPSE_8.0.0.so 168156-168518
//my_stock/app/KeKePay/lib/arm64/libDXCaptcha-1.7.2.so 168519-168563
//my_stock/app/KeKePay/lib/arm64/libDXCaptcha-v1.8.1-oppo.ff0703cb.so 168564-168608
//my_stock/app/KeKePay/lib/arm64/libDXRisk-v6.1.7.6r-oppo.74a15db1.so 168609-168651
//my_stock/app/KeKePay/lib/arm64/libDXRiskComm-v6.1.7.6r-oppo.74a15db1.so 168652-168799
//my_stock/app/KeKePay/lib/arm64/libheytaplog.so 168800-168808
//my_stock/app/KeKePay/lib/arm64/libmmkv.so 168809-168882
//my_stock/app/KeKePay/lib/arm64/libmsp-core-lib.so 168883-168904
//my_stock/app/KeKePay/lib/arm64/libnesdk.so 168905-169102
//my_stock/app/KeKePay/lib/arm64/libwb_tables_459410001354613984_1.so 169103-169115
//my_stock/app/KeKePay/lib/arm64/libwbkit-seckit3.so 169116-169130
//my_stock/app/KeKePay/oat/arm64/KeKePay.vdex 169131-169205
//my_stock/app/LocationProxy/LocationProxy.apk 169206-170194
//my_stock/app/LocationProxy/oat/arm64/LocationProxy.vdex 170196-170212
//my_stock/app/MCS/MCS.apk 170213-173786
//my_stock/app/MCS/lib/arm64/libdcc_cipher.so 173791-173792
//my_stock/app/MCS/lib/arm64/libheytap_mcs_cipheralgo_fixed.so 173793-173794
//my_stock/app/MCS/lib/arm64/libmmkv.so 173795-173854
//my_stock/app/MCS/lib/arm64/liboplus_conscrypt_jni.so 173855-174132
//my_stock/app/MCS/oat/arm64/MCS.vdex 174133-174186
//my_stock/app/MSPService/MSPService.apk 174187-179975
//my_stock/app/Melody/Melody.apk 179980-184213
//my_stock/app/Melody/oat/arm64/Melody.vdex 184219-184262
//my_stock/app/OcrScanner/OcrScanner.apk 184263-194778
//my_stock/app/OcrScanner/oat/arm64/OcrScanner.vdex 194788-194827
//my_stock/app/OpenCapabilityService/OpenCapabilityService.apk 194828-195649
//my_stock/app/OpenCapabilityService/oat/arm64/OpenCapabilityService.vdex 195650-195667
//my_stock/app/OplusOperationManual/OplusOperationManual.apk 195668-199241
//my_stock/app/OplusOperationManual/oat/arm64/OplusOperationManual.vdex 199246-199290
//my_stock/app/OplusPhoneActivation/OplusPhoneActivation.apk 199291-200436
//my_stock/app/OplusPhoneActivation/oat/arm64/OplusPhoneActivation.vdex 200439-200456
//my_stock/app/OplusSecurityKeyboard/OplusSecurityKeyboard.apk 200457-200543
//my_stock/app/OppoCompass2/OppoCompass2.apk 200544-202117
//my_stock/app/OppoCompass2/oat/arm64/OppoCompass2.vdex 202120-202135
//my_stock/app/OppoWeather2/OppoWeather2.apk 202136-210057
//my_stock/app/OppoWeather2/oat/arm64/OppoWeather2.vdex 210064-210118
//my_stock/app/OppoWeatherService/OppoWeatherService.apk 210119-211695
//my_stock/app/OppoWeatherService/oat/arm64/OppoWeatherService.vdex 211698-211720
//my_stock/app/PhoneNOAreaInquireProvider/PhoneNOAreaInquireProvider.apk 211721-212460
//my_stock/app/PhoneNOAreaInquireProvider/oat/arm64/PhoneNOAreaInquireProvider.vdex 212461-212463
//my_stock/app/RomUpdate/RomUpdate.apk 212464-212815
//my_stock/app/RomUpdate/oat/arm64/RomUpdate.vdex 212816-212822
//my_stock/app/SceneMode/SceneMode.apk 212823-215223
//my_stock/app/SceneMode/oat/arm64/SceneMode.vdex 215226-215255
//my_stock/app/SecurePay/SecurePay.apk 215256-217281
//my_stock/app/SecurePay/oat/arm64/SecurePay.vdex 217284-217305
//my_stock/app/SecurityGuard/SecurityGuard.apk 217306-218024
//my_stock/app/SecurityGuard/oat/arm64/SecurityGuard.vdex 218025-218029
//my_stock/app/SmartEngine/SmartEngine.apk 218030-222091
//my_stock/app/SmartEngine/lib/arm64/libETC2Loader.so 222095
//my_stock/app/SmartEngine/oat/arm64/SmartEngine.vdex 222096-222126
//my_stock/app/SmartSideBar/SmartSideBar.apk 222127-225872
//my_stock/app/SmartSideBar/oat/arm64/SmartSideBar.vdex 225877-225927
//my_stock/app/SoftsimRedteaRoaming/SoftsimRedteaRoaming.apk 225928-232420
//my_stock/app/SoftsimRedteaRoaming/oat/arm64/SoftsimRedteaRoaming.vdex 232426-232469
//my_stock/app/VariUIEngine/VariUIEngine.apk 232470-234264
//my_stock/app/VariUIEngine/lib/arm64/libVFX.so 234267-234649
//my_stock/app/VariUIEngine/lib/arm64/libffavc.so 234650-234780
//my_stock/app/VariUIEngine/lib/arm64/libfilament-jni.so 234781-234994
//my_stock/app/VariUIEngine/lib/arm64/libfilament-utils-jni.so 234995-235051
//my_stock/app/VariUIEngine/lib/arm64/libglide-webp.so 235052-235111
//my_stock/app/VariUIEngine/lib/arm64/libgltfio-jni.so 235112-235669
//my_stock/app/VariUIEngine/lib/arm64/libhandpaintedeffects.so 235670-235719
//my_stock/app/VariUIEngine/lib/arm64/libliquidfun.so 235720-235762
//my_stock/app/VariUIEngine/lib/arm64/libliquidfun_jni.so 235763-235794
//my_stock/app/VariUIEngine/lib/arm64/liboplus_gifdecoder.so 235795-235821
//my_stock/app/VariUIEngine/lib/arm64/liboplusos_lunar.so 235822-235824
//my_stock/app/VariUIEngine/lib/arm64/libpag.so 235825-236159
//my_stock/app/VariUIEngine/oat/arm64/VariUIEngine.vdex 236160-236187
//my_stock/app/WallpaperChooser/WallpaperChooser.apk 236188-247384
//my_stock/app/WallpaperChooser/oat/arm64/WallpaperChooser.vdex 247392-247425
//my_stock/app/WifiBackupRestore/WifiBackupRestore.apk 247426-249099
//my_stock/app/ambientalert/ambientalert.apk 249102-249713
//my_stock/app/ambientalert/oat/arm64/ambientalert.vdex 249714-249725
//my_stock/applist/applist.txt 249726
//my_stock/del-app/BackupAndRestore/BackupAndRestore.apk 249727-254612
//my_stock/del-app/INOnePlusStore/INOnePlusStore.apk 254617-265991
//my_stock/del-app/NewSoundRecorder/NewSoundRecorder.apk 265999-273643
//my_stock/del-app/OPBreathMode/OPBreathMode.apk 273651-288196
//my_stock/del-app/OPForum/OPForum.apk 288207-294048
//my_stock/del-app/OPWidget/OPWidget.apk 294053-294207
//my_stock/del-app/OppoNote2/OppoNote2.apk 294208-319365
//my_stock/del-app/OppoTranslation/OppoTranslation.apk 319381-330120
//my_stock/del-app/Pictorial/Pictorial.apk 330130-338168
//my_stock/del-app/RiderMode/RiderMode.apk 338177-339695
//my_stock/etc/NOTICE.xml.gz 339698-339729
//my_stock/etc/Operator_Ringback_Tone_List.xml 339730
//my_stock/etc/oplus_ridermode_config.xml 339731
//my_stock/etc/string_super_computing.zip 339732-339750
//my_stock/etc/sys_alipay_model_list.json 339751
//my_stock/etc/extension/com.oplus.app-features.xml 339752
//my_stock/etc/extension/config_clear_settings_provider_key_settings_app_op.xml 339753
//my_stock/etc/extension/config_processor_com.android.settings.xml 339754
//my_stock/etc/extension/sys_memory_nirvana_config.xml 339755
//my_stock/etc/extension/sys_osense_appmng_decisionmaker_config.xml 339756
//my_stock/etc/extension/sys_osense_feature_common_config.xml 339757
//my_stock/etc/extension/sys_osense_memory_config.xml 339758
//my_stock/etc/extension/sys_osense_memory_decisionmaker_config.xml 339759
//my_stock/etc/extension/sys_preload_config.xml 339760
//my_stock/etc/permissions/default_grant_permissions_list.xml 339761
//my_stock/etc/permissions/privapp-permissions-oplus-legacy.xml 339762
//my_stock/etc/permissions/privapp-permissions-oplus-product.xml 339763
//my_stock/etc/permissions/privapp-permissions-oplus.xml 339764
//my_stock/media/audio/alarms/Dynamic_Weather.ogg 339767-339934
//my_stock/media/audio/alarms/Rise.ogg 339935-340100
//my_stock/media/audio/dynamic/notifications/ClassElectronic1_1.ogg 340102-340105
//my_stock/media/audio/dynamic/notifications/ClassElectronic1_10.ogg 340106-340109
//my_stock/media/audio/dynamic/notifications/ClassElectronic1_11.ogg 340110-340113
//my_stock/media/audio/dynamic/notifications/ClassElectronic1_12.ogg 340114-340117
//my_stock/media/audio/dynamic/notifications/ClassElectronic1_13.ogg 340118-340121
//my_stock/media/audio/dynamic/notifications/ClassElectronic1_14.ogg 340122-340125
//my_stock/media/audio/dynamic/notifications/ClassElectronic1_2.ogg 340126-340129
//my_stock/media/audio/dynamic/notifications/ClassElectronic1_3.ogg 340130-340133
//my_stock/media/audio/dynamic/notifications/ClassElectronic1_4.ogg 340134-340137
//my_stock/media/audio/dynamic/notifications/ClassElectronic1_5.ogg 340138-340141
//my_stock/media/audio/dynamic/notifications/ClassElectronic1_6.ogg 340142-340145
//my_stock/media/audio/dynamic/notifications/ClassElectronic1_7.ogg 340146-340149
//my_stock/media/audio/dynamic/notifications/ClassElectronic1_8.ogg 340150-340153
//my_stock/media/audio/dynamic/notifications/ClassElectronic1_9.ogg 340154-340157
//my_stock/media/audio/dynamic/notifications/ClassElectronicPreview.ogg 340158-340211
//my_stock/media/audio/dynamic/notifications/Drop1_1.ogg 340212
//my_stock/media/audio/dynamic/notifications/Drop1_10.ogg 340213
//my_stock/media/audio/dynamic/notifications/Drop1_11.ogg 340214
//my_stock/media/audio/dynamic/notifications/Drop1_12.ogg 340215
//my_stock/media/audio/dynamic/notifications/Drop1_2.ogg 340216
//my_stock/media/audio/dynamic/notifications/Drop1_3.ogg 340217
//my_stock/media/audio/dynamic/notifications/Drop1_4.ogg 340218
//my_stock/media/audio/dynamic/notifications/Drop1_5.ogg 340219
//my_stock/media/audio/dynamic/notifications/Drop1_6.ogg 340220
//my_stock/media/audio/dynamic/notifications/Drop1_7.ogg 340221
//my_stock/media/audio/dynamic/notifications/Drop1_8.ogg 340222
//my_stock/media/audio/dynamic/notifications/Drop1_9.ogg 340223
//my_stock/media/audio/dynamic/notifications/DropPreview.ogg 340224-340248
//my_stock/media/audio/dynamic/notifications/Harp1_1.ogg 340249-340261
//my_stock/media/audio/dynamic/notifications/Harp1_10.ogg 340262-340276
//my_stock/media/audio/dynamic/notifications/Harp1_11.ogg 340277-340290
//my_stock/media/audio/dynamic/notifications/Harp1_12.ogg 340291-340305
//my_stock/media/audio/dynamic/notifications/Harp1_13.ogg 340306-340315
//my_stock/media/audio/dynamic/notifications/Harp1_14.ogg 340316-340326
//my_stock/media/audio/dynamic/notifications/Harp1_15.ogg 340327-340341
//my_stock/media/audio/dynamic/notifications/Harp1_16.ogg 340342-340350
//my_stock/media/audio/dynamic/notifications/Harp1_2.ogg 340351-340360
//my_stock/media/audio/dynamic/notifications/Harp1_3.ogg 340361-340373
//my_stock/media/audio/dynamic/notifications/Harp1_4.ogg 340374-340383
//my_stock/media/audio/dynamic/notifications/Harp1_5.ogg 340384-340396
//my_stock/media/audio/dynamic/notifications/Harp1_6.ogg 340397-340408
//my_stock/media/audio/dynamic/notifications/Harp1_7.ogg 340409-340418
//my_stock/media/audio/dynamic/notifications/Harp1_8.ogg 340419-340431
//my_stock/media/audio/dynamic/notifications/Harp1_9.ogg 340432-340444
//my_stock/media/audio/dynamic/notifications/HarpPreview.ogg 340445-340526
//my_stock/media/audio/dynamic/notifications/MusicBox1_1.ogg 340527-340534
//my_stock/media/audio/dynamic/notifications/MusicBox1_10.ogg 340535-340544
//my_stock/media/audio/dynamic/notifications/MusicBox1_2.ogg 340545-340553
//my_stock/media/audio/dynamic/notifications/MusicBox1_3.ogg 340554-340562
//my_stock/media/audio/dynamic/notifications/MusicBox1_4.ogg 340563-340570
//my_stock/media/audio/dynamic/notifications/MusicBox1_5.ogg 340571-340579
//my_stock/media/audio/dynamic/notifications/MusicBox1_6.ogg 340580-340587
//my_stock/media/audio/dynamic/notifications/MusicBox1_7.ogg 340588-340594
//my_stock/media/audio/dynamic/notifications/MusicBox1_8.ogg 340595-340603
//my_stock/media/audio/dynamic/notifications/MusicBox1_9.ogg 340604-340611
//my_stock/media/audio/dynamic/notifications/MusicBoxPreview.ogg 340612-340645
//my_stock/media/audio/easter_egg_call/mysterious.ogg 340675-340700
//my_stock/media/audio/notifications/A_gust_of_wind.ogg 340702-340706
//my_stock/media/audio/notifications/Allay.ogg 340707
//my_stock/media/audio/notifications/Allusion.ogg 340708-340712
//my_stock/media/audio/notifications/Amiable.ogg 340713-340720
//my_stock/media/audio/notifications/Blare.ogg 340721-340726
//my_stock/media/audio/notifications/Blink.ogg 340727-340733
//my_stock/media/audio/notifications/Blissful.ogg 340734-340742
//my_stock/media/audio/notifications/Brisk.ogg 340743-340745
//my_stock/media/audio/notifications/Bubble.ogg 340746
//my_stock/media/audio/notifications/Cheerful.ogg 340747-340748
//my_stock/media/audio/notifications/Clear.ogg 340749-340751
//my_stock/media/audio/notifications/Clouds.ogg 340752-340761
//my_stock/media/audio/notifications/Comely.ogg 340762-340768
//my_stock/media/audio/notifications/Cozy.ogg 340769-340778
//my_stock/media/audio/notifications/Crystal.ogg 340779-340786
//my_stock/media/audio/notifications/Dew_on_the_bamboo.ogg 340787-340792
//my_stock/media/audio/notifications/Ding.ogg 340793-340799
//my_stock/media/audio/notifications/Dragonfly.ogg 340800-340804
//my_stock/media/audio/notifications/Droplets.ogg 340805-340809
//my_stock/media/audio/notifications/Effervesce.ogg 340810-340813
//my_stock/media/audio/notifications/Elegant.ogg 340814-340821
//my_stock/media/audio/notifications/Fairy_realm.ogg 340822-340832
//my_stock/media/audio/notifications/Free.ogg 340833-340839
//my_stock/media/audio/notifications/Full_moon.ogg 340840-340846
//my_stock/media/audio/notifications/Glistening.ogg 340847-340855
//my_stock/media/audio/notifications/Hallucination.ogg 340856-340861
//my_stock/media/audio/notifications/Inbound.ogg 340862-340868
//my_stock/media/audio/notifications/Light.ogg 340869-340871
//my_stock/media/audio/notifications/Meet.ogg 340872-340876 340877
//my_stock/media/audio/notifications/Naivety.ogg 340878-340885
//my_stock/media/audio/notifications/Quickly.ogg 340886-340888
//my_stock/media/audio/notifications/Raindrop.ogg 340889-340896
//my_stock/media/audio/notifications/Reverberation.ogg 340897-340907
//my_stock/media/audio/notifications/Rhythm.ogg 340908-340910
//my_stock/media/audio/notifications/Serenity.ogg 340911-340918
//my_stock/media/audio/notifications/Shooting_star.ogg 340919-340928
//my_stock/media/audio/notifications/Slipping.ogg 340929-340934
//my_stock/media/audio/notifications/Sliver_of_light.ogg 340935-340942
//my_stock/media/audio/notifications/Snow_underfoot.ogg 340943-340950
//my_stock/media/audio/notifications/Snowflake.ogg 340951-340956
//my_stock/media/audio/notifications/Splash.ogg 340957-340965
//my_stock/media/audio/notifications/Surprise.ogg 340966-340970
//my_stock/media/audio/notifications/Twinkle.ogg 340971-340979
//my_stock/media/audio/notifications/Warming_sun.ogg 340980-340986
//my_stock/media/audio/notifications/Whoop_doop.ogg 340987
//my_stock/media/audio/notifications/Wind_chime.ogg 340988-340994
//my_stock/media/audio/ringtones/Alacrity.ogg 341009-341104
//my_stock/media/audio/ringtones/Alarm_clock.ogg 341105-341113
//my_stock/media/audio/ringtones/Amenity.ogg 341114-341161
//my_stock/media/audio/ringtones/Beep.ogg 341162-341170
//my_stock/media/audio/ringtones/Blanket_of_snow.ogg 341171-341237
//my_stock/media/audio/ringtones/Blues.ogg 341238-341308
//my_stock/media/audio/ringtones/Bounce.ogg 341309-341344
//my_stock/media/audio/ringtones/Breeze.ogg 341345-341466
//my_stock/media/audio/ringtones/Calm.ogg 341467-341492
//my_stock/media/audio/ringtones/Chase.ogg 341493-341687
//my_stock/media/audio/ringtones/Climber.ogg 341688-342189
//my_stock/media/audio/ringtones/Cloud.ogg 342190-342256
//my_stock/media/audio/ringtones/Cloudscape.ogg 342257-342356
//my_stock/media/audio/ringtones/Cyclotron.ogg 342357-342418
//my_stock/media/audio/ringtones/Dawn.ogg 342419-342549
//my_stock/media/audio/ringtones/Distinct.ogg 342550-342572
//my_stock/media/audio/ringtones/Dream.ogg 342573-342706
//my_stock/media/audio/ringtones/Drizzling.ogg 342707-342804
//my_stock/media/audio/ringtones/Dynamic.ogg 342805-342876
//my_stock/media/audio/ringtones/Eager.ogg 342877-342965
//my_stock/media/audio/ringtones/Ebullition.ogg 342966-343026
//my_stock/media/audio/ringtones/Echo.ogg 343027-343087
//my_stock/media/audio/ringtones/Expect.ogg 343088-343118
//my_stock/media/audio/ringtones/Fanatical.ogg 343119-343208
//my_stock/media/audio/ringtones/Far_away.ogg 343209-343308
//my_stock/media/audio/ringtones/First_rays.ogg 343309-343355
//my_stock/media/audio/ringtones/Fluttering.ogg 343356-343439
//my_stock/media/audio/ringtones/Flyer.ogg 343440-343515
//my_stock/media/audio/ringtones/Forest_morning.ogg 343516-343607
//my_stock/media/audio/ringtones/Friendship.ogg 343608-343696
//my_stock/media/audio/ringtones/Funky.ogg 343697-343730
//my_stock/media/audio/ringtones/Good_energy.ogg 343731-343831
//my_stock/media/audio/ringtones/Guitar.ogg 343832-343892
//my_stock/media/audio/ringtones/Harping.ogg 343893-343943
//my_stock/media/audio/ringtones/Highlight.ogg 343944-343975
//my_stock/media/audio/ringtones/Idyl.ogg 343976-344041
//my_stock/media/audio/ringtones/Innocence.ogg 344042-344119
//my_stock/media/audio/ringtones/Interesting.ogg 344120-344228
//my_stock/media/audio/ringtones/Jazz_life.ogg 344229-344304
//my_stock/media/audio/ringtones/Journey.ogg 344305-344395
//my_stock/media/audio/ringtones/Joyous.ogg 344396-344418
//my_stock/media/audio/ringtones/Lazy.ogg 344419-344487
//my_stock/media/audio/ringtones/Leisurely.ogg 344488-344551
//my_stock/media/audio/ringtones/Lotus_by_moonlight.ogg 344552-344635
//my_stock/media/audio/ringtones/Marimba.ogg 344636-344667
//my_stock/media/audio/ringtones/Meditation.ogg 344668-344749
//my_stock/media/audio/ringtones/Memory.ogg 344750-344852
//my_stock/media/audio/ringtones/Mystical.ogg 344853-344918
//my_stock/media/audio/ringtones/Nature.ogg 344919-344981
//my_stock/media/audio/ringtones/Night_sky.ogg 344982-345053
//my_stock/media/audio/ringtones/Old_telephone.ogg 345054-345072
//my_stock/media/audio/ringtones/OnePlus_new_feeling.ogg 345073-345142
//my_stock/media/audio/ringtones/OnePlus_tune.ogg 345143-345200
//my_stock/media/audio/ringtones/OnePlus_tune_rhythm.ogg 345201-345278
//my_stock/media/audio/ringtones/Optimistic.ogg 345279-345356
//my_stock/media/audio/ringtones/Piano.ogg 345357-345438
//my_stock/media/audio/ringtones/Rainforest.ogg 345439-345517
//my_stock/media/audio/ringtones/Relieved.ogg 345518-345616
//my_stock/media/audio/ringtones/Ripple.ogg 345617-345646
//my_stock/media/audio/ringtones/Shimmer.ogg 345647-345678
//my_stock/media/audio/ringtones/Slowly.ogg 345679-346213
//my_stock/media/audio/ringtones/Snow_falling.ogg 346214-346289
//my_stock/media/audio/ringtones/Spring.ogg 346290-346460
//my_stock/media/audio/ringtones/Stars.ogg 346461-346549
//my_stock/media/audio/ringtones/Summer_beach.ogg 346550-346607
//my_stock/media/audio/ringtones/Summer_night.ogg 346608-346684
//my_stock/media/audio/ringtones/Sun_glittering.ogg 346685-346753
//my_stock/media/audio/ringtones/Sunlight_on_snow.ogg 346754-346812
//my_stock/media/audio/ringtones/Sunrise.ogg 346813-346836
//my_stock/media/audio/ringtones/Sunset.ogg 346837-346949
//my_stock/media/audio/ringtones/Surging.ogg 346950-346998
//my_stock/media/audio/ringtones/Tactfully.ogg 346999-347198
//my_stock/media/audio/ringtones/The_wind.ogg 347199-347285
//my_stock/media/audio/ringtones/Tranquil.ogg 347286-347376
//my_stock/media/audio/ringtones/Twinkling_stars.ogg 347377-347455
//my_stock/media/audio/ringtones/Verdant_lotus_pond.ogg 347456-347509
//my_stock/media/audio/ringtones/Waking_city.ogg 347510-347582
//my_stock/media/audio/ringtones/Walking_in_the_rain.ogg 347583-347659
//my_stock/media/audio/ringtones/Whirl.ogg 347660-347701
//my_stock/media/audio/ui/Usb.ogg 347715-347717
//my_stock/media/audio/ui/VolumePanelSound.ogg 347718
//my_stock/media/audio/ui/WheelPicker.ogg 347719
//my_stock/media/audio/ui/camera_click.wav 347720-347742
//my_stock/media/audio/ui/charge.mp3 347743-347744
//my_stock/media/audio/ui/cover.mp3 347745-347747
//my_stock/media/audio/ui/critical_lowbattery.ogg 347748-347751
//my_stock/media/audio/ui/delete.mp3 347752
//my_stock/media/audio/ui/delete3.mp3 347753-347757
//my_stock/media/audio/ui/dew.wav 347758
//my_stock/media/audio/ui/ebook_open.mp3 347759-347762
//my_stock/media/audio/ui/ebook_open2.mp3 347763-347764
//my_stock/media/audio/ui/ebook_page1.mp3 347765-347777
//my_stock/media/audio/ui/ebook_page3.mp3 347778-347785
//my_stock/media/audio/ui/error.mp3 347786-347787
//my_stock/media/audio/ui/extended_effect_a.ogg 347788-347792
//my_stock/media/audio/ui/extended_effect_b.ogg 347793-347800
//my_stock/media/audio/ui/full_battery.ogg 347801-347803
//my_stock/media/audio/ui/global_delete.ogg 347804 347805
//my_stock/media/audio/ui/inefficacy.mp3 347806-347807
//my_stock/media/audio/ui/lomo_click.mp3 347808-347809
//my_stock/media/audio/ui/lowbattery.mp3 347810-347816
//my_stock/media/audio/ui/machine.mp3 347817-347821
//my_stock/media/audio/ui/mechanism_down.ogg 347822-347827
//my_stock/media/audio/ui/mechanism_up.ogg 347828-347832
//my_stock/media/audio/ui/normal_lowbattery.ogg 347833-347837
//my_stock/media/audio/ui/numberpicker_click.ogg 347838
//my_stock/media/audio/ui/powerlow.mp3 347839-347845
//my_stock/media/audio/ui/poweroff.mp3 347846-347891
//my_stock/media/audio/ui/poweron.mp3 347892-347937
//my_stock/media/audio/ui/pure_music_down.ogg 347938-347943
//my_stock/media/audio/ui/pure_music_up.ogg 347944-347948
//my_stock/media/audio/ui/slight_feedback.ogg 347949
//my_stock/media/audio/ui/sound_10s.mp3 347950-347999
//my_stock/media/audio/ui/sound_5s.mp3 348000-348022
//my_stock/media/audio/ui/technology_down.ogg 348023-348026
//my_stock/media/audio/ui/technology_up.ogg 348027-348031
//my_stock/media/audio/ui/touch.mp3 348032
//my_stock/media/audio/ui/touch2.mp3 348033-348034
//my_stock/media/audio/ui/touch3.mp3 348035-348037
//my_stock/media/audio/ui/uncover.mp3 348038-348040
//my_stock/media/audio/ui/warning3.mp3 348041-348042
//my_stock/media/audio/ui/warrning.mp3 348043-348044
//my_stock/media/audio/ui/weather_alarm_cloud.ogg 348045-348129
//my_stock/media/audio/ui/weather_alarm_cloud2.ogg 348130-348214
//my_stock/media/audio/ui/weather_alarm_cloud3.ogg 348215-348294
//my_stock/media/audio/ui/weather_alarm_cloud4.ogg 348295-348356
//my_stock/media/audio/ui/weather_alarm_default.ogg 348357-348479
//my_stock/media/audio/ui/weather_alarm_haze.ogg 348480-348547
//my_stock/media/audio/ui/weather_alarm_haze2.ogg 348548-348612
//my_stock/media/audio/ui/weather_alarm_rain.ogg 348613-348679
//my_stock/media/audio/ui/weather_alarm_rain2.ogg 348680-348740
//my_stock/media/audio/ui/weather_alarm_snow.ogg 348741-348814
//my_stock/media/audio/ui/weather_alarm_snow2.ogg 348815-348956
//my_stock/media/audio/ui/weather_alarm_sun.ogg 348957-349043
//my_stock/media/audio/ui/weather_alarm_sun2.ogg 349044-349128
//my_stock/media/audio/ui/weather_alarm_sun3.ogg 349129-349292
//my_stock/media/audio/ui/weather_alarm_sun4.ogg 349293-349377
//my_stock/media/audio/ui/weather_alarm_thunderstorm.ogg 349378-349442
//my_stock/media/audio/ui/weather_alarm_thunderstorm2.ogg 349443-349558
//my_stock/media/audio/ui/weather_alarm_thunderstorm3.ogg 349559-349619
//my_stock/media/audio/ui/weather_alarm_wind.ogg 349620-349692
//my_stock/media/audio/ui/weather_alarm_wind2.ogg 349693-349777
//my_stock/media/theme/uxicons/morph_icons_whitelist.xml 349791-349792
//my_stock/non_overlay/app/OBrain/OBrain.apk 349793-350318
//my_stock/opex/Omoji.opex 350319-376447
//my_stock/oplus/startup_config.xml 376465
//my_stock/oplus/startup_manager.xml 376466-376468
//my_stock/oplus/sys_alarm_filterpackages_list.xml 376469
//my_stock/overlay/market_exp_overlay.apk 376470-376508
//my_stock/overlay/OplusFwkResOverlay/OplusFwkResOverlay.apk 376509-376516
//my_stock/overlay/OplusSystemuiResOverlay/OplusSystemuiResOverlay.apk 376517-376540
//my_stock/priv-app/AccessoryFramework/AccessoryFramework.apk 376542-384007
//my_stock/priv-app/AccessoryFramework/oat/arm64/AccessoryFramework.vdex 384015-384109
//my_stock/priv-app/BlackListApp/BlackListApp.apk 384110-385954
//my_stock/priv-app/BlackListApp/oat/arm64/BlackListApp.vdex 385957-385988
//my_stock/priv-app/ColorfulEngine/ColorfulEngine.apk 385989-390768
//my_stock/priv-app/ColorfulEngine/oat/arm64/ColorfulEngine.vdex 390774-390817
//my_stock/priv-app/Contacts/Contacts.apk 390818-399825
//my_stock/priv-app/Contacts/Contacts.apk.prof 399826-399828
//my_stock/priv-app/Contacts/oat/arm64/Contacts.art 399837-400046
//my_stock/priv-app/Contacts/oat/arm64/Contacts.odex 400047-400622
//my_stock/priv-app/Contacts/oat/arm64/Contacts.vdex 400623-400697
//my_stock/priv-app/ContentPortal/ContentPortal.apk 400699-403266
//my_stock/priv-app/Cota/Cota.apk 403270-404797
//my_stock/priv-app/Cota/oat/arm64/Cota.vdex 404800-404822
//my_stock/priv-app/DCS/DCS.apk 404823-406588
//my_stock/priv-app/DCS/oat/arm64/DCS.vdex 406591-406620
//my_stock/priv-app/DSF/DSF.apk 406621-408554
//my_stock/priv-app/DSF/oat/arm64/DSF.vdex 408557-408582
//my_stock/priv-app/DeviceIntegrationService/DeviceIntegrationService.apk 408583-409013
//my_stock/priv-app/DeviceIntegrationService/oat/arm64/DeviceIntegrationService.vdex 409014-409021
//my_stock/priv-app/GlobalSearch/GlobalSearch.apk 409022-419377
//my_stock/priv-app/GlobalSearch/oat/arm64/GlobalSearch.vdex 419388-419542
//my_stock/priv-app/HeyCast/HeyCast.apk 419543-421124
//my_stock/priv-app/HeyCast/oat/arm64/HeyCast.vdex 421127-421148
//my_stock/priv-app/InCallUI/InCallUI.apk 421149-424162
//my_stock/priv-app/InCallUI/oat/arm64/InCallUI.vdex 424166-424203
//my_stock/priv-app/KeKeMarket/KeKeMarket.apk 424204-436301
//my_stock/priv-app/KeKeMarket/oat/arm64/KeKeMarket.vdex 436314-436497
//my_stock/priv-app/KeKeThemeSpace/KeKeThemeSpace.apk 436498-454359
//my_stock/priv-app/KeKeThemeSpace/oat/arm64/KeKeThemeSpace.vdex 454377-454601
//my_stock/priv-app/KeKeUserCenter/KeKeUserCenter.apk 454602-464919
//my_stock/priv-app/KeKeUserCenter/oat/arm64/KeKeUserCenter.vdex 464927-464990
//my_stock/priv-app/LinktoWindows/LinktoWindows.apk 464991-476922
//my_stock/priv-app/LinktoWindows/oat/arm64/LinktoWindows.vdex 476935-477114
//my_stock/priv-app/LockAssistant/LockAssistant.apk 477115-478609
//my_stock/priv-app/LockAssistant/oat/arm64/LockAssistant.vdex 478612-478642
//my_stock/priv-app/MDSService/MDSService.apk 478643-479545
//my_stock/priv-app/MDSService/oat/arm64/MDSService.vdex 479546-479557
//my_stock/priv-app/MediaTurbo/MediaTurbo.apk 479558-480418
//my_stock/priv-app/MediaTurbo/oat/arm64/MediaTurbo.vdex 480420-480433
//my_stock/priv-app/Metis/Metis.apk 480434-483153
//my_stock/priv-app/Metis/oat/arm64/Metis.vdex 483157-483216
//my_stock/priv-app/Mms/Mms.apk 483217-493262
//my_stock/priv-app/Mms/Mms.apk.prof 493263-493266
//my_stock/priv-app/Mms/oat/arm64/Mms.art 493277-493360
//my_stock/priv-app/Mms/oat/arm64/Mms.odex 493361-493846
//my_stock/priv-app/Mms/oat/arm64/Mms.vdex 493847-493943
//my_stock/priv-app/MyDevices/MyDevices.apk 493944-498395
//my_stock/priv-app/MyDevices/oat/arm64/MyDevices.vdex 498400-498442
//my_stock/priv-app/NumberRecognition/NumberRecognition.apk 498443-500385
//my_stock/priv-app/NumberRecognition/oat/arm64/NumberRecognition.vdex 500389-500406
//my_stock/priv-app/OPMemberShip/OPMemberShip.apk 500407-504813
//my_stock/priv-app/OPMemberShip/oat/arm64/OPMemberShip.vdex 504819-504893
//my_stock/priv-app/OPSynergy/OPSynergy.apk 504894-511140
//my_stock/priv-app/OPSynergy/oat/arm64/OPSynergy.vdex 511148-511229
//my_stock/priv-app/OShare/OShare.apk 511230-514520
//my_stock/priv-app/OShare/oat/arm64/OShare.vdex 514524-514573
//my_stock/priv-app/Omacp/Omacp.apk 514574-515449
//my_stock/priv-app/Omacp/oat/arm64/Omacp.vdex 515451-515465
//my_stock/priv-app/OplusBootReg/OplusBootReg.apk 515466-521775
//my_stock/priv-app/OplusBootReg/OplusBootReg.apk.prof 521776
//my_stock/priv-app/OplusBootReg/oat/arm64/OplusBootReg.art 521784-521838
//my_stock/priv-app/OplusBootReg/oat/arm64/OplusBootReg.odex 521839-522012
//my_stock/priv-app/OplusBootReg/oat/arm64/OplusBootReg.vdex 522013-522060
//my_stock/priv-app/OplusGames/OplusGames.apk 522061-540102
//my_stock/priv-app/OplusGames/oat/arm64/OplusGames.vdex 540120-540343
//my_stock/priv-app/OplusScreenRecorder/OplusScreenRecorder.apk 540344-542645
//my_stock/priv-app/OplusScreenRecorder/oat/arm64/OplusScreenRecorder.vdex 542649-542676
//my_stock/priv-app/OppoGallery2/OppoGallery2.apk 542677-590726
//my_stock/priv-app/OppoGallery2/OppoGallery2.apk.prof 590727-590731
//my_stock/priv-app/OppoGallery2/oat/arm64/OppoGallery2.art 590772-591245
//my_stock/priv-app/OppoGallery2/oat/arm64/OppoGallery2.odex 591246-591546
//my_stock/priv-app/OppoGallery2/oat/arm64/OppoGallery2.vdex 591547-591847
//my_stock/priv-app/OppoTranslationService/OppoTranslationService.apk 591848-591855
//my_stock/priv-app/PhoneManager/PhoneManager.apk 591856-604836
//my_stock/priv-app/PhoneManager/lib/arm64/libaiunit_sdk_core.so 604848-604849
//my_stock/priv-app/PhoneManager/lib/arm64/libcrypto.so 604850-604875
//my_stock/priv-app/PhoneManager/lib/arm64/libmmkv.so 604876-604957
//my_stock/priv-app/SandboxRuntime/SandboxRuntime.apk 604958-604990
//my_stock/priv-app/SandboxRuntime/oat/arm64/SandboxRuntime.vdex 604991
//my_stock/priv-app/SceneService/SceneService.apk 604992-610275
//my_stock/priv-app/Screenshot/Screenshot.apk 610281-616149
//my_stock/priv-app/Screenshot/oat/arm64/Screenshot.vdex 616155-616197
//my_stock/priv-app/StdSP/StdSP.apk 616198-636106
//my_stock/priv-app/StdSP/oat/arm64/StdSP.vdex 636121-636139
//my_stock/priv-app/UMS/UMS.apk 636140-644692
//my_stock/priv-app/UMS/oat/arm64/UMS.vdex 644700-644757
//my_stock/priv-app/VideoGallery/VideoGallery.apk 644758-657263
//my_stock/priv-app/Wallpapers/Wallpapers.apk 657274-671813
//my_stock/priv-app/Wallpapers/oat/arm64/Wallpapers.vdex 671825-671933
//my_stock/priv-app/dmp/dmp.apk 671934-679861
//my_stock/priv-app/dmp/oat/arm64/dmp.vdex 679870-680020
