//my_stock/app/AIMemory/AIMemory.apk 1-10070
//my_stock/app/AIMemory/lib/arm64/libaiunit_sdk_core.so 10079-10080
//my_stock/app/AIMemory/lib/arm64/libscan_engine_decode.so 10081-10550
//my_stock/app/AIMemory/lib/arm64/libscan_engine_detect.so 10551-10893
//my_stock/app/AIMemory/lib/arm64/libtensorflowlite.so 10895-11249
//my_stock/app/AIUnit/AIUnit.apk 11250-31141
//my_stock/app/AIUnit/lib/arm64/libQnnDsp.so 31154-31326
//my_stock/app/AIUnit/lib/arm64/libQnnDspV65Stub.so 31327-31368
//my_stock/app/AIUnit/lib/arm64/libQnnDspV66Stub.so 31369-31401
//my_stock/app/AIUnit/lib/arm64/libQnnHtp.so 31402-31655
//my_stock/app/AIUnit/lib/arm64/libQnnHtpNetRunExtensions.so 31656-31738
//my_stock/app/AIUnit/lib/arm64/libQnnHtpPrepare.so 31739-38176
//my_stock/app/AIUnit/lib/arm64/libQnnHtpV68Stub.so 38184-38234
//my_stock/app/AIUnit/lib/arm64/libQnnHtpV69Stub.so 38235-38286
//my_stock/app/AIUnit/lib/arm64/libQnnHtpV73Stub.so 38287-38339
//my_stock/app/AIUnit/lib/arm64/libQnnHtpV75Stub.so 38340-38392
//my_stock/app/AIUnit/lib/arm64/libQnnHtpV79Stub.so 38393-38445
//my_stock/app/AIUnit/lib/arm64/libQnnSystem.so 38446-38662
//my_stock/app/AIUnit/lib/arm64/libaiboost.so 38663-39756
//my_stock/app/AIUnit/lib/arm64/libaiboost_llm.so 39759-39825
//my_stock/app/AIUnit/lib/arm64/libaiboost_neuron_delegate.so 39826-39915
//my_stock/app/AIUnit/lib/arm64/libaiboost_qnn_external_delegate.so 39916-40033
//my_stock/app/AIUnit/lib/arm64/libaiunit_framework.so 40034-40126
//my_stock/app/AIUnit/lib/arm64/libaiunit_framework_jni.so 40127-40138
//my_stock/app/AIUnit/lib/arm64/libaiunit_sdk_core.so 40139-40140
//my_stock/app/AIUnit/lib/arm64/libc++.so 40141-40213
//my_stock/app/AIUnit/lib/arm64/libc++_shared.so 40214-40310
//my_stock/app/AIUnit/lib/arm64/libcore_tokenizers.so 40311-41538
//my_stock/app/AIUnit/lib/arm64/libdatastore_shared_counter.so 41540
//my_stock/app/AIUnit/lib/arm64/libdmabufheap.so 41541-41552
//my_stock/app/AIUnit/lib/arm64/libheytaplog.so 41553-41561
//my_stock/app/AIUnit/lib/arm64/libmtk_llm.so 41562-41862
//my_stock/app/AIUnit/lib/arm64/libopencv_java4.so 41863-44113
//my_stock/app/AIUnit/lib/arm64/libqcom_llm.so 44117-44412
//my_stock/app/AIUnit/lib/arm64/libsqlcipher.so 44413-44902
//my_stock/app/AIUnit/lib/arm64/libtransformer_lite.so 44903-45395
//my_stock/app/AIUnit/oat/arm64/AIUnit.vdex 45397-45448
//my_stock/app/ARCore/ARCore.apk 45449-45730
//my_stock/app/Aod/Aod.apk 45731-54705
//my_stock/app/Aod/lib/arm64/libVFX.so 54712-55094
//my_stock/app/Aod/lib/arm64/libhandpaintedeffects.so 55095-55144
//my_stock/app/Aod/lib/arm64/liboplus_gifdecoder.so 55145-55171
//my_stock/app/Aod/lib/arm64/liboplus_image_process.so 55172-55173
//my_stock/app/Aod/lib/arm64/liboplusos_lunar.so 55174-55176
//my_stock/app/Aod/oat/arm64/Aod.vdex 55177-55201
//my_stock/app/AssistantScreen/AssistantScreen.apk 55202-64599
//my_stock/app/AssistantScreen/oat/arm64/AssistantScreen.vdex 64608-64723
//my_stock/app/BeaconLink/BeaconLink.apk 64724-68050
//my_stock/app/BeaconLink/oat/arm64/BeaconLink.vdex 68055-68085
//my_stock/app/Browser/Browser.apk 68086-103614
//my_stock/app/COSA/COSA.apk 103644-108842
//my_stock/app/COSA/oat/arm64/COSA.vdex 108848-108872
//my_stock/app/Calculator2/Calculator2.apk 108873-111308
//my_stock/app/Calculator2/oat/arm64/Calculator2.vdex 111312-111337
//my_stock/app/ChildrenSpace/ChildrenSpace.apk 111338-118714
//my_stock/app/ChildrenSpace/oat/arm64/ChildrenSpace.vdex 118720-118746
//my_stock/app/ChromePartnerProvider/ChromePartnerProvider.apk 118747-118936
//my_stock/app/ChromePartnerProvider/oat/arm64/ChromePartnerProvider.vdex 118937-118939
//my_stock/app/Clock/Clock.apk 118940-124195
//my_stock/app/Clock/lib/arm64/libwatergradient.so 124200-124224
//my_stock/app/CloudService/CloudService.apk 124225-130260
//my_stock/app/ColorAccessibilityAssistant/ColorAccessibilityAssistant.apk 130265-134960
//my_stock/app/ColorAccessibilityAssistant/oat/arm64/ColorAccessibilityAssistant.vdex 134966-135006
//my_stock/app/ColorDirectService/ColorDirectService.apk 135007-139108
//my_stock/app/ColorDirectService/oat/arm64/ColorDirectService.vdex 139113-139162
//my_stock/app/EmailPartnerProvider/EmailPartnerProvider.apk 139163-139355
//my_stock/app/EmailPartnerProvider/oat/arm64/EmailPartnerProvider.vdex 139356-139358
//my_stock/app/FileEncryption/FileEncryption.apk 139359-140816
//my_stock/app/FileEncryption/oat/arm64/FileEncryption.vdex 140819-140844
//my_stock/app/FileManager/FileManager.apk 140845-146019
//my_stock/app/FileManager/FileManager.apk.prof 146025-146026
//my_stock/app/FileManager/oat/arm64/FileManager.art 146027-146187
//my_stock/app/FileManager/oat/arm64/FileManager.odex 146188-146494
//my_stock/app/FileManager/oat/arm64/FileManager.vdex 146495-146585
//my_stock/app/FloatAssistant/FloatAssistant.apk 146586-151465
//my_stock/app/FloatAssistant/oat/arm64/FloatAssistant.vdex 151472-151497
//my_stock/app/KeKePay/KeKePay.apk 151498-156048
//my_stock/app/KeKePay/lib/arm64/libAPSE_8.0.0.so 156053-156415
//my_stock/app/KeKePay/lib/arm64/libDXCaptcha-1.7.2.so 156416-156460
//my_stock/app/KeKePay/lib/arm64/libDXCaptcha-v1.8.0-oppo.a568ba6d.so 156461-156505
//my_stock/app/KeKePay/lib/arm64/libDXRisk-v6.1.7.5r-oppo.dda1a1a5.so 156506-156548
//my_stock/app/KeKePay/lib/arm64/libDXRiskComm-v6.1.7.5r-oppo.dda1a1a5.so 156549-156716
//my_stock/app/KeKePay/lib/arm64/libheytaplog.so 156717-156725
//my_stock/app/KeKePay/lib/arm64/libmmkv.so 156726-156799
//my_stock/app/KeKePay/lib/arm64/libmsp-core-lib.so 156800-156821
//my_stock/app/KeKePay/lib/arm64/libnesdk.so 156822-157019
//my_stock/app/KeKePay/lib/arm64/libopluslog.so 157020-157028
//my_stock/app/KeKePay/lib/arm64/libwb_tables_459410001354613984_1.so 157029-157041
//my_stock/app/KeKePay/lib/arm64/libwbkit-seckit3.so 157042-157056
//my_stock/app/KeKePay/oat/arm64/KeKePay.vdex 157057-157123
//my_stock/app/LocationProxy/LocationProxy.apk 157124-158112
//my_stock/app/LocationProxy/oat/arm64/LocationProxy.vdex 158114-158130
//my_stock/app/MCS/MCS.apk 158131-161023
//my_stock/app/MCS/lib/arm64/libdcc_cipher.so 161027-161028
//my_stock/app/MCS/lib/arm64/libheytap_mcs_cipheralgo_fixed.so 161029-161030
//my_stock/app/MCS/lib/arm64/libmmkv.so 161031-161088
//my_stock/app/MCS/oat/arm64/MCS.vdex 161089-161137
//my_stock/app/MSPService/MSPService.apk 161138-165876
//my_stock/app/Melody/Melody.apk 165881-169886
//my_stock/app/Melody/oat/arm64/Melody.vdex 169891-169927
//my_stock/app/OcrScanner/OcrScanner.apk 169928-178786
//my_stock/app/OcrScanner/oat/arm64/OcrScanner.vdex 178795-178831
//my_stock/app/OpenCapabilityService/OpenCapabilityService.apk 178832-180293
//my_stock/app/OpenCapabilityService/oat/arm64/OpenCapabilityService.vdex 180296-180320
//my_stock/app/OplusOperationManual/OplusOperationManual.apk 180321-184141
//my_stock/app/OplusOperationManual/oat/arm64/OplusOperationManual.vdex 184146-184191
//my_stock/app/OplusPhoneActivation/OplusPhoneActivation.apk 184192-185420
//my_stock/app/OplusPhoneActivation/oat/arm64/OplusPhoneActivation.vdex 185423-185441
//my_stock/app/OplusSecurityKeyboard/OplusSecurityKeyboard.apk 185442-185528
//my_stock/app/OppoWeather2/OppoWeather2.apk 185529-191157
//my_stock/app/OppoWeather2/oat/arm64/OppoWeather2.vdex 191163-191211
//my_stock/app/OppoWeatherService/OppoWeatherService.apk 191212-192632
//my_stock/app/OppoWeatherService/oat/arm64/OppoWeatherService.vdex 192635-192655
//my_stock/app/PhoneNOAreaInquireProvider/PhoneNOAreaInquireProvider.apk 192656-193384
//my_stock/app/PhoneNOAreaInquireProvider/oat/arm64/PhoneNOAreaInquireProvider.vdex 193385-193387
//my_stock/app/Portrait/Portrait.apk 193388-203672
//my_stock/app/Portrait/lib/arm64/libAncSegBaseJni.so 203679-203720
//my_stock/app/Portrait/lib/arm64/libAncSegBaseSdk.so 203721-204246
//my_stock/app/Portrait/lib/arm64/libCaptureBokeh.so 204247-204354
//my_stock/app/Portrait/lib/arm64/libMNN.so 204355-204524
//my_stock/app/Portrait/lib/arm64/libNvEffectSdkCore.so 204525-205624
//my_stock/app/Portrait/lib/arm64/libancbase_segbase.so 205627-207217
//my_stock/app/Portrait/lib/arm64/libc++_shared.so 207220-207307
//my_stock/app/Portrait/lib/arm64/libcvface_api.so 207308-210608
//my_stock/app/Portrait/lib/arm64/libgraphics-lib.so 210612-210636
//my_stock/app/Portrait/lib/arm64/libimageProcessing.so 210637-210649
//my_stock/app/Portrait/lib/arm64/libjni_cvface_api.so 210650-210678
//my_stock/app/Portrait/lib/arm64/libmsai.so 210679-211039
//my_stock/app/Portrait/lib/arm64/libop-aod-bokeh-jni.qti.so 211040-211061
//my_stock/app/Portrait/lib/arm64/libopencv_java4.so 211062-213217
//my_stock/app/Portrait/lib/arm64/liboplus_image_process.so 213221-213222
//my_stock/app/Portrait/lib/arm64/libyuv2.so 213223-213261
//my_stock/app/Portrait/oat/arm64/Portrait.vdex 213262-213276
//my_stock/app/RomUpdate/RomUpdate.apk 213277-213634
//my_stock/app/SceneMode/SceneMode.apk 213635-215575
//my_stock/app/SceneMode/oat/arm64/SceneMode.vdex 215578-215608
//my_stock/app/SecurePay/SecurePay.apk 215609-217707
//my_stock/app/SecurePay/oat/arm64/SecurePay.vdex 217710-217731
//my_stock/app/SmartEngine/SmartEngine.apk 217732-221688
//my_stock/app/SmartEngine/lib/arm64/libETC2Loader.so 221692
//my_stock/app/SmartEngine/oat/arm64/SmartEngine.vdex 221693-221723
//my_stock/app/SmartSideBar/SmartSideBar.apk 221724-224793
//my_stock/app/SmartSideBar/oat/arm64/SmartSideBar.vdex 224798-224851
//my_stock/app/SoftsimRedteaRoaming/SoftsimRedteaRoaming.apk 224852-231777
//my_stock/app/SoftsimRedteaRoaming/oat/arm64/SoftsimRedteaRoaming.vdex 231783-231828
//my_stock/app/StdSP/StdSP.apk 231829-251041
//my_stock/app/StdSP/oat/arm64/StdSP.vdex 251055-251061
//my_stock/app/VariUIEngine/VariUIEngine.apk 251062-252844
//my_stock/app/VariUIEngine/lib/arm64/libVFX.so 252847-253229
//my_stock/app/VariUIEngine/lib/arm64/libffavc.so 253230-253360
//my_stock/app/VariUIEngine/lib/arm64/libfilament-jni.so 253361-253574
//my_stock/app/VariUIEngine/lib/arm64/libfilament-utils-jni.so 253575-253631
//my_stock/app/VariUIEngine/lib/arm64/libglide-webp.so 253632-253691
//my_stock/app/VariUIEngine/lib/arm64/libgltfio-jni.so 253692-254249
//my_stock/app/VariUIEngine/lib/arm64/libhandpaintedeffects.so 254250-254299
//my_stock/app/VariUIEngine/lib/arm64/libliquidfun.so 254300-254342
//my_stock/app/VariUIEngine/lib/arm64/libliquidfun_jni.so 254343-254374
//my_stock/app/VariUIEngine/lib/arm64/liboplus_gifdecoder.so 254375-254401
//my_stock/app/VariUIEngine/lib/arm64/liboplusos_lunar.so 254402-254404
//my_stock/app/VariUIEngine/lib/arm64/libpag.so 254405-254739
//my_stock/app/VariUIEngine/oat/arm64/VariUIEngine.vdex 254740-254766
//my_stock/app/WifiBackupRestore/WifiBackupRestore.apk 254767-256396
//my_stock/del-app/BackupAndRestore/BackupAndRestore.apk 256399-261013
//my_stock/del-app/INOnePlusStore/INOnePlusStore.apk 261018-273412
//my_stock/del-app/NewSoundRecorder/NewSoundRecorder.apk 273420-277099
//my_stock/del-app/OPBreathMode/OPBreathMode.apk 277104-291611
//my_stock/del-app/OPForum/OPForum.apk 291622-296847
//my_stock/del-app/OPWidget/OPWidget.apk 296852-297006
//my_stock/del-app/OppoNote2/OppoNote2.apk 297007-313270
//my_stock/del-app/OppoTranslation/OppoTranslation.apk 313282-320082
//my_stock/del-app/Pictorial/Pictorial.apk 320090-329265
//my_stock/etc/NOTICE.xml.gz 329275-329301
//my_stock/etc/Operator_Ringback_Tone_List.xml 329302
//my_stock/etc/extension/com.oplus.app-features.xml 329303
//my_stock/etc/extension/config_clear_settings_provider_key_settings_app_op.xml 329304
//my_stock/etc/extension/config_processor_com.android.settings.xml 329305
//my_stock/etc/extension/sys_memory_nirvana_config.xml 329306
//my_stock/etc/extension/sys_osense_appmng_decisionmaker_config.xml 329307
//my_stock/etc/extension/sys_osense_feature_common_config.xml 329308
//my_stock/etc/extension/sys_osense_memory_config.xml 329309
//my_stock/etc/extension/sys_osense_memory_decisionmaker_config.xml 329310
//my_stock/etc/extension/sys_preload_config.xml 329311
//my_stock/etc/permissions/default_grant_permissions_list.xml 329312
//my_stock/etc/permissions/privapp-permissions-oplus-legacy.xml 329313
//my_stock/etc/permissions/privapp-permissions-oplus.xml 329314
//my_stock/etc/string_super_computing.zip 329315-329333
//my_stock/etc/sys_alipay_model_list.json 329334
//my_stock/media/audio/alarms/Dynamic_Weather.ogg 329335-329502
//my_stock/media/audio/alarms/Rise.ogg 329503-329668
//my_stock/media/audio/dynamic/notifications/ClassElectronic1_1.ogg 329670-329673
//my_stock/media/audio/dynamic/notifications/ClassElectronic1_10.ogg 329674-329677
//my_stock/media/audio/dynamic/notifications/ClassElectronic1_11.ogg 329678-329681
//my_stock/media/audio/dynamic/notifications/ClassElectronic1_12.ogg 329682-329685
//my_stock/media/audio/dynamic/notifications/ClassElectronic1_13.ogg 329686-329689
//my_stock/media/audio/dynamic/notifications/ClassElectronic1_14.ogg 329690-329693
//my_stock/media/audio/dynamic/notifications/ClassElectronic1_2.ogg 329694-329697
//my_stock/media/audio/dynamic/notifications/ClassElectronic1_3.ogg 329698-329701
//my_stock/media/audio/dynamic/notifications/ClassElectronic1_4.ogg 329702-329705
//my_stock/media/audio/dynamic/notifications/ClassElectronic1_5.ogg 329706-329709
//my_stock/media/audio/dynamic/notifications/ClassElectronic1_6.ogg 329710-329713
//my_stock/media/audio/dynamic/notifications/ClassElectronic1_7.ogg 329714-329717
//my_stock/media/audio/dynamic/notifications/ClassElectronic1_8.ogg 329718-329721
//my_stock/media/audio/dynamic/notifications/ClassElectronic1_9.ogg 329722-329725
//my_stock/media/audio/dynamic/notifications/ClassElectronicPreview.ogg 329726-329779
//my_stock/media/audio/dynamic/notifications/Drop1_1.ogg 329780
//my_stock/media/audio/dynamic/notifications/Drop1_10.ogg 329782
//my_stock/media/audio/dynamic/notifications/Drop1_11.ogg 329784
//my_stock/media/audio/dynamic/notifications/Drop1_12.ogg 329786
//my_stock/media/audio/dynamic/notifications/Drop1_2.ogg 329788
//my_stock/media/audio/dynamic/notifications/Drop1_3.ogg 329790
//my_stock/media/audio/dynamic/notifications/Drop1_4.ogg 329792
//my_stock/media/audio/dynamic/notifications/Drop1_5.ogg 329794
//my_stock/media/audio/dynamic/notifications/Drop1_6.ogg 329796
//my_stock/media/audio/dynamic/notifications/Drop1_7.ogg 329798
//my_stock/media/audio/dynamic/notifications/Drop1_8.ogg 329800
//my_stock/media/audio/dynamic/notifications/Drop1_9.ogg 329802
//my_stock/media/audio/dynamic/notifications/DropPreview.ogg 329804-329828
//my_stock/media/audio/dynamic/notifications/Harp1_1.ogg 329830-329842
//my_stock/media/audio/dynamic/notifications/Harp1_10.ogg 329844-329858
//my_stock/media/audio/dynamic/notifications/Harp1_11.ogg 329859-329872
//my_stock/media/audio/dynamic/notifications/Harp1_12.ogg 329873-329887
//my_stock/media/audio/dynamic/notifications/Harp1_13.ogg 329888-329897
//my_stock/media/audio/dynamic/notifications/Harp1_14.ogg 329898-329908
//my_stock/media/audio/dynamic/notifications/Harp1_15.ogg 329909-329923
//my_stock/media/audio/dynamic/notifications/Harp1_16.ogg 329924-329932
//my_stock/media/audio/dynamic/notifications/Harp1_2.ogg 329933-329942
//my_stock/media/audio/dynamic/notifications/Harp1_3.ogg 329944-329956
//my_stock/media/audio/dynamic/notifications/Harp1_4.ogg 329958-329967
//my_stock/media/audio/dynamic/notifications/Harp1_5.ogg 329969-329981
//my_stock/media/audio/dynamic/notifications/Harp1_6.ogg 329983-329994
//my_stock/media/audio/dynamic/notifications/Harp1_7.ogg 329996-330005
//my_stock/media/audio/dynamic/notifications/Harp1_8.ogg 330007-330019
//my_stock/media/audio/dynamic/notifications/Harp1_9.ogg 330020-330032
//my_stock/media/audio/dynamic/notifications/HarpPreview.ogg 330034-330115
//my_stock/media/audio/dynamic/notifications/MusicBox1_1.ogg 330117-330124
//my_stock/media/audio/dynamic/notifications/MusicBox1_10.ogg 330125-330134
//my_stock/media/audio/dynamic/notifications/MusicBox1_2.ogg 330135-330143
//my_stock/media/audio/dynamic/notifications/MusicBox1_3.ogg 330145-330153
//my_stock/media/audio/dynamic/notifications/MusicBox1_4.ogg 330154-330161
//my_stock/media/audio/dynamic/notifications/MusicBox1_5.ogg 330163-330171
//my_stock/media/audio/dynamic/notifications/MusicBox1_6.ogg 330173-330180
//my_stock/media/audio/dynamic/notifications/MusicBox1_7.ogg 330182-330188
//my_stock/media/audio/dynamic/notifications/MusicBox1_8.ogg 330190-330198
//my_stock/media/audio/dynamic/notifications/MusicBox1_9.ogg 330200-330207
//my_stock/media/audio/dynamic/notifications/MusicBoxPreview.ogg 330209-330242
//my_stock/media/audio/notifications/A_gust_of_wind.ogg 330243-330247
//my_stock/media/audio/notifications/Allay.ogg 330249
//my_stock/media/audio/notifications/Allusion.ogg 330251-330255
//my_stock/media/audio/notifications/Amiable.ogg 330256-330263
//my_stock/media/audio/notifications/Blare.ogg 330264-330269
//my_stock/media/audio/notifications/Blink.ogg 330270-330276
//my_stock/media/audio/notifications/Blissful.ogg 330278-330286
//my_stock/media/audio/notifications/Brisk.ogg 330287-330289
//my_stock/media/audio/notifications/Bubble.ogg 330290
//my_stock/media/audio/notifications/Cheerful.ogg 330292-330293
//my_stock/media/audio/notifications/Clear.ogg 330294-330296
//my_stock/media/audio/notifications/Clouds.ogg 330297-330306
//my_stock/media/audio/notifications/Comely.ogg 330307-330313
//my_stock/media/audio/notifications/Cozy.ogg 330314-330323
//my_stock/media/audio/notifications/Crystal.ogg 330324-330331
//my_stock/media/audio/notifications/Dew_on_the_bamboo.ogg 330332-330337
//my_stock/media/audio/notifications/Ding.ogg 330339-330345
//my_stock/media/audio/notifications/Dragonfly.ogg 330346-330350
//my_stock/media/audio/notifications/Droplets.ogg 330352-330356
//my_stock/media/audio/notifications/Effervesce.ogg 330358-330361
//my_stock/media/audio/notifications/Elegant.ogg 330362-330369
//my_stock/media/audio/notifications/Fairy_realm.ogg 330371-330381
//my_stock/media/audio/notifications/Free.ogg 330382-330388
//my_stock/media/audio/notifications/Full_moon.ogg 330390-330396
//my_stock/media/audio/notifications/Glistening.ogg 330397-330405
//my_stock/media/audio/notifications/Hallucination.ogg 330406-330411
//my_stock/media/audio/notifications/Inbound.ogg 330413-330419
//my_stock/media/audio/notifications/Light.ogg 330420-330422
//my_stock/media/audio/notifications/Meet.ogg 330424-330428 330429
//my_stock/media/audio/notifications/Naivety.ogg 330430-330437
//my_stock/media/audio/notifications/Quickly.ogg 330438-330440
//my_stock/media/audio/notifications/Raindrop.ogg 330441-330448
//my_stock/media/audio/notifications/Reverberation.ogg 330449-330459
//my_stock/media/audio/notifications/Rhythm.ogg 330460-330462
//my_stock/media/audio/notifications/Serenity.ogg 330463-330470
//my_stock/media/audio/notifications/Shooting_star.ogg 330471-330480
//my_stock/media/audio/notifications/Slipping.ogg 330481-330486
//my_stock/media/audio/notifications/Sliver_of_light.ogg 330487-330494
//my_stock/media/audio/notifications/Snow_underfoot.ogg 330496-330503
//my_stock/media/audio/notifications/Snowflake.ogg 330504-330509
//my_stock/media/audio/notifications/Splash.ogg 330510-330518
//my_stock/media/audio/notifications/Surprise.ogg 330520-330524
//my_stock/media/audio/notifications/Twinkle.ogg 330525-330533
//my_stock/media/audio/notifications/Warming_sun.ogg 330534-330540
//my_stock/media/audio/notifications/Whoop_doop.ogg 330541
//my_stock/media/audio/notifications/Wind_chime.ogg 330543-330549
//my_stock/media/audio/ringtones/Alacrity.ogg 330550-330645
//my_stock/media/audio/ringtones/Alarm_clock.ogg 330646-330654
//my_stock/media/audio/ringtones/Amenity.ogg 330655-330702
//my_stock/media/audio/ringtones/Beep.ogg 330704-330712
//my_stock/media/audio/ringtones/Blanket_of_snow.ogg 330713-330779
//my_stock/media/audio/ringtones/Blues.ogg 330780-330850
//my_stock/media/audio/ringtones/Bounce.ogg 330852-330887
//my_stock/media/audio/ringtones/Breeze.ogg 330888-331009
//my_stock/media/audio/ringtones/Calm.ogg 331010-331035
//my_stock/media/audio/ringtones/Chase.ogg 331036-331230
//my_stock/media/audio/ringtones/Climber.ogg 331231-331732
//my_stock/media/audio/ringtones/Cloud.ogg 331733-331799
//my_stock/media/audio/ringtones/Cloudscape.ogg 331800-331899
//my_stock/media/audio/ringtones/Cyclotron.ogg 331900-331961
//my_stock/media/audio/ringtones/Dawn.ogg 331962-332092
//my_stock/media/audio/ringtones/Distinct.ogg 332093-332115
//my_stock/media/audio/ringtones/Dream.ogg 332116-332249
//my_stock/media/audio/ringtones/Drizzling.ogg 332250-332347
//my_stock/media/audio/ringtones/Dynamic.ogg 332348-332419
//my_stock/media/audio/ringtones/Eager.ogg 332420-332508
//my_stock/media/audio/ringtones/Ebullition.ogg 332509-332569
//my_stock/media/audio/ringtones/Echo.ogg 332571-332631
//my_stock/media/audio/ringtones/Expect.ogg 332632-332662
//my_stock/media/audio/ringtones/Fanatical.ogg 332663-332752
//my_stock/media/audio/ringtones/Far_away.ogg 332753-332852
//my_stock/media/audio/ringtones/First_rays.ogg 332853-332899
//my_stock/media/audio/ringtones/Fluttering.ogg 332900-332983
//my_stock/media/audio/ringtones/Flyer.ogg 332984-333059
//my_stock/media/audio/ringtones/Forest_morning.ogg 333060-333151
//my_stock/media/audio/ringtones/Friendship.ogg 333152-333240
//my_stock/media/audio/ringtones/Funky.ogg 333241-333274
//my_stock/media/audio/ringtones/Good_energy.ogg 333275-333375
//my_stock/media/audio/ringtones/Guitar.ogg 333376-333436
//my_stock/media/audio/ringtones/Harping.ogg 333438-333488
//my_stock/media/audio/ringtones/Highlight.ogg 333489-333520
//my_stock/media/audio/ringtones/Idyl.ogg 333521-333586
//my_stock/media/audio/ringtones/Innocence.ogg 333587-333664
//my_stock/media/audio/ringtones/Interesting.ogg 333666-333774
//my_stock/media/audio/ringtones/Jazz_life.ogg 333775-333850
//my_stock/media/audio/ringtones/Journey.ogg 333851-333941
//my_stock/media/audio/ringtones/Joyous.ogg 333942-333964
//my_stock/media/audio/ringtones/Lazy.ogg 333965-334033
//my_stock/media/audio/ringtones/Leisurely.ogg 334034-334097
//my_stock/media/audio/ringtones/Lotus_by_moonlight.ogg 334098-334181
//my_stock/media/audio/ringtones/Marimba.ogg 334182-334213
//my_stock/media/audio/ringtones/Meditation.ogg 334214-334295
//my_stock/media/audio/ringtones/Memory.ogg 334296-334398
//my_stock/media/audio/ringtones/Mystical.ogg 334399-334464
//my_stock/media/audio/ringtones/Nature.ogg 334465-334527
//my_stock/media/audio/ringtones/Night_sky.ogg 334528-334599
//my_stock/media/audio/ringtones/Old_telephone.ogg 334600-334618
//my_stock/media/audio/ringtones/OnePlus_new_feeling.ogg 334619-334688
//my_stock/media/audio/ringtones/OnePlus_tune.ogg 334690-334747
//my_stock/media/audio/ringtones/OnePlus_tune_rhythm.ogg 334748-334825
//my_stock/media/audio/ringtones/Optimistic.ogg 334827-334904
//my_stock/media/audio/ringtones/Piano.ogg 334905-334986
//my_stock/media/audio/ringtones/Rainforest.ogg 334987-335065
//my_stock/media/audio/ringtones/Relieved.ogg 335066-335164
//my_stock/media/audio/ringtones/Ripple.ogg 335166-335195
//my_stock/media/audio/ringtones/Shimmer.ogg 335196-335227
//my_stock/media/audio/ringtones/Slowly.ogg 335228-335762
//my_stock/media/audio/ringtones/Snow_falling.ogg 335763-335838
//my_stock/media/audio/ringtones/Spring.ogg 335840-336010
//my_stock/media/audio/ringtones/Stars.ogg 336012-336100
//my_stock/media/audio/ringtones/Summer_beach.ogg 336101-336158
//my_stock/media/audio/ringtones/Summer_night.ogg 336159-336235
//my_stock/media/audio/ringtones/Sun_glittering.ogg 336237-336305
//my_stock/media/audio/ringtones/Sunlight_on_snow.ogg 336306-336364
//my_stock/media/audio/ringtones/Sunrise.ogg 336365-336388
//my_stock/media/audio/ringtones/Sunset.ogg 336389-336501
//my_stock/media/audio/ringtones/Surging.ogg 336502-336550
//my_stock/media/audio/ringtones/Tactfully.ogg 336551-336750
//my_stock/media/audio/ringtones/The_wind.ogg 336751-336837
//my_stock/media/audio/ringtones/Tranquil.ogg 336839-336929
//my_stock/media/audio/ringtones/Twinkling_stars.ogg 336930-337008
//my_stock/media/audio/ringtones/Verdant_lotus_pond.ogg 337009-337062
//my_stock/media/audio/ringtones/Waking_city.ogg 337063-337135
//my_stock/media/audio/ringtones/Walking_in_the_rain.ogg 337136-337212
//my_stock/media/audio/ringtones/Whirl.ogg 337214-337255
//my_stock/media/audio/ui/Usb.ogg 337257-337259
//my_stock/media/audio/ui/VolumePanelSound.ogg 337260
//my_stock/media/audio/ui/WheelPicker.ogg 337262
//my_stock/media/audio/ui/camera_click.wav 337264-337286
//my_stock/media/audio/ui/charge.mp3 337287-337288
//my_stock/media/audio/ui/cover.mp3 337289-337291
//my_stock/media/audio/ui/critical_lowbattery.ogg 337292-337295
//my_stock/media/audio/ui/delete.mp3 337297
//my_stock/media/audio/ui/delete3.mp3 337298-337302
//my_stock/media/audio/ui/dew.wav 337303
//my_stock/media/audio/ui/ebook_open.mp3 337304-337307
//my_stock/media/audio/ui/ebook_open2.mp3 337308-337309
//my_stock/media/audio/ui/ebook_page1.mp3 337310-337322
//my_stock/media/audio/ui/ebook_page3.mp3 337323-337330
//my_stock/media/audio/ui/error.mp3 337331-337332
//my_stock/media/audio/ui/extended_effect_a.ogg 337333-337337
//my_stock/media/audio/ui/extended_effect_b.ogg 337338-337345
//my_stock/media/audio/ui/full_battery.ogg 337349-337351
//my_stock/media/audio/ui/global_delete.ogg 337353 337354
//my_stock/media/audio/ui/inefficacy.mp3 337355-337356
//my_stock/media/audio/ui/lomo_click.mp3 337357-337358
//my_stock/media/audio/ui/lowbattery.mp3 337360-337366
//my_stock/media/audio/ui/machine.mp3 337367-337371
//my_stock/media/audio/ui/mechanism_down.ogg 337372-337377
//my_stock/media/audio/ui/mechanism_up.ogg 337379-337383
//my_stock/media/audio/ui/normal_lowbattery.ogg 337385-337389
//my_stock/media/audio/ui/numberpicker_click.ogg 337390
//my_stock/media/audio/ui/powerlow.mp3 337391-337397
//my_stock/media/audio/ui/poweroff.mp3 337398-337443
//my_stock/media/audio/ui/poweron.mp3 337444-337489
//my_stock/media/audio/ui/pure_music_down.ogg 337490-337495
//my_stock/media/audio/ui/pure_music_up.ogg 337496-337500
//my_stock/media/audio/ui/slight_feedback.ogg 337502
//my_stock/media/audio/ui/sound_10s.mp3 337503-337552
//my_stock/media/audio/ui/sound_5s.mp3 337553-337575
//my_stock/media/audio/ui/technology_down.ogg 337576-337579
//my_stock/media/audio/ui/technology_up.ogg 337581-337585
//my_stock/media/audio/ui/touch.mp3 337586
//my_stock/media/audio/ui/touch2.mp3 337587-337588
//my_stock/media/audio/ui/touch3.mp3 337589-337591
//my_stock/media/audio/ui/uncover.mp3 337592-337594
//my_stock/media/audio/ui/warning3.mp3 337595-337596
//my_stock/media/audio/ui/warrning.mp3 337597-337598
//my_stock/media/audio/ui/weather_alarm_cloud.ogg 337599-337683
//my_stock/media/audio/ui/weather_alarm_cloud2.ogg 337684-337768
//my_stock/media/audio/ui/weather_alarm_cloud3.ogg 337769-337848
//my_stock/media/audio/ui/weather_alarm_cloud4.ogg 337849-337910
//my_stock/media/audio/ui/weather_alarm_default.ogg 337911-338033
//my_stock/media/audio/ui/weather_alarm_haze.ogg 338034-338101
//my_stock/media/audio/ui/weather_alarm_haze2.ogg 338102-338166
//my_stock/media/audio/ui/weather_alarm_rain.ogg 338167-338233
//my_stock/media/audio/ui/weather_alarm_rain2.ogg 338234-338294
//my_stock/media/audio/ui/weather_alarm_snow.ogg 338295-338368
//my_stock/media/audio/ui/weather_alarm_snow2.ogg 338369-338510
//my_stock/media/audio/ui/weather_alarm_sun.ogg 338511-338597
//my_stock/media/audio/ui/weather_alarm_sun2.ogg 338598-338682
//my_stock/media/audio/ui/weather_alarm_sun3.ogg 338683-338846
//my_stock/media/audio/ui/weather_alarm_sun4.ogg 338847-338931
//my_stock/media/audio/ui/weather_alarm_thunderstorm.ogg 338932-338996
//my_stock/media/audio/ui/weather_alarm_thunderstorm2.ogg 338997-339112
//my_stock/media/audio/ui/weather_alarm_thunderstorm3.ogg 339113-339173
//my_stock/media/audio/ui/weather_alarm_wind.ogg 339174-339246
//my_stock/media/audio/ui/weather_alarm_wind2.ogg 339247-339331
//my_stock/media/theme/allApps.xml 339333-339335
//my_stock/media/theme/uxicons/xhdpi/andes.oplus.documentsreader/day.png 339337-339338
//my_stock/media/theme/uxicons/xhdpi/com.airbnb.android/art_off.png 339346-339348
//my_stock/media/theme/uxicons/xhdpi/com.airbnb.android/mat.png 339350-339352
//my_stock/media/theme/uxicons/xhdpi/com.airbnb.android/recfg.png 339353-339354
//my_stock/media/theme/uxicons/xhdpi/com.android.contacts/day.png 339359-339360
//my_stock/media/theme/uxicons/xhdpi/com.android.contacts/dialer_day.png 339362-339363
//my_stock/media/theme/uxicons/xhdpi/com.android.contacts/dialer_recbg.png 339366-339367
//my_stock/media/theme/uxicons/xhdpi/com.android.contacts/dialer_recfg.png 339369
//my_stock/media/theme/uxicons/xhdpi/com.android.contacts/recbg.png 339371-339372
//my_stock/media/theme/uxicons/xhdpi/com.android.contacts/recfg.png 339374
//my_stock/media/theme/uxicons/xhdpi/com.android.email/day.png 339376-339378
//my_stock/media/theme/uxicons/xhdpi/com.android.fmradio/day.png 339379-339381
//my_stock/media/theme/uxicons/xhdpi/com.android.mms/day.png 339383-339384
//my_stock/media/theme/uxicons/xhdpi/com.android.mms/recbg.png 339387-339388
//my_stock/media/theme/uxicons/xhdpi/com.android.mms/recfg.png 339390-339391
//my_stock/media/theme/uxicons/xhdpi/com.android.settings/day.png 339394-339396
//my_stock/media/theme/uxicons/xhdpi/com.android.settings/mat.png 339397-339398
//my_stock/media/theme/uxicons/xhdpi/com.android.settings/recbg.png 339401-339403
//my_stock/media/theme/uxicons/xhdpi/com.android.settings/recfg.png 339404
//my_stock/media/theme/uxicons/xhdpi/com.android.stk/day.png 339406
//my_stock/media/theme/uxicons/xhdpi/com.caf.fmradio/day.png 339415-339417
//my_stock/media/theme/uxicons/xhdpi/com.coloros.alarmclock/day.png 339421-339422
//my_stock/media/theme/uxicons/xhdpi/com.coloros.backuprestore/day.png 339424
//my_stock/media/theme/uxicons/xhdpi/com.coloros.calculator/day.png 339427-339430
//my_stock/media/theme/uxicons/xhdpi/com.coloros.calendar/day.png 339432-339433
//my_stock/media/theme/uxicons/xhdpi/com.coloros.compass/day.png 339434-339436
//my_stock/media/theme/uxicons/xhdpi/com.coloros.compass2/day.png 339438-339440
//my_stock/media/theme/uxicons/xhdpi/com.coloros.familyguard/day.png 339443-339444
//my_stock/media/theme/uxicons/xhdpi/com.coloros.filemanager/day.png 339446-339447
//my_stock/media/theme/uxicons/xhdpi/com.coloros.findmyphone/day.png 339448-339451
//my_stock/media/theme/uxicons/xhdpi/com.coloros.findmyphone/mat.png 339452-339454
//my_stock/media/theme/uxicons/xhdpi/com.coloros.findmyphone/peb.png 339457
//my_stock/media/theme/uxicons/xhdpi/com.coloros.findmyphone/recbg.png 339459-339461
//my_stock/media/theme/uxicons/xhdpi/com.coloros.findmyphone/recfg.png 339462-339467
//my_stock/media/theme/uxicons/xhdpi/com.coloros.findphone.client2/day.png 339468-339471
//my_stock/media/theme/uxicons/xhdpi/com.coloros.gallery3d/day.png 339473-339475
//my_stock/media/theme/uxicons/xhdpi/com.coloros.musiclink/day.png 339476-339477
//my_stock/media/theme/uxicons/xhdpi/com.coloros.note/day.png 339479
//my_stock/media/theme/uxicons/xhdpi/com.coloros.ocrscanner/day.png 339481-339482
//my_stock/media/theme/uxicons/xhdpi/com.coloros.phonemanager/day.png 339484-339485
//my_stock/media/theme/uxicons/xhdpi/com.coloros.shortcuts/day.png 339487-339489
//my_stock/media/theme/uxicons/xhdpi/com.coloros.soundrecorder/day.png 339491-339492
//my_stock/media/theme/uxicons/xhdpi/com.coloros.video/day.png 339494-339495 339496
//my_stock/media/theme/uxicons/xhdpi/com.coloros.weather/day.png 339497-339499
//my_stock/media/theme/uxicons/xhdpi/com.coloros.weather2/day.png 339502-339504
//my_stock/media/theme/uxicons/xhdpi/com.ebay.mobile/art_off.png 339510-339511
//my_stock/media/theme/uxicons/xhdpi/com.ebay.mobile/recfg.png 339512
//my_stock/media/theme/uxicons/xhdpi/com.facebook.katana/art_off.png 339514
//my_stock/media/theme/uxicons/xhdpi/com.finshell.wallet/day.png 339518-339520
//my_stock/media/theme/uxicons/xhdpi/com.heytap.book/day.png 339523-339524
//my_stock/media/theme/uxicons/xhdpi/com.heytap.browser/day.png 339526-339528
//my_stock/media/theme/uxicons/xhdpi/com.heytap.browser/mat.png 339529
//my_stock/media/theme/uxicons/xhdpi/com.heytap.browser/recfg.png 339530
//my_stock/media/theme/uxicons/xhdpi/com.heytap.cloud/day.png 339532-339534
//my_stock/media/theme/uxicons/xhdpi/com.heytap.cloud/recbg.png 339537
//my_stock/media/theme/uxicons/xhdpi/com.heytap.health/day.png 339540
//my_stock/media/theme/uxicons/xhdpi/com.heytap.lock/day.png 339541-339543
//my_stock/media/theme/uxicons/xhdpi/com.heytap.market/day.png 339545-339546
//my_stock/media/theme/uxicons/xhdpi/com.heytap.music/day.png 339548-339549
//my_stock/media/theme/uxicons/xhdpi/com.heytap.quicksearchbox/day.png 339552-339554
//my_stock/media/theme/uxicons/xhdpi/com.heytap.reader/day.png 339556-339557
//my_stock/media/theme/uxicons/xhdpi/com.heytap.smarthome/day.png 339560-339561
//my_stock/media/theme/uxicons/xhdpi/com.heytap.themestore/day.png 339565-339566 339567
//my_stock/media/theme/uxicons/xhdpi/com.heytap.themestore/mat.png 339568-339570
//my_stock/media/theme/uxicons/xhdpi/com.heytap.themestore/recbg.png 339573-339575
//my_stock/media/theme/uxicons/xhdpi/com.heytap.yoli/day.png 339576-339577 339578
//my_stock/media/theme/uxicons/xhdpi/com.instagram.android/art_off.png 339584-339586
//my_stock/media/theme/uxicons/xhdpi/com.instagram.android/mat.png 339588
//my_stock/media/theme/uxicons/xhdpi/com.instagram.android/recbg.png 339589
//my_stock/media/theme/uxicons/xhdpi/com.microsoft.office.outlook/art_off.png 339598-339601
//my_stock/media/theme/uxicons/xhdpi/com.microsoft.office.outlook/mat.png 339602
//my_stock/media/theme/uxicons/xhdpi/com.microsoft.office.outlook/recfg.png 339604
//my_stock/media/theme/uxicons/xhdpi/com.nearme.gamecenter/day.png 339607-339608
//my_stock/media/theme/uxicons/xhdpi/com.nearme.instant.platform/day.png 339611
//my_stock/media/theme/uxicons/xhdpi/com.oneplus.backuprestore/day.png 339614
//my_stock/media/theme/uxicons/xhdpi/com.oneplus.backuprestore/mat.png 339616-339618
//my_stock/media/theme/uxicons/xhdpi/com.oneplus.backuprestore/recbg.png 339621-339622
//my_stock/media/theme/uxicons/xhdpi/com.oneplus.backuprestore/recfg.png 339623
//my_stock/media/theme/uxicons/xhdpi/com.oneplus.brickmode/day.png 339624-339626
//my_stock/media/theme/uxicons/xhdpi/com.oneplus.brickmode/recbg.png 339629-339631
//my_stock/media/theme/uxicons/xhdpi/com.oneplus.brickmode/recfg.png 339632-339636
//my_stock/media/theme/uxicons/xhdpi/com.oneplus.calculator/day.png 339638-339641
//my_stock/media/theme/uxicons/xhdpi/com.oneplus.calculator/mat.png 339642-339643
//my_stock/media/theme/uxicons/xhdpi/com.oneplus.calculator/recbg.png 339646-339648
//my_stock/media/theme/uxicons/xhdpi/com.oneplus.calculator/recfg.png 339649-339651
//my_stock/media/theme/uxicons/xhdpi/com.oneplus.camera/mat.png 339652-339654
//my_stock/media/theme/uxicons/xhdpi/com.oneplus.camera/peb.png 339656
//my_stock/media/theme/uxicons/xhdpi/com.oneplus.camera/recbg.png 339657
//my_stock/media/theme/uxicons/xhdpi/com.oneplus.camera/recfg.png 339659-339661
//my_stock/media/theme/uxicons/xhdpi/com.oneplus.deskclock/day.png 339663-339664
//my_stock/media/theme/uxicons/xhdpi/com.oneplus.deskclock/mat.png 339666-339667
//my_stock/media/theme/uxicons/xhdpi/com.oneplus.deskclock/recbg.png 339670-339671
//my_stock/media/theme/uxicons/xhdpi/com.oneplus.filemanager/day.png 339673-339674
//my_stock/media/theme/uxicons/xhdpi/com.oneplus.filemanager/mat.png 339675-339676
//my_stock/media/theme/uxicons/xhdpi/com.oneplus.filemanager/recbg.png 339680-339682
//my_stock/media/theme/uxicons/xhdpi/com.oneplus.filemanager/recfg.png 339683-339684
//my_stock/media/theme/uxicons/xhdpi/com.oneplus.gallery/day.png 339685-339687
//my_stock/media/theme/uxicons/xhdpi/com.oneplus.gallery/mat.png 339688-339689
//my_stock/media/theme/uxicons/xhdpi/com.oneplus.gallery/recbg.png 339693-339694
//my_stock/media/theme/uxicons/xhdpi/com.oneplus.gallery/recfg.png 339696-339697
//my_stock/media/theme/uxicons/xhdpi/com.oneplus.mall/recbg.png 339698-339700
//my_stock/media/theme/uxicons/xhdpi/com.oneplus.member/recbg.png 339701-339702
//my_stock/media/theme/uxicons/xhdpi/com.oneplus.member/recfg.png 339704-339705
//my_stock/media/theme/uxicons/xhdpi/com.oneplus.mms/recbg.png 339708-339709
//my_stock/media/theme/uxicons/xhdpi/com.oneplus.mms/recfg.png 339711-339712
//my_stock/media/theme/uxicons/xhdpi/com.oneplus.note/day.png 339714
//my_stock/media/theme/uxicons/xhdpi/com.oneplus.note/mat.png 339716-339717
//my_stock/media/theme/uxicons/xhdpi/com.oneplus.note/recbg.png 339719-339721
//my_stock/media/theme/uxicons/xhdpi/com.oneplus.note/recfg.png 339722
//my_stock/media/theme/uxicons/xhdpi/com.oneplus.soundrecorder/day.png 339724-339725
//my_stock/media/theme/uxicons/xhdpi/com.oneplus.soundrecorder/mat.png 339727-339728
//my_stock/media/theme/uxicons/xhdpi/com.oneplus.soundrecorder/recbg.png 339731-339732
//my_stock/media/theme/uxicons/xhdpi/com.oneplus.store/recbg.png 339734-339736
//my_stock/media/theme/uxicons/xhdpi/com.oplus.calendar/day.png 339738-339739
//my_stock/media/theme/uxicons/xhdpi/com.oplus.camera/day.png 339740-339742
//my_stock/media/theme/uxicons/xhdpi/com.oplus.camera/recbg.png 339745-339747
//my_stock/media/theme/uxicons/xhdpi/com.oplus.camera/recfg.png 339748-339751
//my_stock/media/theme/uxicons/xhdpi/com.oplus.consumerIRApp/day.png 339752
//my_stock/media/theme/uxicons/xhdpi/com.oplus.consumerIRApp/mat.png 339754
//my_stock/media/theme/uxicons/xhdpi/com.oplus.consumerIRApp/recbg.png 339758-339759
//my_stock/media/theme/uxicons/xhdpi/com.oplus.consumerIRApp/recfg.png 339761
//my_stock/media/theme/uxicons/xhdpi/com.oplus.games/mat.png 339762-339763
//my_stock/media/theme/uxicons/xhdpi/com.oplus.games/recbg.png 339766-339768
//my_stock/media/theme/uxicons/xhdpi/com.oplus.games/recfg.png 339769-339772
//my_stock/media/theme/uxicons/xhdpi/com.oplus.logkit/recfg.png 339774
//my_stock/media/theme/uxicons/xhdpi/com.oplus.member/day.png 339776
//my_stock/media/theme/uxicons/xhdpi/com.oplus.phonemanager/day.png 339778-339779
//my_stock/media/theme/uxicons/xhdpi/com.oplus.phonemanager/mat.png 339781
//my_stock/media/theme/uxicons/xhdpi/com.oplus.phonemanager/peb.png 339783
//my_stock/media/theme/uxicons/xhdpi/com.oplus.phonemanager/recbg.png 339785-339786
//my_stock/media/theme/uxicons/xhdpi/com.oplus.phonemanager/recfg.png 339788
//my_stock/media/theme/uxicons/xhdpi/com.oplus.play/day.png 339789-339790
//my_stock/media/theme/uxicons/xhdpi/com.oplus.themestore/mat.png 339794-339795
//my_stock/media/theme/uxicons/xhdpi/com.oplus.themestore/recbg.png 339796-339797
//my_stock/media/theme/uxicons/xhdpi/com.oplus.themestore/recfg.png 339799-339800
//my_stock/media/theme/uxicons/xhdpi/com.oplus.vip/recbg.png 339801-339802
//my_stock/media/theme/uxicons/xhdpi/com.oplus.vip/recfg.png 339804-339805
//my_stock/media/theme/uxicons/xhdpi/com.opluskgd.onetaplocking/day.png 339807-339809
//my_stock/media/theme/uxicons/xhdpi/com.opluskgd.onetaplocking/mat.png 339810-339812
//my_stock/media/theme/uxicons/xhdpi/com.opluskgd.onetaplocking/peb.png 339815
//my_stock/media/theme/uxicons/xhdpi/com.opluskgd.onetaplocking/recbg.png 339816-339818
//my_stock/media/theme/uxicons/xhdpi/com.opluskgd.onetaplocking/recfg.png 339819-339823
//my_stock/media/theme/uxicons/xhdpi/com.oppo.community/day.png 339824-339826
//my_stock/media/theme/uxicons/xhdpi/com.paypal.android.p2pmobile/art_off.png 339828-339834
//my_stock/media/theme/uxicons/xhdpi/com.paypal.android.p2pmobile/mat.png 339835
//my_stock/media/theme/uxicons/xhdpi/com.paypal.android.p2pmobile/recbg.png 339836-339843
//my_stock/media/theme/uxicons/xhdpi/com.paypal.android.p2pmobile/recfg.png 339845
//my_stock/media/theme/uxicons/xhdpi/com.pinterest/art_off.png 339848
//my_stock/media/theme/uxicons/xhdpi/com.redteamobile.roaming/day.png 339853-339855
//my_stock/media/theme/uxicons/xhdpi/com.spotify.music/mat.png 339863-339864
//my_stock/media/theme/uxicons/xhdpi/com.spotify.music/recfg.png 339865-339866
//my_stock/media/theme/uxicons/xhdpi/com.xyyzsgxyl.traceless/day.png 339902-339904
//my_stock/media/theme/uxicons/xhdpi/icons-daylight 339909-339913
//my_stock/media/theme/uxicons/xhdpi/icons-meterial 339914-339917
//my_stock/media/theme/uxicons/xhdpi/icons-nightshadow 339918
//my_stock/media/theme/uxicons/xhdpi/icons-pebble 339919-339922
//my_stock/media/theme/uxicons/xhdpi/icons-rectangle 339923-339931
//my_stock/media/theme/uxicons/xhdpi/in.amazon.mShop.android.shopping/mat.png 339932
//my_stock/media/theme/uxicons/xhdpi/in.amazon.mShop.android.shopping/recbg.png 339934-339935
//my_stock/media/theme/uxicons/xhdpi/net.oneplus.forums/mat.png 339937-339939
//my_stock/media/theme/uxicons/xhdpi/net.oneplus.forums/recbg.png 339941-339942
//my_stock/media/theme/uxicons/xhdpi/net.oneplus.forums/recfg.png 339943-339945
//my_stock/media/theme/uxicons/xhdpi/net.oneplus.weather/day.png 339946-339948
//my_stock/media/theme/uxicons/xhdpi/net.oneplus.weather/mat.png 339950-339951
//my_stock/media/theme/uxicons/xhdpi/net.oneplus.weather/recbg.png 339955-339957
//my_stock/media/theme/uxicons/xhdpi/net.oneplus.weather/recfg.png 339958
//my_stock/media/theme/uxicons/xhdpi/tv.danmaku.bili/mat.png 339961-339963
//my_stock/media/theme/uxicons/xhdpi/tv.danmaku.bili/nsd.png 339964
//my_stock/media/theme/uxicons/xhdpi/tv.danmaku.bili/recbg.png 339965
//my_stock/media/theme/uxicons/xxhdpi/andes.oplus.documentsreader/day.png 339968-339972
//my_stock/media/theme/uxicons/xxhdpi/cmb.pb/nsd.png 339973
//my_stock/media/theme/uxicons/xxhdpi/com.Qunar/nsd.png 339976
//my_stock/media/theme/uxicons/xxhdpi/com.airbnb.android/art_off.png 339979-339981
//my_stock/media/theme/uxicons/xxhdpi/com.airbnb.android/mat.png 339983-339985
//my_stock/media/theme/uxicons/xxhdpi/com.airbnb.android/recfg.png 339986-339987
//my_stock/media/theme/uxicons/xxhdpi/com.android.bankabc/nsd.png 339991
//my_stock/media/theme/uxicons/xxhdpi/com.android.contacts/day.png 339993-339997
//my_stock/media/theme/uxicons/xxhdpi/com.android.contacts/dialer_day.png 339999-340003
//my_stock/media/theme/uxicons/xxhdpi/com.android.contacts/dialer_mat.png 340005
//my_stock/media/theme/uxicons/xxhdpi/com.android.contacts/dialer_recbg.png 340007-340011
//my_stock/media/theme/uxicons/xxhdpi/com.android.contacts/dialer_recfg.png 340012-340013
//my_stock/media/theme/uxicons/xxhdpi/com.android.contacts/recbg.png 340016-340019
//my_stock/media/theme/uxicons/xxhdpi/com.android.contacts/recfg.png 340021-340023
//my_stock/media/theme/uxicons/xxhdpi/com.android.email/day.png 340024-340029
//my_stock/media/theme/uxicons/xxhdpi/com.android.fmradio/day.png 340031-340036
//my_stock/media/theme/uxicons/xxhdpi/com.android.mms/day.png 340040-340044
//my_stock/media/theme/uxicons/xxhdpi/com.android.mms/recbg.png 340047-340052
//my_stock/media/theme/uxicons/xxhdpi/com.android.mms/recfg.png 340053-340057
//my_stock/media/theme/uxicons/xxhdpi/com.android.permissioncontroller/nsd.png 340059
//my_stock/media/theme/uxicons/xxhdpi/com.android.settings/day.png 340060-340065
//my_stock/media/theme/uxicons/xxhdpi/com.android.settings/mat.png 340066-340069
//my_stock/media/theme/uxicons/xxhdpi/com.android.settings/peb.png 340072
//my_stock/media/theme/uxicons/xxhdpi/com.android.settings/recbg.png 340073-340079
//my_stock/media/theme/uxicons/xxhdpi/com.android.settings/recfg.png 340080-340081
//my_stock/media/theme/uxicons/xxhdpi/com.android.stk/day.png 340083-340085
//my_stock/media/theme/uxicons/xxhdpi/com.baidu.netdisk/nsd.png 340091
//my_stock/media/theme/uxicons/xxhdpi/com.baidu.searchbox.lite/nsd.png 340093
//my_stock/media/theme/uxicons/xxhdpi/com.bankcomm.Bankcomm/nsd.png 340094
//my_stock/media/theme/uxicons/xxhdpi/com.caf.fmradio/day.png 340095-340100
//my_stock/media/theme/uxicons/xxhdpi/com.chinamworld.bocmbci/nsd.png 340104
//my_stock/media/theme/uxicons/xxhdpi/com.chinamworld.main/nsd.png 340105
//my_stock/media/theme/uxicons/xxhdpi/com.coloros.alarmclock/day.png 340106-340110
//my_stock/media/theme/uxicons/xxhdpi/com.coloros.backuprestore/day.png 340112-340114
//my_stock/media/theme/uxicons/xxhdpi/com.coloros.calculator/day.png 340116-340123
//my_stock/media/theme/uxicons/xxhdpi/com.coloros.calculator/nsd.png 340125
//my_stock/media/theme/uxicons/xxhdpi/com.coloros.calendar/day.png 340126-340129
//my_stock/media/theme/uxicons/xxhdpi/com.coloros.compass/day.png 340130-340136
//my_stock/media/theme/uxicons/xxhdpi/com.coloros.compass2/day.png 340138-340144
//my_stock/media/theme/uxicons/xxhdpi/com.coloros.familyguard/day.png 340146-340150
//my_stock/media/theme/uxicons/xxhdpi/com.coloros.filemanager/day.png 340153-340156
//my_stock/media/theme/uxicons/xxhdpi/com.coloros.findmyphone/day.png 340158-340165
//my_stock/media/theme/uxicons/xxhdpi/com.coloros.findphone.client2/day.png 340168-340175
//my_stock/media/theme/uxicons/xxhdpi/com.coloros.gallery3d/day.png 340178-340183
//my_stock/media/theme/uxicons/xxhdpi/com.coloros.musiclink/day.png 340186-340191
//my_stock/media/theme/uxicons/xxhdpi/com.coloros.note/day.png 340192-340194
//my_stock/media/theme/uxicons/xxhdpi/com.coloros.ocrscanner/day.png 340195-340199
//my_stock/media/theme/uxicons/xxhdpi/com.coloros.phonemanager/day.png 340202-340206
//my_stock/media/theme/uxicons/xxhdpi/com.coloros.shortcuts/day.png 340208-340213
//my_stock/media/theme/uxicons/xxhdpi/com.coloros.soundrecorder/day.png 340215-340219
//my_stock/media/theme/uxicons/xxhdpi/com.coloros.video/day.png 340220-340225
//my_stock/media/theme/uxicons/xxhdpi/com.coloros.weather/day.png 340227-340233
//my_stock/media/theme/uxicons/xxhdpi/com.coloros.weather2/day.png 340235-340241
//my_stock/media/theme/uxicons/xxhdpi/com.dianping.v1/nsd.png 340243
//my_stock/media/theme/uxicons/xxhdpi/com.dragon.read/nsd.png 340245
//my_stock/media/theme/uxicons/xxhdpi/com.ebay.mobile/art_off.png 340246-340247
//my_stock/media/theme/uxicons/xxhdpi/com.ebay.mobile/mat.png 340248-340249
//my_stock/media/theme/uxicons/xxhdpi/com.ebay.mobile/recfg.png 340250
//my_stock/media/theme/uxicons/xxhdpi/com.facebook.katana/art_off.png 340252-340254
//my_stock/media/theme/uxicons/xxhdpi/com.facebook.katana/mat.png 340256
//my_stock/media/theme/uxicons/xxhdpi/com.facebook.katana/recbg.png 340257
//my_stock/media/theme/uxicons/xxhdpi/com.finshell.wallet/day.png 340259-340264
//my_stock/media/theme/uxicons/xxhdpi/com.greenpoint.android.mc10086.activity/nsd.png 340267
//my_stock/media/theme/uxicons/xxhdpi/com.heytap.book/day.png 340268-340272
//my_stock/media/theme/uxicons/xxhdpi/com.heytap.browser/day.png 340274-340279
//my_stock/media/theme/uxicons/xxhdpi/com.heytap.browser/mat.png 340281-340282
//my_stock/media/theme/uxicons/xxhdpi/com.heytap.browser/recfg.png 340284-340285
//my_stock/media/theme/uxicons/xxhdpi/com.heytap.cloud/day.png 340287-340292 340293
//my_stock/media/theme/uxicons/xxhdpi/com.heytap.cloud/mat.png 340294-340299
//my_stock/media/theme/uxicons/xxhdpi/com.heytap.cloud/peb.png 340301 340302
//my_stock/media/theme/uxicons/xxhdpi/com.heytap.cloud/recbg.png 340303-340308
//my_stock/media/theme/uxicons/xxhdpi/com.heytap.cloud/recfg.png 340309-340310
//my_stock/media/theme/uxicons/xxhdpi/com.heytap.health/day.png 340311-340312
//my_stock/media/theme/uxicons/xxhdpi/com.heytap.lock/day.png 340315-340320
//my_stock/media/theme/uxicons/xxhdpi/com.heytap.market/day.png 340323-340326
//my_stock/media/theme/uxicons/xxhdpi/com.heytap.music/day.png 340328-340332
//my_stock/media/theme/uxicons/xxhdpi/com.heytap.music/mat.png 340334
//my_stock/media/theme/uxicons/xxhdpi/com.heytap.quicksearchbox/day.png 340336-340341
//my_stock/media/theme/uxicons/xxhdpi/com.heytap.reader/day.png 340343-340347
//my_stock/media/theme/uxicons/xxhdpi/com.heytap.smarthome/day.png 340350-340354
//my_stock/media/theme/uxicons/xxhdpi/com.heytap.smarthome/recfg.png 340358
//my_stock/media/theme/uxicons/xxhdpi/com.heytap.themestore/day.png 340360-340365
//my_stock/media/theme/uxicons/xxhdpi/com.heytap.themestore/mat.png 340366-340371
//my_stock/media/theme/uxicons/xxhdpi/com.heytap.themestore/peb.png 340373
//my_stock/media/theme/uxicons/xxhdpi/com.heytap.themestore/recbg.png 340374-340379
//my_stock/media/theme/uxicons/xxhdpi/com.heytap.yoli/day.png 340380-340385
//my_stock/media/theme/uxicons/xxhdpi/com.icbc/nsd.png 340389
//my_stock/media/theme/uxicons/xxhdpi/com.instagram.android/art_off.png 340391-340397
//my_stock/media/theme/uxicons/xxhdpi/com.instagram.android/mat.png 340398
//my_stock/media/theme/uxicons/xxhdpi/com.instagram.android/recbg.png 340400-340403
//my_stock/media/theme/uxicons/xxhdpi/com.kugou.android.lite/nsd.png 340410
//my_stock/media/theme/uxicons/xxhdpi/com.lemon.lv/nsd.png 340412
//my_stock/media/theme/uxicons/xxhdpi/com.miHoYo.Yuanshen/nsd.png 340415
//my_stock/media/theme/uxicons/xxhdpi/com.miHoYo.hkrpg/nsd.png 340416
//my_stock/media/theme/uxicons/xxhdpi/com.microsoft.office.outlook/art_off.png 340417-340420
//my_stock/media/theme/uxicons/xxhdpi/com.microsoft.office.outlook/mat.png 340421
//my_stock/media/theme/uxicons/xxhdpi/com.nearme.gamecenter/day.png 340425-340428
//my_stock/media/theme/uxicons/xxhdpi/com.nearme.gamecenter/recfg.png 340433
//my_stock/media/theme/uxicons/xxhdpi/com.nearme.instant.platform/day.png 340434-340436
//my_stock/media/theme/uxicons/xxhdpi/com.netease.cloudmusic/nsd.png 340439
//my_stock/media/theme/uxicons/xxhdpi/com.oneplus.backuprestore/day.png 340440-340442
//my_stock/media/theme/uxicons/xxhdpi/com.oneplus.backuprestore/mat.png 340444-340450
//my_stock/media/theme/uxicons/xxhdpi/com.oneplus.backuprestore/peb.png 340452
//my_stock/media/theme/uxicons/xxhdpi/com.oneplus.backuprestore/recbg.png 340453-340456
//my_stock/media/theme/uxicons/xxhdpi/com.oneplus.backuprestore/recfg.png 340458-340459
//my_stock/media/theme/uxicons/xxhdpi/com.oneplus.brickmode/day.png 340461-340467
//my_stock/media/theme/uxicons/xxhdpi/com.oneplus.brickmode/nsd.png 340470
//my_stock/media/theme/uxicons/xxhdpi/com.oneplus.brickmode/recbg.png 340471-340476
//my_stock/media/theme/uxicons/xxhdpi/com.oneplus.brickmode/recfg.png 340478-340487
//my_stock/media/theme/uxicons/xxhdpi/com.oneplus.calculator/day.png 340489-340496
//my_stock/media/theme/uxicons/xxhdpi/com.oneplus.calculator/mat.png 340498-340501
//my_stock/media/theme/uxicons/xxhdpi/com.oneplus.calculator/nsd.png 340503
//my_stock/media/theme/uxicons/xxhdpi/com.oneplus.calculator/peb.png 340504
//my_stock/media/theme/uxicons/xxhdpi/com.oneplus.calculator/recbg.png 340505-340510
//my_stock/media/theme/uxicons/xxhdpi/com.oneplus.calculator/recfg.png 340512-340516
//my_stock/media/theme/uxicons/xxhdpi/com.oneplus.camera/mat.png 340518-340523
//my_stock/media/theme/uxicons/xxhdpi/com.oneplus.camera/peb.png 340525
//my_stock/media/theme/uxicons/xxhdpi/com.oneplus.camera/recbg.png 340527-340530
//my_stock/media/theme/uxicons/xxhdpi/com.oneplus.camera/recfg.png 340531-340537
//my_stock/media/theme/uxicons/xxhdpi/com.oneplus.deskclock/day.png 340538-340542
//my_stock/media/theme/uxicons/xxhdpi/com.oneplus.deskclock/mat.png 340543-340546
//my_stock/media/theme/uxicons/xxhdpi/com.oneplus.deskclock/peb.png 340549
//my_stock/media/theme/uxicons/xxhdpi/com.oneplus.deskclock/recbg.png 340550-340553
//my_stock/media/theme/uxicons/xxhdpi/com.oneplus.deskclock/recfg.png 340555
//my_stock/media/theme/uxicons/xxhdpi/com.oneplus.filemanager/day.png 340556-340559
//my_stock/media/theme/uxicons/xxhdpi/com.oneplus.filemanager/mat.png 340561-340564
//my_stock/media/theme/uxicons/xxhdpi/com.oneplus.filemanager/monochrome.png 340566
//my_stock/media/theme/uxicons/xxhdpi/com.oneplus.filemanager/recbg.png 340569-340574
//my_stock/media/theme/uxicons/xxhdpi/com.oneplus.filemanager/recfg.png 340575-340578
//my_stock/media/theme/uxicons/xxhdpi/com.oneplus.gallery/day.png 340580-340585
//my_stock/media/theme/uxicons/xxhdpi/com.oneplus.gallery/mat.png 340586-340590
//my_stock/media/theme/uxicons/xxhdpi/com.oneplus.gallery/peb.png 340593
//my_stock/media/theme/uxicons/xxhdpi/com.oneplus.gallery/recbg.png 340594-340599
//my_stock/media/theme/uxicons/xxhdpi/com.oneplus.gallery/recfg.png 340600-340603
//my_stock/media/theme/uxicons/xxhdpi/com.oneplus.mall/recbg.png 340605-340610
//my_stock/media/theme/uxicons/xxhdpi/com.oneplus.member/recbg.png 340613-340617
//my_stock/media/theme/uxicons/xxhdpi/com.oneplus.member/recfg.png 340619-340623
//my_stock/media/theme/uxicons/xxhdpi/com.oneplus.mms/recbg.png 340626-340631
//my_stock/media/theme/uxicons/xxhdpi/com.oneplus.mms/recfg.png 340632-340636
//my_stock/media/theme/uxicons/xxhdpi/com.oneplus.note/day.png 340638-340640
//my_stock/media/theme/uxicons/xxhdpi/com.oneplus.note/mat.png 340641-340645
//my_stock/media/theme/uxicons/xxhdpi/com.oneplus.note/recbg.png 340647-340652
//my_stock/media/theme/uxicons/xxhdpi/com.oneplus.note/recfg.png 340654-340656
//my_stock/media/theme/uxicons/xxhdpi/com.oneplus.soundrecorder/day.png 340657-340661
//my_stock/media/theme/uxicons/xxhdpi/com.oneplus.soundrecorder/mat.png 340662-340666
//my_stock/media/theme/uxicons/xxhdpi/com.oneplus.soundrecorder/recbg.png 340669-340672
//my_stock/media/theme/uxicons/xxhdpi/com.oneplus.soundrecorder/recfg.png 340674
//my_stock/media/theme/uxicons/xxhdpi/com.oneplus.store/recbg.png 340676-340681
//my_stock/media/theme/uxicons/xxhdpi/com.oplus.calendar/day.png 340684-340687
//my_stock/media/theme/uxicons/xxhdpi/com.oplus.camera/day.png 340688-340694
//my_stock/media/theme/uxicons/xxhdpi/com.oplus.camera/mat.png 340695
//my_stock/media/theme/uxicons/xxhdpi/com.oplus.camera/recbg.png 340697-340702
//my_stock/media/theme/uxicons/xxhdpi/com.oplus.camera/recfg.png 340704-340711
//my_stock/media/theme/uxicons/xxhdpi/com.oplus.consumerIRApp/day.png 340712-340714
//my_stock/media/theme/uxicons/xxhdpi/com.oplus.consumerIRApp/mat.png 340715-340717
//my_stock/media/theme/uxicons/xxhdpi/com.oplus.consumerIRApp/monochrome.png 340719
//my_stock/media/theme/uxicons/xxhdpi/com.oplus.consumerIRApp/peb.png 340721
//my_stock/media/theme/uxicons/xxhdpi/com.oplus.consumerIRApp/recbg.png 340722-340726
//my_stock/media/theme/uxicons/xxhdpi/com.oplus.consumerIRApp/recfg.png 340728-340729
//my_stock/media/theme/uxicons/xxhdpi/com.oplus.games/mat.png 340730-340734
//my_stock/media/theme/uxicons/xxhdpi/com.oplus.games/peb.png 340735
//my_stock/media/theme/uxicons/xxhdpi/com.oplus.games/recbg.png 340736-340741
//my_stock/media/theme/uxicons/xxhdpi/com.oplus.games/recfg.png 340743-340751
//my_stock/media/theme/uxicons/xxhdpi/com.oplus.logkit/recfg.png 340752-340753
//my_stock/media/theme/uxicons/xxhdpi/com.oplus.member/day.png 340754-340756
//my_stock/media/theme/uxicons/xxhdpi/com.oplus.phonemanager/day.png 340759-340763
//my_stock/media/theme/uxicons/xxhdpi/com.oplus.phonemanager/mat.png 340764-340765
//my_stock/media/theme/uxicons/xxhdpi/com.oplus.phonemanager/peb.png 340767-340768
//my_stock/media/theme/uxicons/xxhdpi/com.oplus.phonemanager/recbg.png 340769-340774
//my_stock/media/theme/uxicons/xxhdpi/com.oplus.phonemanager/recfg.png 340775
//my_stock/media/theme/uxicons/xxhdpi/com.oplus.play/day.png 340777-340780
//my_stock/media/theme/uxicons/xxhdpi/com.oplus.play/mat.png 340782
//my_stock/media/theme/uxicons/xxhdpi/com.oplus.themestore/mat.png 340785-340787
//my_stock/media/theme/uxicons/xxhdpi/com.oplus.themestore/recbg.png 340789-340794
//my_stock/media/theme/uxicons/xxhdpi/com.oplus.themestore/recfg.png 340795-340798
//my_stock/media/theme/uxicons/xxhdpi/com.oplus.vip/recbg.png 340799-340803
//my_stock/media/theme/uxicons/xxhdpi/com.oplus.vip/recfg.png 340805-340809
//my_stock/media/theme/uxicons/xxhdpi/com.opluskgd.onetaplocking/day.png 340811-340816
//my_stock/media/theme/uxicons/xxhdpi/com.opluskgd.onetaplocking/mat.png 340818-340824
//my_stock/media/theme/uxicons/xxhdpi/com.opluskgd.onetaplocking/peb.png 340826
//my_stock/media/theme/uxicons/xxhdpi/com.opluskgd.onetaplocking/recbg.png 340828-340833
//my_stock/media/theme/uxicons/xxhdpi/com.opluskgd.onetaplocking/recfg.png 340835-340844
//my_stock/media/theme/uxicons/xxhdpi/com.oppo.community/day.png 340846-340851
//my_stock/media/theme/uxicons/xxhdpi/com.paypal.android.p2pmobile/art_off.png 340855-340861
//my_stock/media/theme/uxicons/xxhdpi/com.paypal.android.p2pmobile/mat.png 340862
//my_stock/media/theme/uxicons/xxhdpi/com.paypal.android.p2pmobile/recbg.png 340863-340870
//my_stock/media/theme/uxicons/xxhdpi/com.paypal.android.p2pmobile/recfg.png 340872
//my_stock/media/theme/uxicons/xxhdpi/com.pingan.paces.ccms/nsd.png 340874
//my_stock/media/theme/uxicons/xxhdpi/com.pinterest/art_off.png 340875-340876
//my_stock/media/theme/uxicons/xxhdpi/com.pinterest/mat.png 340878
//my_stock/media/theme/uxicons/xxhdpi/com.redteamobile.roaming/day.png 340882-340888
//my_stock/media/theme/uxicons/xxhdpi/com.sina.weibo/nsd.png 340894
//my_stock/media/theme/uxicons/xxhdpi/com.snapchat.android/mat.png 340896
//my_stock/media/theme/uxicons/xxhdpi/com.spotify.music/mat.png 340899-340901
//my_stock/media/theme/uxicons/xxhdpi/com.spotify.music/recfg.png 340903-340905
//my_stock/media/theme/uxicons/xxhdpi/com.ss.android.article.lite/nsd.png 340907
//my_stock/media/theme/uxicons/xxhdpi/com.taobao.litetao/nsd.png 340914
//my_stock/media/theme/uxicons/xxhdpi/com.taobao.taobao/nsd.png 340916
//my_stock/media/theme/uxicons/xxhdpi/com.tencent.karaoke/nsd.png 340918
//my_stock/media/theme/uxicons/xxhdpi/com.tencent.mobileqq/nsd.png 340921
//my_stock/media/theme/uxicons/xxhdpi/com.tencent.news/nsd.png 340923
//my_stock/media/theme/uxicons/xxhdpi/com.tencent.qqmusic/nsd.png 340925
//my_stock/media/theme/uxicons/xxhdpi/com.tencent.tmgp.sgame/nsd.png 340928
//my_stock/media/theme/uxicons/xxhdpi/com.tianyancha.skyeye/nsd.png 340931
//my_stock/media/theme/uxicons/xxhdpi/com.tongcheng.android/nsd.png 340934
//my_stock/media/theme/uxicons/xxhdpi/com.twitter.android/art_off.png 340935
//my_stock/media/theme/uxicons/xxhdpi/com.xs.fm/nsd.png 340943
//my_stock/media/theme/uxicons/xxhdpi/com.xs.fm.lite/nsd.png 340944
//my_stock/media/theme/uxicons/xxhdpi/com.xt.retouch/nsd.png 340945
//my_stock/media/theme/uxicons/xxhdpi/com.xunmeng.pinduoduo/nsd.png 340946
//my_stock/media/theme/uxicons/xxhdpi/com.xyyzsgxyl.traceless/day.png 340947-340953
//my_stock/media/theme/uxicons/xxhdpi/com.yitong.mbank.psbc/nsd.png 340955
//my_stock/media/theme/uxicons/xxhdpi/com.youku.phone/nsd.png 340956
//my_stock/media/theme/uxicons/xxhdpi/ctrip.android.view/nsd.png 340958
//my_stock/media/theme/uxicons/xxhdpi/icons-daylight 340959-340967
//my_stock/media/theme/uxicons/xxhdpi/icons-meterial 340968-340972
//my_stock/media/theme/uxicons/xxhdpi/icons-nightshadow 340973
//my_stock/media/theme/uxicons/xxhdpi/icons-pebble 340974-340977
//my_stock/media/theme/uxicons/xxhdpi/icons-rectangle 340978-340989
//my_stock/media/theme/uxicons/xxhdpi/in.amazon.mShop.android.shopping/mat.png 340990-340992
//my_stock/media/theme/uxicons/xxhdpi/in.amazon.mShop.android.shopping/recbg.png 340993-340996
//my_stock/media/theme/uxicons/xxhdpi/me.ele/nsd.png 340998
//my_stock/media/theme/uxicons/xxhdpi/net.oneplus.forums/mat.png 340999-341004
//my_stock/media/theme/uxicons/xxhdpi/net.oneplus.forums/peb.png 341005
//my_stock/media/theme/uxicons/xxhdpi/net.oneplus.forums/recbg.png 341006-341010
//my_stock/media/theme/uxicons/xxhdpi/net.oneplus.forums/recfg.png 341011-341016
//my_stock/media/theme/uxicons/xxhdpi/net.oneplus.weather/day.png 341018-341024
//my_stock/media/theme/uxicons/xxhdpi/net.oneplus.weather/mat.png 341025-341029
//my_stock/media/theme/uxicons/xxhdpi/net.oneplus.weather/peb.png 341032
//my_stock/media/theme/uxicons/xxhdpi/net.oneplus.weather/recbg.png 341033-341038
//my_stock/media/theme/uxicons/xxhdpi/net.oneplus.weather/recfg.png 341040-341042
//my_stock/media/theme/uxicons/xxhdpi/tv.danmaku.bili/mat.png 341044-341049
//my_stock/media/theme/uxicons/xxhdpi/tv.danmaku.bili/nsd.png 341050-341051
//my_stock/media/theme/uxicons/xxhdpi/tv.danmaku.bili/recbg.png 341052
//my_stock/media/theme/uxicons/xxhdpi/tv.danmaku.bili/recfg.png 341054
//my_stock/media/theme/uxicons/xxxhdpi/andes.oplus.documentsreader/day.png 341057-341064
//my_stock/media/theme/uxicons/xxxhdpi/cmb.pb/nsd.png 341066
//my_stock/media/theme/uxicons/xxxhdpi/com.MobileTicket/nsd.png 341069
//my_stock/media/theme/uxicons/xxxhdpi/com.Qunar/nsd.png 341070
//my_stock/media/theme/uxicons/xxxhdpi/com.UCMobile/nsd.png 341072
//my_stock/media/theme/uxicons/xxxhdpi/com.achievo.vipshop/nsd.png 341073
//my_stock/media/theme/uxicons/xxxhdpi/com.airbnb.android/art_off.png 341074-341076
//my_stock/media/theme/uxicons/xxxhdpi/com.airbnb.android/mat.png 341078-341080
//my_stock/media/theme/uxicons/xxxhdpi/com.airbnb.android/recfg.png 341081-341082
//my_stock/media/theme/uxicons/xxxhdpi/com.alibaba.android.rimet/nsd.png 341084
//my_stock/media/theme/uxicons/xxxhdpi/com.alibaba.wireless/nsd.png 341085
//my_stock/media/theme/uxicons/xxxhdpi/com.android.bankabc/nsd.png 341086
//my_stock/media/theme/uxicons/xxxhdpi/com.android.bluetooth/share_blue.png 341088
//my_stock/media/theme/uxicons/xxxhdpi/com.android.contacts/day.png 341089-341097
//my_stock/media/theme/uxicons/xxxhdpi/com.android.contacts/dialer_day.png 341099-341107
//my_stock/media/theme/uxicons/xxxhdpi/com.android.contacts/dialer_mat.png 341109
//my_stock/media/theme/uxicons/xxxhdpi/com.android.contacts/dialer_recbg.png 341112-341119
//my_stock/media/theme/uxicons/xxxhdpi/com.android.contacts/dialer_recfg.png 341121-341124
//my_stock/media/theme/uxicons/xxxhdpi/com.android.contacts/mat.png 341126
//my_stock/media/theme/uxicons/xxxhdpi/com.android.contacts/recbg.png 341128-341135
//my_stock/media/theme/uxicons/xxxhdpi/com.android.contacts/recfg.png 341136-341140
//my_stock/media/theme/uxicons/xxxhdpi/com.android.email/day.png 341142-341151
//my_stock/media/theme/uxicons/xxxhdpi/com.android.fmradio/day.png 341153-341163
//my_stock/media/theme/uxicons/xxxhdpi/com.android.fmradio/mat.png 341165
//my_stock/media/theme/uxicons/xxxhdpi/com.android.fmradio/recfg.png 341167
//my_stock/media/theme/uxicons/xxxhdpi/com.android.mms/day.png 341168-341175
//my_stock/media/theme/uxicons/xxxhdpi/com.android.mms/recbg.png 341179-341188
//my_stock/media/theme/uxicons/xxxhdpi/com.android.mms/recfg.png 341190-341198
//my_stock/media/theme/uxicons/xxxhdpi/com.android.permissioncontroller/nsd.png 341200
//my_stock/media/theme/uxicons/xxxhdpi/com.android.settings/day.png 341201-341210
//my_stock/media/theme/uxicons/xxxhdpi/com.android.settings/mat.png 341211-341217
//my_stock/media/theme/uxicons/xxxhdpi/com.android.settings/peb.png 341221
//my_stock/media/theme/uxicons/xxxhdpi/com.android.settings/recbg.png 341223-341234
//my_stock/media/theme/uxicons/xxxhdpi/com.android.settings/recfg.png 341235-341238
//my_stock/media/theme/uxicons/xxxhdpi/com.android.stk/day.png 341239-341243
//my_stock/media/theme/uxicons/xxxhdpi/com.android.stk/mat.png 341245
//my_stock/media/theme/uxicons/xxxhdpi/com.baidu.BaiduMap/nsd.png 341248
//my_stock/media/theme/uxicons/xxxhdpi/com.baidu.netdisk/nsd.png 341250
//my_stock/media/theme/uxicons/xxxhdpi/com.baidu.searchbox/nsd.png 341251
//my_stock/media/theme/uxicons/xxxhdpi/com.baidu.searchbox.lite/nsd.png 341252
//my_stock/media/theme/uxicons/xxxhdpi/com.bankcomm.Bankcomm/nsd.png 341254
//my_stock/media/theme/uxicons/xxxhdpi/com.caf.fmradio/day.png 341256-341266
//my_stock/media/theme/uxicons/xxxhdpi/com.caf.fmradio/mat.png 341267
//my_stock/media/theme/uxicons/xxxhdpi/com.caf.fmradio/recfg.png 341269
//my_stock/media/theme/uxicons/xxxhdpi/com.chinamworld.bocmbci/nsd.png 341270
//my_stock/media/theme/uxicons/xxxhdpi/com.chinamworld.main/nsd.png 341272
//my_stock/media/theme/uxicons/xxxhdpi/com.coloros.alarmclock/day.png 341274-341282
//my_stock/media/theme/uxicons/xxxhdpi/com.coloros.backuprestore/day.png 341284-341289
//my_stock/media/theme/uxicons/xxxhdpi/com.coloros.calculator/day.png 341291-341304
//my_stock/media/theme/uxicons/xxxhdpi/com.coloros.calculator/nsd.png 341305
//my_stock/media/theme/uxicons/xxxhdpi/com.coloros.calendar/day.png 341306-341312
//my_stock/media/theme/uxicons/xxxhdpi/com.coloros.compass/day.png 341314-341324
//my_stock/media/theme/uxicons/xxxhdpi/com.coloros.compass/nsd.png 341326
//my_stock/media/theme/uxicons/xxxhdpi/com.coloros.compass2/day.png 341327-341337
//my_stock/media/theme/uxicons/xxxhdpi/com.coloros.compass2/nsd.png 341339
//my_stock/media/theme/uxicons/xxxhdpi/com.coloros.familyguard/day.png 341340-341348
//my_stock/media/theme/uxicons/xxxhdpi/com.coloros.filemanager/day.png 341351-341357
//my_stock/media/theme/uxicons/xxxhdpi/com.coloros.findmyphone/day.png 341359-341372
//my_stock/media/theme/uxicons/xxxhdpi/com.coloros.findmyphone/nsd.png 341373
//my_stock/media/theme/uxicons/xxxhdpi/com.coloros.findphone.client2/day.png 341374-341387
//my_stock/media/theme/uxicons/xxxhdpi/com.coloros.findphone.client2/nsd.png 341388
//my_stock/media/theme/uxicons/xxxhdpi/com.coloros.gallery3d/day.png 341389-341398
//my_stock/media/theme/uxicons/xxxhdpi/com.coloros.musiclink/day.png 341401-341410
//my_stock/media/theme/uxicons/xxxhdpi/com.coloros.note/day.png 341412-341416
//my_stock/media/theme/uxicons/xxxhdpi/com.coloros.ocrscanner/day.png 341418-341426
//my_stock/media/theme/uxicons/xxxhdpi/com.coloros.phonemanager/day.png 341429-341436
//my_stock/media/theme/uxicons/xxxhdpi/com.coloros.shortcuts/day.png 341439-341448
//my_stock/media/theme/uxicons/xxxhdpi/com.coloros.soundrecorder/day.png 341450-341458
//my_stock/media/theme/uxicons/xxxhdpi/com.coloros.video/day.png 341459-341468
//my_stock/media/theme/uxicons/xxxhdpi/com.coloros.video/nsd.png 341470
//my_stock/media/theme/uxicons/xxxhdpi/com.coloros.weather/day.png 341471-341482
//my_stock/media/theme/uxicons/xxxhdpi/com.coloros.weather2/day.png 341484-341495
//my_stock/media/theme/uxicons/xxxhdpi/com.dianping.v1/nsd.png 341497
//my_stock/media/theme/uxicons/xxxhdpi/com.douban.frodo/nsd.png 341498
//my_stock/media/theme/uxicons/xxxhdpi/com.dragon.read/nsd.png 341499
//my_stock/media/theme/uxicons/xxxhdpi/com.ebay.mobile/art_off.png 341500-341501
//my_stock/media/theme/uxicons/xxxhdpi/com.ebay.mobile/mat.png 341502-341503
//my_stock/media/theme/uxicons/xxxhdpi/com.ebay.mobile/recfg.png 341504
//my_stock/media/theme/uxicons/xxxhdpi/com.facebook.katana/art_off.png 341507-341514
//my_stock/media/theme/uxicons/xxxhdpi/com.facebook.katana/mat.png 341515
//my_stock/media/theme/uxicons/xxxhdpi/com.facebook.katana/recbg.png 341517-341518
//my_stock/media/theme/uxicons/xxxhdpi/com.finshell.wallet/day.png 341520-341530
//my_stock/media/theme/uxicons/xxxhdpi/com.gotokeep.keep/nsd.png 341533
//my_stock/media/theme/uxicons/xxxhdpi/com.greenpoint.android.mc10086.activity/nsd.png 341534
//my_stock/media/theme/uxicons/xxxhdpi/com.heytap.book/day.png 341536-341544
//my_stock/media/theme/uxicons/xxxhdpi/com.heytap.browser/day.png 341548-341557
//my_stock/media/theme/uxicons/xxxhdpi/com.heytap.browser/mat.png 341559-341561
//my_stock/media/theme/uxicons/xxxhdpi/com.heytap.browser/recfg.png 341564-341567
//my_stock/media/theme/uxicons/xxxhdpi/com.heytap.cloud/day.png 341569-341579
//my_stock/media/theme/uxicons/xxxhdpi/com.heytap.cloud/recbg.png 341583-341587
//my_stock/media/theme/uxicons/xxxhdpi/com.heytap.cloud/recfg.png 341588-341589
//my_stock/media/theme/uxicons/xxxhdpi/com.heytap.health/day.png 341591-341594
//my_stock/media/theme/uxicons/xxxhdpi/com.heytap.lock/day.png 341596-341606
//my_stock/media/theme/uxicons/xxxhdpi/com.heytap.market/day.png 341609-341616
//my_stock/media/theme/uxicons/xxxhdpi/com.heytap.music/day.png 341617-341625
//my_stock/media/theme/uxicons/xxxhdpi/com.heytap.music/mat.png 341627
//my_stock/media/theme/uxicons/xxxhdpi/com.heytap.quicksearchbox/day.png 341630-341639
//my_stock/media/theme/uxicons/xxxhdpi/com.heytap.quicksearchbox/nsd.png 341640
//my_stock/media/theme/uxicons/xxxhdpi/com.heytap.reader/day.png 341641-341649
//my_stock/media/theme/uxicons/xxxhdpi/com.heytap.smarthome/day.png 341654-341662
//my_stock/media/theme/uxicons/xxxhdpi/com.heytap.smarthome/recfg.png 341666-341667
//my_stock/media/theme/uxicons/xxxhdpi/com.heytap.themestore/day.png 341669-341678
//my_stock/media/theme/uxicons/xxxhdpi/com.heytap.themestore/mat.png 341680-341689
//my_stock/media/theme/uxicons/xxxhdpi/com.heytap.themestore/peb.png 341691
//my_stock/media/theme/uxicons/xxxhdpi/com.heytap.themestore/recbg.png 341693-341702
//my_stock/media/theme/uxicons/xxxhdpi/com.heytap.yoli/day.png 341703-341712
//my_stock/media/theme/uxicons/xxxhdpi/com.heytap.yoli/nsd.png 341714
//my_stock/media/theme/uxicons/xxxhdpi/com.hpbr.bosszhipin/nsd.png 341715
//my_stock/media/theme/uxicons/xxxhdpi/com.hunantv.imgo.activity/nsd.png 341716
//my_stock/media/theme/uxicons/xxxhdpi/com.icbc/nsd.png 341717
//my_stock/media/theme/uxicons/xxxhdpi/com.immomo.momo/nsd.png 341719
//my_stock/media/theme/uxicons/xxxhdpi/com.instagram.android/art_off.png 341720-341730
//my_stock/media/theme/uxicons/xxxhdpi/com.instagram.android/mat.png 341732-341733
//my_stock/media/theme/uxicons/xxxhdpi/com.instagram.android/recbg.png 341734-341741
//my_stock/media/theme/uxicons/xxxhdpi/com.jingdong.app.mall/nsd.png 341743
//my_stock/media/theme/uxicons/xxxhdpi/com.kuaishou.nebula/nsd.png 341745
//my_stock/media/theme/uxicons/xxxhdpi/com.kugou.android/nsd.png 341746
//my_stock/media/theme/uxicons/xxxhdpi/com.kugou.android.lite/nsd.png 341747
//my_stock/media/theme/uxicons/xxxhdpi/com.lemon.lv/nsd.png 341751
//my_stock/media/theme/uxicons/xxxhdpi/com.miHoYo.Yuanshen/nsd.png 341754
//my_stock/media/theme/uxicons/xxxhdpi/com.miHoYo.hkrpg/nsd.png 341756
//my_stock/media/theme/uxicons/xxxhdpi/com.microsoft.office.outlook/art_off.png 341757-341760
//my_stock/media/theme/uxicons/xxxhdpi/com.microsoft.office.outlook/mat.png 341761
//my_stock/media/theme/uxicons/xxxhdpi/com.microsoft.office.outlook/recfg.png 341762
//my_stock/media/theme/uxicons/xxxhdpi/com.moji.mjweather/nsd.png 341763
//my_stock/media/theme/uxicons/xxxhdpi/com.mt.mtxx.mtxx/nsd.png 341764
//my_stock/media/theme/uxicons/xxxhdpi/com.nearme.gamecenter/day.png 341765-341771
//my_stock/media/theme/uxicons/xxxhdpi/com.nearme.gamecenter/recbg.png 341776
//my_stock/media/theme/uxicons/xxxhdpi/com.nearme.gamecenter/recfg.png 341777-341778
//my_stock/media/theme/uxicons/xxxhdpi/com.nearme.instant.platform/day.png 341779-341783
//my_stock/media/theme/uxicons/xxxhdpi/com.netease.cloudmusic/nsd.png 341786
//my_stock/media/theme/uxicons/xxxhdpi/com.oneplus.backuprestore/day.png 341788-341793
//my_stock/media/theme/uxicons/xxxhdpi/com.oneplus.backuprestore/mat.png 341794-341805
//my_stock/media/theme/uxicons/xxxhdpi/com.oneplus.backuprestore/peb.png 341807
//my_stock/media/theme/uxicons/xxxhdpi/com.oneplus.backuprestore/recbg.png 341808-341814
//my_stock/media/theme/uxicons/xxxhdpi/com.oneplus.backuprestore/recfg.png 341816-341819
//my_stock/media/theme/uxicons/xxxhdpi/com.oneplus.brickmode/day.png 341821-341832
//my_stock/media/theme/uxicons/xxxhdpi/com.oneplus.brickmode/nsd.png 341834
//my_stock/media/theme/uxicons/xxxhdpi/com.oneplus.brickmode/recbg.png 341836-341847
//my_stock/media/theme/uxicons/xxxhdpi/com.oneplus.brickmode/recfg.png 341848-341864
//my_stock/media/theme/uxicons/xxxhdpi/com.oneplus.calculator/day.png 341866-341879
//my_stock/media/theme/uxicons/xxxhdpi/com.oneplus.calculator/mat.png 341880-341886
//my_stock/media/theme/uxicons/xxxhdpi/com.oneplus.calculator/nsd.png 341888
//my_stock/media/theme/uxicons/xxxhdpi/com.oneplus.calculator/peb.png 341889
//my_stock/media/theme/uxicons/xxxhdpi/com.oneplus.calculator/recbg.png 341891-341901
//my_stock/media/theme/uxicons/xxxhdpi/com.oneplus.calculator/recfg.png 341903-341911
//my_stock/media/theme/uxicons/xxxhdpi/com.oneplus.camera/mat.png 341912-341921
//my_stock/media/theme/uxicons/xxxhdpi/com.oneplus.camera/peb.png 341924-341925
//my_stock/media/theme/uxicons/xxxhdpi/com.oneplus.camera/recbg.png 341926-341932
//my_stock/media/theme/uxicons/xxxhdpi/com.oneplus.camera/recfg.png 341933-341943 341944
//my_stock/media/theme/uxicons/xxxhdpi/com.oneplus.deskclock/day.png 341945-341953
//my_stock/media/theme/uxicons/xxxhdpi/com.oneplus.deskclock/mat.png 341954-341960
//my_stock/media/theme/uxicons/xxxhdpi/com.oneplus.deskclock/peb.png 341962
//my_stock/media/theme/uxicons/xxxhdpi/com.oneplus.deskclock/recbg.png 341964-341971
//my_stock/media/theme/uxicons/xxxhdpi/com.oneplus.deskclock/recfg.png 341972
//my_stock/media/theme/uxicons/xxxhdpi/com.oneplus.filemanager/day.png 341974-341980
//my_stock/media/theme/uxicons/xxxhdpi/com.oneplus.filemanager/mat.png 341982-341988
//my_stock/media/theme/uxicons/xxxhdpi/com.oneplus.filemanager/monochrome.png 341990-341991
//my_stock/media/theme/uxicons/xxxhdpi/com.oneplus.filemanager/peb.png 341993
//my_stock/media/theme/uxicons/xxxhdpi/com.oneplus.filemanager/recbg.png 341994-342004
//my_stock/media/theme/uxicons/xxxhdpi/com.oneplus.filemanager/recfg.png 342005-342011
//my_stock/media/theme/uxicons/xxxhdpi/com.oneplus.gallery/day.png 342013-342022
//my_stock/media/theme/uxicons/xxxhdpi/com.oneplus.gallery/mat.png 342024-342032
//my_stock/media/theme/uxicons/xxxhdpi/com.oneplus.gallery/peb.png 342034
//my_stock/media/theme/uxicons/xxxhdpi/com.oneplus.gallery/recbg.png 342035-342044
//my_stock/media/theme/uxicons/xxxhdpi/com.oneplus.gallery/recfg.png 342046-342052
//my_stock/media/theme/uxicons/xxxhdpi/com.oneplus.mall/recbg.png 342055-342066
//my_stock/media/theme/uxicons/xxxhdpi/com.oneplus.member/recbg.png 342068-342077
//my_stock/media/theme/uxicons/xxxhdpi/com.oneplus.member/recfg.png 342078-342087
//my_stock/media/theme/uxicons/xxxhdpi/com.oneplus.mms/recbg.png 342089-342098
//my_stock/media/theme/uxicons/xxxhdpi/com.oneplus.mms/recfg.png 342100-342108
//my_stock/media/theme/uxicons/xxxhdpi/com.oneplus.note/day.png 342110-342114
//my_stock/media/theme/uxicons/xxxhdpi/com.oneplus.note/mat.png 342116-342123
//my_stock/media/theme/uxicons/xxxhdpi/com.oneplus.note/peb.png 342125
//my_stock/media/theme/uxicons/xxxhdpi/com.oneplus.note/recbg.png 342126-342136
//my_stock/media/theme/uxicons/xxxhdpi/com.oneplus.note/recfg.png 342138-342142
//my_stock/media/theme/uxicons/xxxhdpi/com.oneplus.soundrecorder/day.png 342144-342152
//my_stock/media/theme/uxicons/xxxhdpi/com.oneplus.soundrecorder/mat.png 342153-342161
//my_stock/media/theme/uxicons/xxxhdpi/com.oneplus.soundrecorder/peb.png 342162
//my_stock/media/theme/uxicons/xxxhdpi/com.oneplus.soundrecorder/recbg.png 342163-342169
//my_stock/media/theme/uxicons/xxxhdpi/com.oneplus.soundrecorder/recfg.png 342171
//my_stock/media/theme/uxicons/xxxhdpi/com.oneplus.store/recbg.png 342174-342185
//my_stock/media/theme/uxicons/xxxhdpi/com.oplus.calendar/day.png 342187-342193
//my_stock/media/theme/uxicons/xxxhdpi/com.oplus.camera/day.png 342195-342205
//my_stock/media/theme/uxicons/xxxhdpi/com.oplus.camera/mat.png 342207
//my_stock/media/theme/uxicons/xxxhdpi/com.oplus.camera/recbg.png 342211-342221
//my_stock/media/theme/uxicons/xxxhdpi/com.oplus.camera/recfg.png 342223-342235
//my_stock/media/theme/uxicons/xxxhdpi/com.oplus.consumerIRApp/day.png 342236-342240
//my_stock/media/theme/uxicons/xxxhdpi/com.oplus.consumerIRApp/mat.png 342241-342246
//my_stock/media/theme/uxicons/xxxhdpi/com.oplus.consumerIRApp/monochrome.png 342247
//my_stock/media/theme/uxicons/xxxhdpi/com.oplus.consumerIRApp/peb.png 342250
//my_stock/media/theme/uxicons/xxxhdpi/com.oplus.consumerIRApp/recbg.png 342252-342260
//my_stock/media/theme/uxicons/xxxhdpi/com.oplus.consumerIRApp/recfg.png 342262-342264
//my_stock/media/theme/uxicons/xxxhdpi/com.oplus.games/mat.png 342266-342273
//my_stock/media/theme/uxicons/xxxhdpi/com.oplus.games/peb.png 342275
//my_stock/media/theme/uxicons/xxxhdpi/com.oplus.games/recbg.png 342277-342287
//my_stock/media/theme/uxicons/xxxhdpi/com.oplus.games/recfg.png 342289-342303
//my_stock/media/theme/uxicons/xxxhdpi/com.oplus.logkit/recfg.png 342304-342306
//my_stock/media/theme/uxicons/xxxhdpi/com.oplus.member/day.png 342308-342313
//my_stock/media/theme/uxicons/xxxhdpi/com.oplus.phonemanager/day.png 342316-342323
//my_stock/media/theme/uxicons/xxxhdpi/com.oplus.phonemanager/mat.png 342325-342327
//my_stock/media/theme/uxicons/xxxhdpi/com.oplus.phonemanager/peb.png 342329-342331
//my_stock/media/theme/uxicons/xxxhdpi/com.oplus.phonemanager/recbg.png 342332-342341
//my_stock/media/theme/uxicons/xxxhdpi/com.oplus.phonemanager/recfg.png 342343-342344
//my_stock/media/theme/uxicons/xxxhdpi/com.oplus.play/day.png 342346-342352
//my_stock/media/theme/uxicons/xxxhdpi/com.oplus.play/mat.png 342354
//my_stock/media/theme/uxicons/xxxhdpi/com.oplus.play/recfg.png 342358
//my_stock/media/theme/uxicons/xxxhdpi/com.oplus.themestore/mat.png 342359-342362
//my_stock/media/theme/uxicons/xxxhdpi/com.oplus.themestore/recbg.png 342364-342373
//my_stock/media/theme/uxicons/xxxhdpi/com.oplus.themestore/recfg.png 342375-342380
//my_stock/media/theme/uxicons/xxxhdpi/com.oplus.vip/recbg.png 342382-342391
//my_stock/media/theme/uxicons/xxxhdpi/com.oplus.vip/recfg.png 342392-342401
//my_stock/media/theme/uxicons/xxxhdpi/com.opluskgd.onetaplocking/day.png 342402-342412
//my_stock/media/theme/uxicons/xxxhdpi/com.opluskgd.onetaplocking/mat.png 342413-342423
//my_stock/media/theme/uxicons/xxxhdpi/com.opluskgd.onetaplocking/peb.png 342426-342427
//my_stock/media/theme/uxicons/xxxhdpi/com.opluskgd.onetaplocking/recbg.png 342429-342439
//my_stock/media/theme/uxicons/xxxhdpi/com.opluskgd.onetaplocking/recfg.png 342441-342458
//my_stock/media/theme/uxicons/xxxhdpi/com.oppo.community/day.png 342459-342467
//my_stock/media/theme/uxicons/xxxhdpi/com.oppo.community/nsd.png 342469
//my_stock/media/theme/uxicons/xxxhdpi/com.paypal.android.p2pmobile/art_off.png 342472-342478
//my_stock/media/theme/uxicons/xxxhdpi/com.paypal.android.p2pmobile/mat.png 342479
//my_stock/media/theme/uxicons/xxxhdpi/com.paypal.android.p2pmobile/recbg.png 342480-342487
//my_stock/media/theme/uxicons/xxxhdpi/com.paypal.android.p2pmobile/recfg.png 342489
//my_stock/media/theme/uxicons/xxxhdpi/com.phoenix.read/nsd.png 342490
//my_stock/media/theme/uxicons/xxxhdpi/com.pingan.paces.ccms/nsd.png 342491
//my_stock/media/theme/uxicons/xxxhdpi/com.pinterest/art_off.png 342493-342495
//my_stock/media/theme/uxicons/xxxhdpi/com.pinterest/mat.png 342496
//my_stock/media/theme/uxicons/xxxhdpi/com.quark.browser/nsd.png 342501
//my_stock/media/theme/uxicons/xxxhdpi/com.redteamobile.roaming/day.png 342502-342513
//my_stock/media/theme/uxicons/xxxhdpi/com.sankuai.meituan.takeoutnew/nsd.png 342517
//my_stock/media/theme/uxicons/xxxhdpi/com.sina.weibo/nsd.png 342520
//my_stock/media/theme/uxicons/xxxhdpi/com.snapchat.android/mat.png 342523
//my_stock/media/theme/uxicons/xxxhdpi/com.sohu.inputmethod.sogou/nsd.png 342527
//my_stock/media/theme/uxicons/xxxhdpi/com.spotify.music/mat.png 342528-342530
//my_stock/media/theme/uxicons/xxxhdpi/com.spotify.music/recfg.png 342532-342534
//my_stock/media/theme/uxicons/xxxhdpi/com.ss.android.article.lite/nsd.png 342535
//my_stock/media/theme/uxicons/xxxhdpi/com.ss.android.article.news/nsd.png 342536
//my_stock/media/theme/uxicons/xxxhdpi/com.ss.android.article.video/nsd.png 342537
//my_stock/media/theme/uxicons/xxxhdpi/com.ss.android.ugc.aweme/nsd.png 342538
//my_stock/media/theme/uxicons/xxxhdpi/com.ss.android.ugc.aweme.lite/nsd.png 342539
//my_stock/media/theme/uxicons/xxxhdpi/com.ss.android.ugc.live/nsd.png 342540
//my_stock/media/theme/uxicons/xxxhdpi/com.taobao.litetao/nsd.png 342542
//my_stock/media/theme/uxicons/xxxhdpi/com.taobao.live/nsd.png 342544
//my_stock/media/theme/uxicons/xxxhdpi/com.taobao.taobao/nsd.png 342545
//my_stock/media/theme/uxicons/xxxhdpi/com.tencent.android.qqdownloader/nsd.png 342546
//my_stock/media/theme/uxicons/xxxhdpi/com.tencent.karaoke/nsd.png 342547
//my_stock/media/theme/uxicons/xxxhdpi/com.tencent.map/nsd.png 342549
//my_stock/media/theme/uxicons/xxxhdpi/com.tencent.mm/nsd.png 342550
//my_stock/media/theme/uxicons/xxxhdpi/com.tencent.mobileqq/nsd.png 342551
//my_stock/media/theme/uxicons/xxxhdpi/com.tencent.mtt/nsd.png 342552
//my_stock/media/theme/uxicons/xxxhdpi/com.tencent.news/nsd.png 342553
//my_stock/media/theme/uxicons/xxxhdpi/com.tencent.qqlive/nsd.png 342555
//my_stock/media/theme/uxicons/xxxhdpi/com.tencent.qqmusic/nsd.png 342556
//my_stock/media/theme/uxicons/xxxhdpi/com.tencent.qqpimsecure/nsd.png 342558
//my_stock/media/theme/uxicons/xxxhdpi/com.tencent.tmgp.pubgmhd/nsd.png 342559
//my_stock/media/theme/uxicons/xxxhdpi/com.tencent.tmgp.sgame/nsd.png 342560
//my_stock/media/theme/uxicons/xxxhdpi/com.tencent.wework/nsd.png 342562
//my_stock/media/theme/uxicons/xxxhdpi/com.tianyancha.skyeye/nsd.png 342564
//my_stock/media/theme/uxicons/xxxhdpi/com.tmall.wireless/nsd.png 342565
//my_stock/media/theme/uxicons/xxxhdpi/com.tongcheng.android/nsd.png 342567
//my_stock/media/theme/uxicons/xxxhdpi/com.twitter.android/art_off.png 342569
//my_stock/media/theme/uxicons/xxxhdpi/com.videogo/nsd.png 342573
//my_stock/media/theme/uxicons/xxxhdpi/com.wuba/nsd.png 342574
//my_stock/media/theme/uxicons/xxxhdpi/com.xhey.xcamera/nsd.png 342576
//my_stock/media/theme/uxicons/xxxhdpi/com.xs.fm/nsd.png 342579
//my_stock/media/theme/uxicons/xxxhdpi/com.xs.fm.lite/nsd.png 342580
//my_stock/media/theme/uxicons/xxxhdpi/com.xt.retouch/nsd.png 342582
//my_stock/media/theme/uxicons/xxxhdpi/com.xunmeng.pinduoduo/nsd.png 342584
//my_stock/media/theme/uxicons/xxxhdpi/com.xyyzsgxyl.traceless/day.png 342585-342596
//my_stock/media/theme/uxicons/xxxhdpi/com.yitong.mbank.psbc/nsd.png 342599
//my_stock/media/theme/uxicons/xxxhdpi/com.youku.phone/nsd.png 342600
//my_stock/media/theme/uxicons/xxxhdpi/ctrip.android.view/nsd.png 342602
//my_stock/media/theme/uxicons/xxxhdpi/icons-daylight 342604-342616
//my_stock/media/theme/uxicons/xxxhdpi/icons-meterial 342617-342623
//my_stock/media/theme/uxicons/xxxhdpi/icons-nightshadow 342624
//my_stock/media/theme/uxicons/xxxhdpi/icons-pebble 342625-342628
//my_stock/media/theme/uxicons/xxxhdpi/icons-rectangle 342629-342644
//my_stock/media/theme/uxicons/xxxhdpi/in.amazon.mShop.android.shopping/mat.png 342645-342649
//my_stock/media/theme/uxicons/xxxhdpi/in.amazon.mShop.android.shopping/recbg.png 342650-342656
//my_stock/media/theme/uxicons/xxxhdpi/me.ele/nsd.png 342658
//my_stock/media/theme/uxicons/xxxhdpi/net.oneplus.forums/mat.png 342659-342667
//my_stock/media/theme/uxicons/xxxhdpi/net.oneplus.forums/peb.png 342669
//my_stock/media/theme/uxicons/xxxhdpi/net.oneplus.forums/recbg.png 342671-342679
//my_stock/media/theme/uxicons/xxxhdpi/net.oneplus.forums/recfg.png 342680-342690
//my_stock/media/theme/uxicons/xxxhdpi/net.oneplus.weather/day.png 342691-342702
//my_stock/media/theme/uxicons/xxxhdpi/net.oneplus.weather/mat.png 342703-342711
//my_stock/media/theme/uxicons/xxxhdpi/net.oneplus.weather/peb.png 342713
//my_stock/media/theme/uxicons/xxxhdpi/net.oneplus.weather/recbg.png 342715-342725
//my_stock/media/theme/uxicons/xxxhdpi/net.oneplus.weather/recfg.png 342726-342730
//my_stock/media/theme/uxicons/xxxhdpi/sm.ss43djh.sqw23/nsd.png 342731
//my_stock/media/theme/uxicons/xxxhdpi/tv.danmaku.bili/mat.png 342732-342740
//my_stock/media/theme/uxicons/xxxhdpi/tv.danmaku.bili/nsd.png 342742-342743
//my_stock/media/theme/uxicons/xxxhdpi/tv.danmaku.bili/recbg.png 342745-342751
//my_stock/media/theme/uxicons/xxxhdpi/tv.danmaku.bili/recfg.png 342753-342754
//my_stock/non_overlay/app/OBrain/OBrain.apk 342755-343302
//my_stock/opex/Omoji.opex 343303-369717
//my_stock/oplus/startup_config.xml 369735
//my_stock/oplus/startup_manager.xml 369736-369738
//my_stock/oplus/sys_alarm_filterpackages_list.xml 369739
//my_stock/overlay/OplusFwkResOverlay/OplusFwkResOverlay.apk 369741-369748
//my_stock/overlay/OplusSystemuiResOverlay/OplusSystemuiResOverlay.apk 369749-369757
//my_stock/overlay/market_exp_overlay.apk 369758-369796
//my_stock/priv-app/AccessoryFramework/AccessoryFramework.apk 369797-376169
//my_stock/priv-app/AccessoryFramework/oat/arm64/AccessoryFramework.vdex 376176-376257
//my_stock/priv-app/BlackListApp/BlackListApp.apk 376258-378167
//my_stock/priv-app/BlackListApp/oat/arm64/BlackListApp.vdex 378170-378202
//my_stock/priv-app/ColorfulEngine/ColorfulEngine.apk 378203-383353
//my_stock/priv-app/ColorfulEngine/oat/arm64/ColorfulEngine.vdex 383359-383398
//my_stock/priv-app/Contacts/Contacts.apk 383399-392420
//my_stock/priv-app/Contacts/Contacts.apk.prof 392429-392434
//my_stock/priv-app/Contacts/oat/arm64/Contacts.art 392435-392655
//my_stock/priv-app/Contacts/oat/arm64/Contacts.odex 392656-393292
//my_stock/priv-app/Contacts/oat/arm64/Contacts.vdex 393293-393362
//my_stock/priv-app/Cota/Cota.apk 393363-395017
//my_stock/priv-app/Cota/oat/arm64/Cota.vdex 395020-395042
//my_stock/priv-app/DCS/DCS.apk 395043-396378
//my_stock/priv-app/DCS/oat/arm64/DCS.vdex 396381-396406
//my_stock/priv-app/DSF/DSF.apk 396407-398416
//my_stock/priv-app/DSF/oat/arm64/DSF.vdex 398419-398446
//my_stock/priv-app/DeviceIntegrationService/DeviceIntegrationService.apk 398447-398881
//my_stock/priv-app/DeviceIntegrationService/oat/arm64/DeviceIntegrationService.vdex 398882-398889
//my_stock/priv-app/Games/Games.apk 398890-413684
//my_stock/priv-app/Games/oat/arm64/Games.vdex 413699-413896
//my_stock/priv-app/GlobalSearch/GlobalSearch.apk 413897-423808
//my_stock/priv-app/GlobalSearch/oat/arm64/GlobalSearch.vdex 423819-423978
//my_stock/priv-app/HeyCast/HeyCast.apk 423979-425657
//my_stock/priv-app/HeyCast/oat/arm64/HeyCast.vdex 425660-425682
//my_stock/priv-app/InCallUI/InCallUI.apk 425683-428971
//my_stock/priv-app/InCallUI/oat/arm64/InCallUI.vdex 428975-429010
//my_stock/priv-app/KeKeMarket/KeKeMarket.apk 429011-441512
//my_stock/priv-app/KeKeMarket/oat/arm64/KeKeMarket.vdex 441525-441687
//my_stock/priv-app/KeKeThemeSpace/KeKeThemeSpace.apk 441688-458081
//my_stock/priv-app/KeKeThemeSpace/oat/arm64/KeKeThemeSpace.vdex 458097-458288
//my_stock/priv-app/KeKeUserCenter/KeKeUserCenter.apk 458289-466071
//my_stock/priv-app/KeKeUserCenter/oat/arm64/KeKeUserCenter.vdex 466079-466155
//my_stock/priv-app/LinktoWindows/LinktoWindows.apk 466156-477547
//my_stock/priv-app/LinktoWindows/oat/arm64/LinktoWindows.vdex 477559-477717
//my_stock/priv-app/LockAssistant/LockAssistant.apk 477718-479059
//my_stock/priv-app/LockAssistant/oat/arm64/LockAssistant.vdex 479062-479086
//my_stock/priv-app/MDSService/MDSService.apk 479087-479971
//my_stock/priv-app/MDSService/oat/arm64/MDSService.vdex 479973-479984
//my_stock/priv-app/MediaTurbo/MediaTurbo.apk 479985-480203
//my_stock/priv-app/MediaTurbo/oat/arm64/MediaTurbo.vdex 480204-480208
//my_stock/priv-app/Metis/Metis.apk 480209-482283
//my_stock/priv-app/Metis/oat/arm64/Metis.vdex 482286-482332
//my_stock/priv-app/Mms/Mms.apk 482333-491758
//my_stock/priv-app/Mms/Mms.apk.prof 491768-491771
//my_stock/priv-app/Mms/oat/arm64/Mms.art 491773-492070
//my_stock/priv-app/Mms/oat/arm64/Mms.odex 492071-492880
//my_stock/priv-app/Mms/oat/arm64/Mms.vdex 492881-492968
//my_stock/priv-app/NumberRecognition/NumberRecognition.apk 492969-494454
//my_stock/priv-app/NumberRecognition/oat/arm64/NumberRecognition.vdex 494457-494474
//my_stock/priv-app/OPMemberShip/OPMemberShip.apk 494475-498803
//my_stock/priv-app/OPMemberShip/oat/arm64/OPMemberShip.vdex 498809-498873
//my_stock/priv-app/OPSynergy/OPSynergy.apk 498874-503878
//my_stock/priv-app/OPSynergy/oat/arm64/OPSynergy.vdex 503885-503957
//my_stock/priv-app/OShare/OShare.apk 503958-506757
//my_stock/priv-app/OShare/oat/arm64/OShare.vdex 506761-506807
//my_stock/priv-app/Omacp/Omacp.apk 506808-507698
//my_stock/priv-app/Omacp/oat/arm64/Omacp.vdex 507699-507713
//my_stock/priv-app/OplusBootReg/OplusBootReg.apk 507714-513120
//my_stock/priv-app/OplusBootReg/OplusBootReg.apk.prof 513127
//my_stock/priv-app/OplusBootReg/oat/arm64/OplusBootReg.art 513128-513184
//my_stock/priv-app/OplusBootReg/oat/arm64/OplusBootReg.odex 513185-513356
//my_stock/priv-app/OplusBootReg/oat/arm64/OplusBootReg.vdex 513357-513404
//my_stock/priv-app/OplusScreenRecorder/OplusScreenRecorder.apk 513405-515549
//my_stock/priv-app/OplusScreenRecorder/oat/arm64/OplusScreenRecorder.vdex 515553-515580
//my_stock/priv-app/OppoGallery2/OppoGallery2.apk 515581-560979
//my_stock/priv-app/OppoGallery2/OppoGallery2.apk.prof 561016-561020
//my_stock/priv-app/OppoGallery2/oat/arm64/OppoGallery2.art 561021-561515
//my_stock/priv-app/OppoGallery2/oat/arm64/OppoGallery2.odex 561516-562220
//my_stock/priv-app/OppoGallery2/oat/arm64/OppoGallery2.vdex 562221-562453
//my_stock/priv-app/OppoTranslationService/OppoTranslationService.apk 562454-567688
//my_stock/priv-app/OppoTranslationService/oat/arm64/OppoTranslationService.vdex 567693-567734
//my_stock/priv-app/PhoneManager/PhoneManager.apk 567735-580221
//my_stock/priv-app/PhoneManager/lib/arm64/libaiunit_sdk_core.so 580233-580234
//my_stock/priv-app/PhoneManager/lib/arm64/libapplovin-native-crash-reporter.so 580235-580315
//my_stock/priv-app/PhoneManager/lib/arm64/libcrypto.so 580316-580338
//my_stock/priv-app/PhoneManager/lib/arm64/libdcc_cipher.so 580339-580340
//my_stock/priv-app/PhoneManager/lib/arm64/libmmkv.so 580341-580422
//my_stock/priv-app/Screenshot/Screenshot.apk 580423-585993
//my_stock/priv-app/Screenshot/oat/arm64/Screenshot.vdex 585999-586039
//my_stock/priv-app/UMS/UMS.apk 586040-593954
//my_stock/priv-app/UMS/oat/arm64/UMS.vdex 593961-594017
//my_stock/priv-app/Wallpapers/Wallpapers.apk 594018-603823
//my_stock/priv-app/Wallpapers/oat/arm64/Wallpapers.vdex 603832-603917
//my_stock/priv-app/dmp/dmp.apk 603918-611057
//my_stock/priv-app/dmp/oat/arm64/dmp.vdex 611065-611218
