//my_stock/app/AIUnit/AIUnit.apk 1-19654
//my_stock/app/AIUnit/lib/arm64/libQnnDsp.so 19666-19836
//my_stock/app/AIUnit/lib/arm64/libQnnDspV65Stub.so 19838-19879
//my_stock/app/AIUnit/lib/arm64/libQnnDspV66Stub.so 19880-19913
//my_stock/app/AIUnit/lib/arm64/libQnnHtp.so 19914-20156
//my_stock/app/AIUnit/lib/arm64/libQnnHtpNetRunExtensions.so 20157-20237
//my_stock/app/AIUnit/lib/arm64/libQnnHtpPrepare.so 20238-26693
//my_stock/app/AIUnit/lib/arm64/libQnnHtpV68Stub.so 26701-26735
//my_stock/app/AIUnit/lib/arm64/libQnnHtpV69Stub.so 26736-26770
//my_stock/app/AIUnit/lib/arm64/libQnnHtpV73Stub.so 26771-26821
//my_stock/app/AIUnit/lib/arm64/libQnnHtpV75Stub.so 26822-26872
//my_stock/app/AIUnit/lib/arm64/libQnnHtpV79Stub.so 26873-26923
//my_stock/app/AIUnit/lib/arm64/libQnnSystem.so 26924-26952
//my_stock/app/AIUnit/lib/arm64/libaiboost.so 26953-28046
//my_stock/app/AIUnit/lib/arm64/libaiboost_llm.so 28049-28147
//my_stock/app/AIUnit/lib/arm64/libaiboost_neuron_delegate.so 28148-28237
//my_stock/app/AIUnit/lib/arm64/libaiboost_qnn_external_delegate.so 28238-28352
//my_stock/app/AIUnit/lib/arm64/libaiunit_framework.so 28353-28445
//my_stock/app/AIUnit/lib/arm64/libaiunit_framework_jni.so 28446-28457
//my_stock/app/AIUnit/lib/arm64/libaiunit_sdk_core.so 28458-28459
//my_stock/app/AIUnit/lib/arm64/libc++.so 28460-28532
//my_stock/app/AIUnit/lib/arm64/libc++_shared.so 28533-28629
//my_stock/app/AIUnit/lib/arm64/libcore_tokenizers.so 28630-29857
//my_stock/app/AIUnit/lib/arm64/libdatastore_shared_counter.so 29859
//my_stock/app/AIUnit/lib/arm64/libdmabufheap.so 29860-29871
//my_stock/app/AIUnit/lib/arm64/libheytaplog.so 29872-29880
//my_stock/app/AIUnit/lib/arm64/libmtk_llm.so 29881-30900
//my_stock/app/AIUnit/lib/arm64/libopencv_java4.so 30903-33153
//my_stock/app/AIUnit/lib/arm64/libqcom_llm.so 33157-34169
//my_stock/app/AIUnit/lib/arm64/libsqlcipher.so 34172-34661
//my_stock/app/AIUnit/lib/arm64/libtransformer_lite.so 34662-35154
//my_stock/app/AIUnit/oat/arm64/AIUnit.vdex 35155-35202
//my_stock/app/ARCore/ARCore.apk 35203-35481
//my_stock/app/Aod/Aod.apk 35482-44453
//my_stock/app/Aod/lib/arm64/libVFX.so 44460-44842
//my_stock/app/Aod/lib/arm64/libhandpaintedeffects.so 44843-44892
//my_stock/app/Aod/lib/arm64/liboplus_gifdecoder.so 44893-44919
//my_stock/app/Aod/lib/arm64/liboplus_image_process.so 44920-44921
//my_stock/app/Aod/lib/arm64/liboplusos_lunar.so 44922-44924
//my_stock/app/Aod/oat/arm64/Aod.vdex 44925-44949
//my_stock/app/AssistantScreen/AssistantScreen.apk 44950-54299
//my_stock/app/AssistantScreen/oat/arm64/AssistantScreen.vdex 54308-54422
//my_stock/app/BeaconLink/BeaconLink.apk 54423-57574
//my_stock/app/BeaconLink/oat/arm64/BeaconLink.vdex 57579-57607
//my_stock/app/Browser/Browser.apk 57608-87153
//my_stock/app/COSA/COSA.apk 87178-92372
//my_stock/app/COSA/oat/arm64/COSA.vdex 92378-92402
//my_stock/app/Calculator2/Calculator2.apk 92403-94817
//my_stock/app/Calculator2/oat/arm64/Calculator2.vdex 94821-94846
//my_stock/app/ChildrenSpace/ChildrenSpace.apk 94847-102219
//my_stock/app/ChildrenSpace/oat/arm64/ChildrenSpace.vdex 102225-102251
//my_stock/app/ChromePartnerProvider/ChromePartnerProvider.apk 102252-102441
//my_stock/app/ChromePartnerProvider/oat/arm64/ChromePartnerProvider.vdex 102442-102444
//my_stock/app/Clock/Clock.apk 102445-107353
//my_stock/app/Clock/lib/arm64/libwatergradient.so 107357-107381
//my_stock/app/CloudService/CloudService.apk 107382-113417
//my_stock/app/ColorAccessibilityAssistant/ColorAccessibilityAssistant.apk 113422-116914
//my_stock/app/ColorAccessibilityAssistant/oat/arm64/ColorAccessibilityAssistant.vdex 116919-116952
//my_stock/app/ColorDirectService/ColorDirectService.apk 116953-119643
//my_stock/app/ColorDirectService/oat/arm64/ColorDirectService.vdex 119647-119687
//my_stock/app/EmailPartnerProvider/EmailPartnerProvider.apk 119688-119880
//my_stock/app/EmailPartnerProvider/oat/arm64/EmailPartnerProvider.vdex 119881-119883
//my_stock/app/FileEncryption/FileEncryption.apk 119884-121305
//my_stock/app/FileEncryption/oat/arm64/FileEncryption.vdex 121308-121332
//my_stock/app/FileManager/FileManager.apk 121333-126303
//my_stock/app/FileManager/FileManager.apk.prof 126309-126310
//my_stock/app/FileManager/oat/arm64/FileManager.art 126311-126474
//my_stock/app/FileManager/oat/arm64/FileManager.odex 126475-126827
//my_stock/app/FileManager/oat/arm64/FileManager.vdex 126828-126914
//my_stock/app/FloatAssistant/FloatAssistant.apk 126915-131981
//my_stock/app/FloatAssistant/oat/arm64/FloatAssistant.vdex 131988-132013
//my_stock/app/KeKePay/KeKePay.apk 132014-136564
//my_stock/app/KeKePay/lib/arm64/libAPSE_8.0.0.so 136569-136931
//my_stock/app/KeKePay/lib/arm64/libDXCaptcha-1.7.2.so 136932-136976
//my_stock/app/KeKePay/lib/arm64/libDXCaptcha-v1.8.0-oppo.a568ba6d.so 136977-137021
//my_stock/app/KeKePay/lib/arm64/libDXRisk-v6.1.7.5r-oppo.dda1a1a5.so 137022-137064
//my_stock/app/KeKePay/lib/arm64/libDXRiskComm-v6.1.7.5r-oppo.dda1a1a5.so 137065-137232
//my_stock/app/KeKePay/lib/arm64/libheytaplog.so 137233-137241
//my_stock/app/KeKePay/lib/arm64/libmmkv.so 137242-137315
//my_stock/app/KeKePay/lib/arm64/libmsp-core-lib.so 137316-137337
//my_stock/app/KeKePay/lib/arm64/libnesdk.so 137338-137535
//my_stock/app/KeKePay/lib/arm64/libopluslog.so 137536-137544
//my_stock/app/KeKePay/lib/arm64/libwb_tables_459410001354613984_1.so 137545-137557
//my_stock/app/KeKePay/lib/arm64/libwbkit-seckit3.so 137558-137572
//my_stock/app/KeKePay/oat/arm64/KeKePay.vdex 137573-137639
//my_stock/app/LocationProxy/LocationProxy.apk 137640-138628
//my_stock/app/LocationProxy/oat/arm64/LocationProxy.vdex 138629-138645
//my_stock/app/MCS/MCS.apk 138646-141403
//my_stock/app/MCS/lib/arm64/libheytap_mcs_cipheralgo_fixed.so 141407-141408
//my_stock/app/MCS/lib/arm64/libmmkv.so 141409-141466
//my_stock/app/MCS/oat/arm64/MCS.vdex 141467-141510
//my_stock/app/MSPService/MSPService.apk 141511-146247
//my_stock/app/Melody/Melody.apk 146252-150252
//my_stock/app/Melody/oat/arm64/Melody.vdex 150258-150297
//my_stock/app/OcrScanner/OcrScanner.apk 150298-156330
//my_stock/app/OcrScanner/oat/arm64/OcrScanner.vdex 156337-156370
//my_stock/app/OpenCapabilityService/OpenCapabilityService.apk 156371-157832
//my_stock/app/OpenCapabilityService/oat/arm64/OpenCapabilityService.vdex 157835-157859
//my_stock/app/OplusOperationManual/OplusOperationManual.apk 157860-161659
//my_stock/app/OplusOperationManual/oat/arm64/OplusOperationManual.vdex 161664-161709
//my_stock/app/OplusPhoneActivation/OplusPhoneActivation.apk 161710-162900
//my_stock/app/OplusPhoneActivation/oat/arm64/OplusPhoneActivation.vdex 162903-162920
//my_stock/app/OplusSecurityKeyboard/OplusSecurityKeyboard.apk 162921-163007
//my_stock/app/OppoWeather2/OppoWeather2.apk 163008-168530
//my_stock/app/OppoWeather2/oat/arm64/OppoWeather2.vdex 168536-168583
//my_stock/app/OppoWeatherService/OppoWeatherService.apk 168584-170005
//my_stock/app/OppoWeatherService/oat/arm64/OppoWeatherService.vdex 170008-170028
//my_stock/app/PhoneNOAreaInquireProvider/PhoneNOAreaInquireProvider.apk 170029-170757
//my_stock/app/PhoneNOAreaInquireProvider/oat/arm64/PhoneNOAreaInquireProvider.vdex 170758-170760
//my_stock/app/Portrait/Portrait.apk 170761-181045
//my_stock/app/Portrait/lib/arm64/libAncSegBaseJni.so 181052-181093
//my_stock/app/Portrait/lib/arm64/libAncSegBaseSdk.so 181094-181619
//my_stock/app/Portrait/lib/arm64/libCaptureBokeh.so 181620-181727
//my_stock/app/Portrait/lib/arm64/libMNN.so 181728-181897
//my_stock/app/Portrait/lib/arm64/libNvEffectSdkCore.so 181898-182997
//my_stock/app/Portrait/lib/arm64/libancbase_segbase.so 183000-184590
//my_stock/app/Portrait/lib/arm64/libc++_shared.so 184593-184680
//my_stock/app/Portrait/lib/arm64/libcvface_api.so 184681-187981
//my_stock/app/Portrait/lib/arm64/libgraphics-lib.so 187985-188009
//my_stock/app/Portrait/lib/arm64/libimageProcessing.so 188010-188022
//my_stock/app/Portrait/lib/arm64/libjni_cvface_api.so 188023-188051
//my_stock/app/Portrait/lib/arm64/libmsai.so 188052-188412
//my_stock/app/Portrait/lib/arm64/libop-aod-bokeh-jni.qti.so 188413-188434
//my_stock/app/Portrait/lib/arm64/libopencv_java4.so 188435-190590
//my_stock/app/Portrait/lib/arm64/liboplus_image_process.so 190594-190595
//my_stock/app/Portrait/lib/arm64/libyuv2.so 190596-190634
//my_stock/app/Portrait/oat/arm64/Portrait.vdex 190635-190649
//my_stock/app/RomUpdate/RomUpdate.apk 190650-191007
//my_stock/app/SceneMode/SceneMode.apk 191008-192949
//my_stock/app/SceneMode/oat/arm64/SceneMode.vdex 192952-192982
//my_stock/app/SecurePay/SecurePay.apk 192983-195081
//my_stock/app/SecurePay/oat/arm64/SecurePay.vdex 195084-195105
//my_stock/app/SmartEngine/SmartEngine.apk 195106-198654
//my_stock/app/SmartEngine/lib/arm64/libETC2Loader.so 198658
//my_stock/app/SmartEngine/oat/arm64/SmartEngine.vdex 198659-198694
//my_stock/app/SmartSideBar/SmartSideBar.apk 198695-201754
//my_stock/app/SmartSideBar/oat/arm64/SmartSideBar.vdex 201759-201812
//my_stock/app/SoftsimRedteaRoaming/SoftsimRedteaRoaming.apk 201813-208007
//my_stock/app/SoftsimRedteaRoaming/oat/arm64/SoftsimRedteaRoaming.vdex 208013-208052
//my_stock/app/StdSP/StdSP.apk 208053-227241
//my_stock/app/StdSP/oat/arm64/StdSP.vdex 227255-227260
//my_stock/app/VariUIEngine/VariUIEngine.apk 227261-228947
//my_stock/app/VariUIEngine/lib/arm64/libVFX.so 228950-229332
//my_stock/app/VariUIEngine/lib/arm64/libffavc.so 229333-229463
//my_stock/app/VariUIEngine/lib/arm64/libfilament-jni.so 229464-229677
//my_stock/app/VariUIEngine/lib/arm64/libfilament-utils-jni.so 229678-229734
//my_stock/app/VariUIEngine/lib/arm64/libglide-webp.so 229735-229794
//my_stock/app/VariUIEngine/lib/arm64/libgltfio-jni.so 229795-230352
//my_stock/app/VariUIEngine/lib/arm64/libhandpaintedeffects.so 230353-230402
//my_stock/app/VariUIEngine/lib/arm64/libliquidfun.so 230403-230445
//my_stock/app/VariUIEngine/lib/arm64/libliquidfun_jni.so 230446-230477
//my_stock/app/VariUIEngine/lib/arm64/liboplus_gifdecoder.so 230478-230504
//my_stock/app/VariUIEngine/lib/arm64/liboplusos_lunar.so 230505-230507
//my_stock/app/VariUIEngine/lib/arm64/libpag.so 230508-230842
//my_stock/app/VariUIEngine/oat/arm64/VariUIEngine.vdex 230843-230868
//my_stock/app/WifiBackupRestore/WifiBackupRestore.apk 230869-232498
//my_stock/del-app/BackupAndRestore/BackupAndRestore.apk 232501-237103
//my_stock/del-app/INOnePlusStore/INOnePlusStore.apk 237108-249202
//my_stock/del-app/NewSoundRecorder/NewSoundRecorder.apk 249210-252698
//my_stock/del-app/OPBreathMode/OPBreathMode.apk 252703-267019
//my_stock/del-app/OPForum/OPForum.apk 267029-272254
//my_stock/del-app/OPWidget/OPWidget.apk 272259-272413
//my_stock/del-app/OppoNote2/OppoNote2.apk 272414-280505
//my_stock/del-app/OppoTranslation/OppoTranslation.apk 280512-287291
//my_stock/del-app/Pictorial/Pictorial.apk 287299-295286
//my_stock/etc/NOTICE.xml.gz 295294-295320
//my_stock/etc/Operator_Ringback_Tone_List.xml 295321
//my_stock/etc/extension/com.oplus.app-features.xml 295322
//my_stock/etc/extension/config_clear_settings_provider_key_settings_app_op.xml 295323
//my_stock/etc/extension/config_processor_com.android.settings.xml 295324
//my_stock/etc/extension/sys_memory_nirvana_config.xml 295325
//my_stock/etc/extension/sys_osense_appmng_decisionmaker_config.xml 295326
//my_stock/etc/extension/sys_osense_feature_common_config.xml 295327
//my_stock/etc/extension/sys_osense_memory_config.xml 295328
//my_stock/etc/extension/sys_osense_memory_decisionmaker_config.xml 295329
//my_stock/etc/extension/sys_preload_config.xml 295330
//my_stock/etc/permissions/default_grant_permissions_list.xml 295331
//my_stock/etc/permissions/privapp-permissions-oplus-legacy.xml 295332
//my_stock/etc/permissions/privapp-permissions-oplus.xml 295333
//my_stock/etc/string_super_computing.zip 295334-295352
//my_stock/etc/sys_alipay_model_list.json 295353
//my_stock/media/audio/alarms/Dynamic_Weather.ogg 295354-295521
//my_stock/media/audio/alarms/Rise.ogg 295522-295687
//my_stock/media/audio/dynamic/notifications/ClassElectronic1_1.ogg 295688-295697
//my_stock/media/audio/dynamic/notifications/ClassElectronic1_10.ogg 295698-295707
//my_stock/media/audio/dynamic/notifications/ClassElectronic1_11.ogg 295709-295717
//my_stock/media/audio/dynamic/notifications/ClassElectronic1_12.ogg 295719-295728
//my_stock/media/audio/dynamic/notifications/ClassElectronic1_13.ogg 295729-295738
//my_stock/media/audio/dynamic/notifications/ClassElectronic1_14.ogg 295740-295751
//my_stock/media/audio/dynamic/notifications/ClassElectronic1_2.ogg 295752-295761
//my_stock/media/audio/dynamic/notifications/ClassElectronic1_3.ogg 295763-295772
//my_stock/media/audio/dynamic/notifications/ClassElectronic1_4.ogg 295774-295782
//my_stock/media/audio/dynamic/notifications/ClassElectronic1_5.ogg 295784-295793
//my_stock/media/audio/dynamic/notifications/ClassElectronic1_6.ogg 295795-295804
//my_stock/media/audio/dynamic/notifications/ClassElectronic1_7.ogg 295806-295815
//my_stock/media/audio/dynamic/notifications/ClassElectronic1_8.ogg 295816-295825
//my_stock/media/audio/dynamic/notifications/ClassElectronic1_9.ogg 295827-295836
//my_stock/media/audio/dynamic/notifications/ClassElectronicPreview.ogg 295838-295891
//my_stock/media/audio/dynamic/notifications/Drop1_1.ogg 295892-295894
//my_stock/media/audio/dynamic/notifications/Drop1_10.ogg 295895-295897
//my_stock/media/audio/dynamic/notifications/Drop1_11.ogg 295899-295901
//my_stock/media/audio/dynamic/notifications/Drop1_12.ogg 295903-295904
//my_stock/media/audio/dynamic/notifications/Drop1_2.ogg 295906-295908
//my_stock/media/audio/dynamic/notifications/Drop1_3.ogg 295909-295911
//my_stock/media/audio/dynamic/notifications/Drop1_4.ogg 295913-295916
//my_stock/media/audio/dynamic/notifications/Drop1_5.ogg 295917-295920
//my_stock/media/audio/dynamic/notifications/Drop1_6.ogg 295921-295924
//my_stock/media/audio/dynamic/notifications/Drop1_7.ogg 295925-295928
//my_stock/media/audio/dynamic/notifications/Drop1_8.ogg 295929-295932
//my_stock/media/audio/dynamic/notifications/Drop1_9.ogg 295933-295935
//my_stock/media/audio/dynamic/notifications/DropPreview.ogg 295937-295961
//my_stock/media/audio/dynamic/notifications/Harp1_1.ogg 295963-295975
//my_stock/media/audio/dynamic/notifications/Harp1_10.ogg 295977-295991
//my_stock/media/audio/dynamic/notifications/Harp1_11.ogg 295992-296005
//my_stock/media/audio/dynamic/notifications/Harp1_12.ogg 296006-296020
//my_stock/media/audio/dynamic/notifications/Harp1_13.ogg 296021-296030
//my_stock/media/audio/dynamic/notifications/Harp1_14.ogg 296031-296041
//my_stock/media/audio/dynamic/notifications/Harp1_15.ogg 296043-296057
//my_stock/media/audio/dynamic/notifications/Harp1_16.ogg 296058-296066
//my_stock/media/audio/dynamic/notifications/Harp1_2.ogg 296067-296076
//my_stock/media/audio/dynamic/notifications/Harp1_3.ogg 296078-296090
//my_stock/media/audio/dynamic/notifications/Harp1_4.ogg 296092-296101
//my_stock/media/audio/dynamic/notifications/Harp1_5.ogg 296103-296115
//my_stock/media/audio/dynamic/notifications/Harp1_6.ogg 296116-296127
//my_stock/media/audio/dynamic/notifications/Harp1_7.ogg 296129-296138
//my_stock/media/audio/dynamic/notifications/Harp1_8.ogg 296140-296152
//my_stock/media/audio/dynamic/notifications/Harp1_9.ogg 296154-296166
//my_stock/media/audio/dynamic/notifications/HarpPreview.ogg 296168-296249
//my_stock/media/audio/dynamic/notifications/MusicBox1_1.ogg 296251-296258
//my_stock/media/audio/dynamic/notifications/MusicBox1_10.ogg 296259-296268
//my_stock/media/audio/dynamic/notifications/MusicBox1_2.ogg 296269-296277
//my_stock/media/audio/dynamic/notifications/MusicBox1_3.ogg 296279-296287
//my_stock/media/audio/dynamic/notifications/MusicBox1_4.ogg 296288-296295
//my_stock/media/audio/dynamic/notifications/MusicBox1_5.ogg 296297-296305
//my_stock/media/audio/dynamic/notifications/MusicBox1_6.ogg 296307-296314
//my_stock/media/audio/dynamic/notifications/MusicBox1_7.ogg 296316-296322
//my_stock/media/audio/dynamic/notifications/MusicBox1_8.ogg 296324-296332
//my_stock/media/audio/dynamic/notifications/MusicBox1_9.ogg 296334-296341
//my_stock/media/audio/dynamic/notifications/MusicBoxPreview.ogg 296343-296376
//my_stock/media/audio/notifications/A_gust_of_wind.ogg 296377-296381
//my_stock/media/audio/notifications/Allay.ogg 296383
//my_stock/media/audio/notifications/Allusion.ogg 296385-296389
//my_stock/media/audio/notifications/Amiable.ogg 296390-296397
//my_stock/media/audio/notifications/Blare.ogg 296398-296403
//my_stock/media/audio/notifications/Blink.ogg 296404-296410
//my_stock/media/audio/notifications/Blissful.ogg 296412-296420
//my_stock/media/audio/notifications/Brisk.ogg 296421-296423
//my_stock/media/audio/notifications/Bubble.ogg 296424
//my_stock/media/audio/notifications/Cheerful.ogg 296426-296427
//my_stock/media/audio/notifications/Clear.ogg 296428-296430
//my_stock/media/audio/notifications/Clouds.ogg 296431-296440
//my_stock/media/audio/notifications/Comely.ogg 296441-296447
//my_stock/media/audio/notifications/Cozy.ogg 296448-296457
//my_stock/media/audio/notifications/Crystal.ogg 296458-296465
//my_stock/media/audio/notifications/Dew_on_the_bamboo.ogg 296466-296471
//my_stock/media/audio/notifications/Ding.ogg 296473-296479
//my_stock/media/audio/notifications/Dragonfly.ogg 296480-296484
//my_stock/media/audio/notifications/Droplets.ogg 296486-296490
//my_stock/media/audio/notifications/Effervesce.ogg 296492-296495
//my_stock/media/audio/notifications/Elegant.ogg 296496-296503
//my_stock/media/audio/notifications/Fairy_realm.ogg 296505-296515
//my_stock/media/audio/notifications/Free.ogg 296516-296522
//my_stock/media/audio/notifications/Full_moon.ogg 296524-296530
//my_stock/media/audio/notifications/Glistening.ogg 296531-296539
//my_stock/media/audio/notifications/Hallucination.ogg 296540-296545
//my_stock/media/audio/notifications/Inbound.ogg 296547-296553
//my_stock/media/audio/notifications/Light.ogg 296554-296556
//my_stock/media/audio/notifications/Meet.ogg 296558-296562 296563
//my_stock/media/audio/notifications/Naivety.ogg 296564-296571
//my_stock/media/audio/notifications/Quickly.ogg 296572-296574
//my_stock/media/audio/notifications/Raindrop.ogg 296575-296582
//my_stock/media/audio/notifications/Reverberation.ogg 296583-296593
//my_stock/media/audio/notifications/Rhythm.ogg 296594-296596
//my_stock/media/audio/notifications/Serenity.ogg 296597-296604
//my_stock/media/audio/notifications/Shooting_star.ogg 296605-296614
//my_stock/media/audio/notifications/Slipping.ogg 296615-296620
//my_stock/media/audio/notifications/Sliver_of_light.ogg 296621-296628
//my_stock/media/audio/notifications/Snow_underfoot.ogg 296630-296637
//my_stock/media/audio/notifications/Snowflake.ogg 296638-296643
//my_stock/media/audio/notifications/Splash.ogg 296644-296652
//my_stock/media/audio/notifications/Surprise.ogg 296654-296658
//my_stock/media/audio/notifications/Twinkle.ogg 296659-296667
//my_stock/media/audio/notifications/Warming_sun.ogg 296668-296674
//my_stock/media/audio/notifications/Whoop_doop.ogg 296675
//my_stock/media/audio/notifications/Wind_chime.ogg 296677-296683
//my_stock/media/audio/ringtones/Alacrity.ogg 296684-296779
//my_stock/media/audio/ringtones/Alarm_clock.ogg 296780-296788
//my_stock/media/audio/ringtones/Amenity.ogg 296789-296836
//my_stock/media/audio/ringtones/Beep.ogg 296838-296846
//my_stock/media/audio/ringtones/Blanket_of_snow.ogg 296847-296913
//my_stock/media/audio/ringtones/Blues.ogg 296914-296984
//my_stock/media/audio/ringtones/Bounce.ogg 296986-297016
//my_stock/media/audio/ringtones/Breeze.ogg 297017-297138
//my_stock/media/audio/ringtones/Calm.ogg 297139-297164
//my_stock/media/audio/ringtones/Chase.ogg 297165-297359
//my_stock/media/audio/ringtones/Climber.ogg 297360-297861
//my_stock/media/audio/ringtones/Cloud.ogg 297862-297928
//my_stock/media/audio/ringtones/Cloudscape.ogg 297929-298028
//my_stock/media/audio/ringtones/Cyclotron.ogg 298029-298090
//my_stock/media/audio/ringtones/Dawn.ogg 298091-298221
//my_stock/media/audio/ringtones/Distinct.ogg 298222-298244
//my_stock/media/audio/ringtones/Dream.ogg 298245-298378
//my_stock/media/audio/ringtones/Drizzling.ogg 298379-298476
//my_stock/media/audio/ringtones/Dynamic.ogg 298477-298548
//my_stock/media/audio/ringtones/Eager.ogg 298549-298637
//my_stock/media/audio/ringtones/Ebullition.ogg 298638-298698
//my_stock/media/audio/ringtones/Echo.ogg 298700-298760
//my_stock/media/audio/ringtones/Expect.ogg 298761-298791
//my_stock/media/audio/ringtones/Fanatical.ogg 298792-298881
//my_stock/media/audio/ringtones/Far_away.ogg 298882-298981
//my_stock/media/audio/ringtones/First_rays.ogg 298982-299028
//my_stock/media/audio/ringtones/Fluttering.ogg 299029-299112
//my_stock/media/audio/ringtones/Flyer.ogg 299113-299188
//my_stock/media/audio/ringtones/Forest_morning.ogg 299189-299280
//my_stock/media/audio/ringtones/Friendship.ogg 299281-299369
//my_stock/media/audio/ringtones/Funky.ogg 299370-299403
//my_stock/media/audio/ringtones/Good_energy.ogg 299404-299504
//my_stock/media/audio/ringtones/Guitar.ogg 299505-299565
//my_stock/media/audio/ringtones/Harping.ogg 299567-299617
//my_stock/media/audio/ringtones/Highlight.ogg 299618-299649
//my_stock/media/audio/ringtones/Idyl.ogg 299650-299715
//my_stock/media/audio/ringtones/Innocence.ogg 299716-299793
//my_stock/media/audio/ringtones/Interesting.ogg 299795-299903
//my_stock/media/audio/ringtones/Jazz_life.ogg 299904-299979
//my_stock/media/audio/ringtones/Journey.ogg 299980-300070
//my_stock/media/audio/ringtones/Joyous.ogg 300071-300093
//my_stock/media/audio/ringtones/Lazy.ogg 300094-300162
//my_stock/media/audio/ringtones/Leisurely.ogg 300163-300223
//my_stock/media/audio/ringtones/Lotus_by_moonlight.ogg 300224-300307
//my_stock/media/audio/ringtones/Marimba.ogg 300308-300339
//my_stock/media/audio/ringtones/Meditation.ogg 300340-300421
//my_stock/media/audio/ringtones/Memory.ogg 300422-300524
//my_stock/media/audio/ringtones/Mystical.ogg 300525-300590
//my_stock/media/audio/ringtones/Nature.ogg 300591-300653
//my_stock/media/audio/ringtones/Night_sky.ogg 300654-300725
//my_stock/media/audio/ringtones/Old_telephone.ogg 300726-300744
//my_stock/media/audio/ringtones/OnePlus_new_feeling.ogg 300745-300814
//my_stock/media/audio/ringtones/OnePlus_tune.ogg 300816-300873
//my_stock/media/audio/ringtones/OnePlus_tune_rhythm.ogg 300874-300951
//my_stock/media/audio/ringtones/Optimistic.ogg 300953-301030
//my_stock/media/audio/ringtones/Piano.ogg 301031-301112
//my_stock/media/audio/ringtones/Rainforest.ogg 301113-301191
//my_stock/media/audio/ringtones/Relieved.ogg 301192-301290
//my_stock/media/audio/ringtones/Ripple.ogg 301292-301321
//my_stock/media/audio/ringtones/Shimmer.ogg 301322-301353
//my_stock/media/audio/ringtones/Slowly.ogg 301354-301888
//my_stock/media/audio/ringtones/Snow_falling.ogg 301889-301964
//my_stock/media/audio/ringtones/Spring.ogg 301966-302136
//my_stock/media/audio/ringtones/Stars.ogg 302138-302226
//my_stock/media/audio/ringtones/Summer_beach.ogg 302227-302284
//my_stock/media/audio/ringtones/Summer_night.ogg 302285-302361
//my_stock/media/audio/ringtones/Sun_glittering.ogg 302363-302431
//my_stock/media/audio/ringtones/Sunlight_on_snow.ogg 302432-302490
//my_stock/media/audio/ringtones/Sunrise.ogg 302491-302514
//my_stock/media/audio/ringtones/Sunset.ogg 302515-302627
//my_stock/media/audio/ringtones/Surging.ogg 302628-302676
//my_stock/media/audio/ringtones/Tactfully.ogg 302677-302876
//my_stock/media/audio/ringtones/The_wind.ogg 302877-302963
//my_stock/media/audio/ringtones/Tranquil.ogg 302965-303055
//my_stock/media/audio/ringtones/Twinkling_stars.ogg 303056-303134
//my_stock/media/audio/ringtones/Verdant_lotus_pond.ogg 303135-303188
//my_stock/media/audio/ringtones/Waking_city.ogg 303189-303261
//my_stock/media/audio/ringtones/Walking_in_the_rain.ogg 303262-303338
//my_stock/media/audio/ringtones/Whirl.ogg 303340-303381
//my_stock/media/audio/ui/Usb.ogg 303383-303385
//my_stock/media/audio/ui/VolumePanelSound.ogg 303386
//my_stock/media/audio/ui/WheelPicker.ogg 303388
//my_stock/media/audio/ui/camera_click.wav 303390-303412
//my_stock/media/audio/ui/charge.mp3 303413-303414
//my_stock/media/audio/ui/cover.mp3 303415-303417
//my_stock/media/audio/ui/critical_lowbattery.ogg 303418-303421
//my_stock/media/audio/ui/delete.mp3 303423
//my_stock/media/audio/ui/delete3.mp3 303424-303428
//my_stock/media/audio/ui/dew.wav 303429
//my_stock/media/audio/ui/ebook_open.mp3 303430-303433
//my_stock/media/audio/ui/ebook_open2.mp3 303434-303435
//my_stock/media/audio/ui/ebook_page1.mp3 303436-303448
//my_stock/media/audio/ui/ebook_page3.mp3 303449-303456
//my_stock/media/audio/ui/error.mp3 303457-303458
//my_stock/media/audio/ui/extended_effect_a.ogg 303459-303463
//my_stock/media/audio/ui/extended_effect_b.ogg 303464-303471
//my_stock/media/audio/ui/full_battery.ogg 303475-303477
//my_stock/media/audio/ui/global_delete.ogg 303479 303480
//my_stock/media/audio/ui/inefficacy.mp3 303481-303482
//my_stock/media/audio/ui/lomo_click.mp3 303483-303484
//my_stock/media/audio/ui/lowbattery.mp3 303486-303492
//my_stock/media/audio/ui/machine.mp3 303493-303497
//my_stock/media/audio/ui/mechanism_down.ogg 303498-303503
//my_stock/media/audio/ui/mechanism_up.ogg 303505-303509
//my_stock/media/audio/ui/normal_lowbattery.ogg 303511-303515
//my_stock/media/audio/ui/numberpicker_click.ogg 303516
//my_stock/media/audio/ui/powerlow.mp3 303517-303523
//my_stock/media/audio/ui/poweroff.mp3 303524-303569
//my_stock/media/audio/ui/poweron.mp3 303570-303615
//my_stock/media/audio/ui/pure_music_down.ogg 303616-303621
//my_stock/media/audio/ui/pure_music_up.ogg 303622-303626
//my_stock/media/audio/ui/slight_feedback.ogg 303628
//my_stock/media/audio/ui/sound_10s.mp3 303629-303678
//my_stock/media/audio/ui/sound_5s.mp3 303679-303701
//my_stock/media/audio/ui/technology_down.ogg 303702-303705
//my_stock/media/audio/ui/technology_up.ogg 303707-303711
//my_stock/media/audio/ui/touch.mp3 303712
//my_stock/media/audio/ui/touch2.mp3 303713-303714
//my_stock/media/audio/ui/touch3.mp3 303715-303717
//my_stock/media/audio/ui/uncover.mp3 303718-303720
//my_stock/media/audio/ui/warning3.mp3 303721-303722
//my_stock/media/audio/ui/warrning.mp3 303723-303724
//my_stock/media/audio/ui/weather_alarm_cloud.ogg 303725-303809
//my_stock/media/audio/ui/weather_alarm_cloud2.ogg 303810-303894
//my_stock/media/audio/ui/weather_alarm_cloud3.ogg 303895-303974
//my_stock/media/audio/ui/weather_alarm_cloud4.ogg 303975-304036
//my_stock/media/audio/ui/weather_alarm_default.ogg 304037-304159
//my_stock/media/audio/ui/weather_alarm_haze.ogg 304160-304227
//my_stock/media/audio/ui/weather_alarm_haze2.ogg 304228-304292
//my_stock/media/audio/ui/weather_alarm_rain.ogg 304293-304359
//my_stock/media/audio/ui/weather_alarm_rain2.ogg 304360-304420
//my_stock/media/audio/ui/weather_alarm_snow.ogg 304421-304494
//my_stock/media/audio/ui/weather_alarm_snow2.ogg 304495-304636
//my_stock/media/audio/ui/weather_alarm_sun.ogg 304637-304723
//my_stock/media/audio/ui/weather_alarm_sun2.ogg 304724-304808
//my_stock/media/audio/ui/weather_alarm_sun3.ogg 304809-304972
//my_stock/media/audio/ui/weather_alarm_sun4.ogg 304973-305057
//my_stock/media/audio/ui/weather_alarm_thunderstorm.ogg 305058-305122
//my_stock/media/audio/ui/weather_alarm_thunderstorm2.ogg 305123-305238
//my_stock/media/audio/ui/weather_alarm_thunderstorm3.ogg 305239-305299
//my_stock/media/audio/ui/weather_alarm_wind.ogg 305300-305372
//my_stock/media/audio/ui/weather_alarm_wind2.ogg 305373-305457
//my_stock/media/theme/allApps.xml 305459-305461
//my_stock/media/theme/uxicons/xhdpi/andes.oplus.documentsreader/day.png 305463-305464
//my_stock/media/theme/uxicons/xhdpi/com.airbnb.android/art_off.png 305471-305473
//my_stock/media/theme/uxicons/xhdpi/com.airbnb.android/mat.png 305475-305477
//my_stock/media/theme/uxicons/xhdpi/com.airbnb.android/recfg.png 305478-305479
//my_stock/media/theme/uxicons/xhdpi/com.android.contacts/day.png 305485-305486
//my_stock/media/theme/uxicons/xhdpi/com.android.contacts/dialer_day.png 305488-305489
//my_stock/media/theme/uxicons/xhdpi/com.android.contacts/dialer_recbg.png 305492-305493
//my_stock/media/theme/uxicons/xhdpi/com.android.contacts/dialer_recfg.png 305495
//my_stock/media/theme/uxicons/xhdpi/com.android.contacts/recbg.png 305497-305498
//my_stock/media/theme/uxicons/xhdpi/com.android.contacts/recfg.png 305500
//my_stock/media/theme/uxicons/xhdpi/com.android.email/day.png 305502-305504
//my_stock/media/theme/uxicons/xhdpi/com.android.fmradio/day.png 305505-305507
//my_stock/media/theme/uxicons/xhdpi/com.android.mms/day.png 305509-305510
//my_stock/media/theme/uxicons/xhdpi/com.android.mms/recbg.png 305513-305514
//my_stock/media/theme/uxicons/xhdpi/com.android.mms/recfg.png 305516-305517
//my_stock/media/theme/uxicons/xhdpi/com.android.settings/day.png 305520-305522
//my_stock/media/theme/uxicons/xhdpi/com.android.settings/mat.png 305523-305524
//my_stock/media/theme/uxicons/xhdpi/com.android.settings/recbg.png 305527-305529
//my_stock/media/theme/uxicons/xhdpi/com.android.settings/recfg.png 305530
//my_stock/media/theme/uxicons/xhdpi/com.android.stk/day.png 305532
//my_stock/media/theme/uxicons/xhdpi/com.caf.fmradio/day.png 305541-305543
//my_stock/media/theme/uxicons/xhdpi/com.coloros.alarmclock/day.png 305547-305548
//my_stock/media/theme/uxicons/xhdpi/com.coloros.backuprestore/day.png 305550
//my_stock/media/theme/uxicons/xhdpi/com.coloros.calculator/day.png 305553-305556
//my_stock/media/theme/uxicons/xhdpi/com.coloros.calendar/day.png 305558-305559
//my_stock/media/theme/uxicons/xhdpi/com.coloros.compass/day.png 305560-305562
//my_stock/media/theme/uxicons/xhdpi/com.coloros.compass2/day.png 305564-305566
//my_stock/media/theme/uxicons/xhdpi/com.coloros.familyguard/day.png 305569-305570
//my_stock/media/theme/uxicons/xhdpi/com.coloros.filemanager/day.png 305572-305573
//my_stock/media/theme/uxicons/xhdpi/com.coloros.findmyphone/day.png 305574-305577
//my_stock/media/theme/uxicons/xhdpi/com.coloros.findmyphone/mat.png 305578-305580
//my_stock/media/theme/uxicons/xhdpi/com.coloros.findmyphone/peb.png 305583
//my_stock/media/theme/uxicons/xhdpi/com.coloros.findmyphone/recbg.png 305585-305587
//my_stock/media/theme/uxicons/xhdpi/com.coloros.findmyphone/recfg.png 305588-305593
//my_stock/media/theme/uxicons/xhdpi/com.coloros.findphone.client2/day.png 305594-305597
//my_stock/media/theme/uxicons/xhdpi/com.coloros.gallery3d/day.png 305599-305601
//my_stock/media/theme/uxicons/xhdpi/com.coloros.musiclink/day.png 305602-305603
//my_stock/media/theme/uxicons/xhdpi/com.coloros.note/day.png 305605
//my_stock/media/theme/uxicons/xhdpi/com.coloros.ocrscanner/day.png 305607-305608
//my_stock/media/theme/uxicons/xhdpi/com.coloros.phonemanager/day.png 305610-305611
//my_stock/media/theme/uxicons/xhdpi/com.coloros.shortcuts/day.png 305613-305615
//my_stock/media/theme/uxicons/xhdpi/com.coloros.soundrecorder/day.png 305617-305618
//my_stock/media/theme/uxicons/xhdpi/com.coloros.video/day.png 305620-305621 305622
//my_stock/media/theme/uxicons/xhdpi/com.coloros.weather/day.png 305623-305625
//my_stock/media/theme/uxicons/xhdpi/com.coloros.weather2/day.png 305628-305630
//my_stock/media/theme/uxicons/xhdpi/com.ebay.mobile/art_off.png 305636-305637
//my_stock/media/theme/uxicons/xhdpi/com.ebay.mobile/recfg.png 305638
//my_stock/media/theme/uxicons/xhdpi/com.facebook.katana/art_off.png 305640
//my_stock/media/theme/uxicons/xhdpi/com.finshell.wallet/day.png 305644-305646
//my_stock/media/theme/uxicons/xhdpi/com.heytap.book/day.png 305649-305650
//my_stock/media/theme/uxicons/xhdpi/com.heytap.browser/day.png 305652-305654
//my_stock/media/theme/uxicons/xhdpi/com.heytap.browser/mat.png 305655
//my_stock/media/theme/uxicons/xhdpi/com.heytap.browser/recfg.png 305656
//my_stock/media/theme/uxicons/xhdpi/com.heytap.cloud/day.png 305658-305660
//my_stock/media/theme/uxicons/xhdpi/com.heytap.cloud/recbg.png 305662
//my_stock/media/theme/uxicons/xhdpi/com.heytap.health/day.png 305665
//my_stock/media/theme/uxicons/xhdpi/com.heytap.lock/day.png 305667-305669
//my_stock/media/theme/uxicons/xhdpi/com.heytap.market/day.png 305671-305672
//my_stock/media/theme/uxicons/xhdpi/com.heytap.music/day.png 305673-305674
//my_stock/media/theme/uxicons/xhdpi/com.heytap.quicksearchbox/day.png 305678-305680
//my_stock/media/theme/uxicons/xhdpi/com.heytap.reader/day.png 305681-305682
//my_stock/media/theme/uxicons/xhdpi/com.heytap.smarthome/day.png 305685-305686
//my_stock/media/theme/uxicons/xhdpi/com.heytap.themestore/day.png 305691-305692 305693
//my_stock/media/theme/uxicons/xhdpi/com.heytap.themestore/mat.png 305694-305696
//my_stock/media/theme/uxicons/xhdpi/com.heytap.themestore/recbg.png 305698-305700
//my_stock/media/theme/uxicons/xhdpi/com.heytap.yoli/day.png 305701-305702 305703
//my_stock/media/theme/uxicons/xhdpi/com.instagram.android/art_off.png 305709-305711
//my_stock/media/theme/uxicons/xhdpi/com.instagram.android/mat.png 305713
//my_stock/media/theme/uxicons/xhdpi/com.instagram.android/recbg.png 305714
//my_stock/media/theme/uxicons/xhdpi/com.microsoft.office.outlook/art_off.png 305723-305726
//my_stock/media/theme/uxicons/xhdpi/com.microsoft.office.outlook/mat.png 305727
//my_stock/media/theme/uxicons/xhdpi/com.microsoft.office.outlook/recfg.png 305729
//my_stock/media/theme/uxicons/xhdpi/com.nearme.gamecenter/day.png 305732-305733
//my_stock/media/theme/uxicons/xhdpi/com.nearme.instant.platform/day.png 305736
//my_stock/media/theme/uxicons/xhdpi/com.oneplus.backuprestore/day.png 305739
//my_stock/media/theme/uxicons/xhdpi/com.oneplus.backuprestore/mat.png 305741-305743
//my_stock/media/theme/uxicons/xhdpi/com.oneplus.backuprestore/recbg.png 305746-305747
//my_stock/media/theme/uxicons/xhdpi/com.oneplus.backuprestore/recfg.png 305748
//my_stock/media/theme/uxicons/xhdpi/com.oneplus.brickmode/day.png 305749-305751
//my_stock/media/theme/uxicons/xhdpi/com.oneplus.brickmode/recbg.png 305754-305756
//my_stock/media/theme/uxicons/xhdpi/com.oneplus.brickmode/recfg.png 305757-305761
//my_stock/media/theme/uxicons/xhdpi/com.oneplus.calculator/day.png 305763-305766
//my_stock/media/theme/uxicons/xhdpi/com.oneplus.calculator/mat.png 305767-305768
//my_stock/media/theme/uxicons/xhdpi/com.oneplus.calculator/recbg.png 305771-305773
//my_stock/media/theme/uxicons/xhdpi/com.oneplus.calculator/recfg.png 305774-305776
//my_stock/media/theme/uxicons/xhdpi/com.oneplus.camera/mat.png 305777-305779
//my_stock/media/theme/uxicons/xhdpi/com.oneplus.camera/peb.png 305781
//my_stock/media/theme/uxicons/xhdpi/com.oneplus.camera/recbg.png 305782
//my_stock/media/theme/uxicons/xhdpi/com.oneplus.camera/recfg.png 305784-305786
//my_stock/media/theme/uxicons/xhdpi/com.oneplus.deskclock/day.png 305788-305789
//my_stock/media/theme/uxicons/xhdpi/com.oneplus.deskclock/mat.png 305791-305792
//my_stock/media/theme/uxicons/xhdpi/com.oneplus.deskclock/recbg.png 305795-305796
//my_stock/media/theme/uxicons/xhdpi/com.oneplus.filemanager/day.png 305798-305799
//my_stock/media/theme/uxicons/xhdpi/com.oneplus.filemanager/mat.png 305800-305801
//my_stock/media/theme/uxicons/xhdpi/com.oneplus.filemanager/recbg.png 305805-305807
//my_stock/media/theme/uxicons/xhdpi/com.oneplus.filemanager/recfg.png 305808-305809
//my_stock/media/theme/uxicons/xhdpi/com.oneplus.gallery/day.png 305810-305812
//my_stock/media/theme/uxicons/xhdpi/com.oneplus.gallery/mat.png 305813-305814
//my_stock/media/theme/uxicons/xhdpi/com.oneplus.gallery/recbg.png 305818-305819
//my_stock/media/theme/uxicons/xhdpi/com.oneplus.gallery/recfg.png 305821-305822
//my_stock/media/theme/uxicons/xhdpi/com.oneplus.mall/recbg.png 305823-305825
//my_stock/media/theme/uxicons/xhdpi/com.oneplus.member/recbg.png 305826-305827
//my_stock/media/theme/uxicons/xhdpi/com.oneplus.member/recfg.png 305829-305830
//my_stock/media/theme/uxicons/xhdpi/com.oneplus.mms/recbg.png 305833-305834
//my_stock/media/theme/uxicons/xhdpi/com.oneplus.mms/recfg.png 305836-305837
//my_stock/media/theme/uxicons/xhdpi/com.oneplus.note/day.png 305839
//my_stock/media/theme/uxicons/xhdpi/com.oneplus.note/mat.png 305841-305842
//my_stock/media/theme/uxicons/xhdpi/com.oneplus.note/recbg.png 305844-305846
//my_stock/media/theme/uxicons/xhdpi/com.oneplus.note/recfg.png 305847
//my_stock/media/theme/uxicons/xhdpi/com.oneplus.soundrecorder/day.png 305849-305850
//my_stock/media/theme/uxicons/xhdpi/com.oneplus.soundrecorder/mat.png 305852-305853
//my_stock/media/theme/uxicons/xhdpi/com.oneplus.soundrecorder/recbg.png 305856-305857
//my_stock/media/theme/uxicons/xhdpi/com.oneplus.store/recbg.png 305859-305861
//my_stock/media/theme/uxicons/xhdpi/com.oplus.calendar/day.png 305863-305864
//my_stock/media/theme/uxicons/xhdpi/com.oplus.camera/day.png 305865-305867
//my_stock/media/theme/uxicons/xhdpi/com.oplus.camera/recbg.png 305870-305872
//my_stock/media/theme/uxicons/xhdpi/com.oplus.camera/recfg.png 305873-305876
//my_stock/media/theme/uxicons/xhdpi/com.oplus.consumerIRApp/day.png 305877
//my_stock/media/theme/uxicons/xhdpi/com.oplus.consumerIRApp/mat.png 305879
//my_stock/media/theme/uxicons/xhdpi/com.oplus.consumerIRApp/recbg.png 305883-305884
//my_stock/media/theme/uxicons/xhdpi/com.oplus.consumerIRApp/recfg.png 305886
//my_stock/media/theme/uxicons/xhdpi/com.oplus.games/mat.png 305887-305888
//my_stock/media/theme/uxicons/xhdpi/com.oplus.games/recbg.png 305891-305893
//my_stock/media/theme/uxicons/xhdpi/com.oplus.games/recfg.png 305894-305897
//my_stock/media/theme/uxicons/xhdpi/com.oplus.logkit/recfg.png 305899
//my_stock/media/theme/uxicons/xhdpi/com.oplus.member/day.png 305901
//my_stock/media/theme/uxicons/xhdpi/com.oplus.phonemanager/day.png 305903-305904
//my_stock/media/theme/uxicons/xhdpi/com.oplus.phonemanager/mat.png 305906
//my_stock/media/theme/uxicons/xhdpi/com.oplus.phonemanager/peb.png 305908
//my_stock/media/theme/uxicons/xhdpi/com.oplus.phonemanager/recbg.png 305910-305911
//my_stock/media/theme/uxicons/xhdpi/com.oplus.phonemanager/recfg.png 305913
//my_stock/media/theme/uxicons/xhdpi/com.oplus.play/day.png 305914-305915
//my_stock/media/theme/uxicons/xhdpi/com.oplus.themestore/mat.png 305919-305920
//my_stock/media/theme/uxicons/xhdpi/com.oplus.themestore/recbg.png 305921-305922
//my_stock/media/theme/uxicons/xhdpi/com.oplus.themestore/recfg.png 305924-305925
//my_stock/media/theme/uxicons/xhdpi/com.oplus.vip/recbg.png 305926-305927
//my_stock/media/theme/uxicons/xhdpi/com.oplus.vip/recfg.png 305929-305930
//my_stock/media/theme/uxicons/xhdpi/com.opluskgd.onetaplocking/day.png 305932-305934
//my_stock/media/theme/uxicons/xhdpi/com.opluskgd.onetaplocking/mat.png 305935-305937
//my_stock/media/theme/uxicons/xhdpi/com.opluskgd.onetaplocking/peb.png 305940
//my_stock/media/theme/uxicons/xhdpi/com.opluskgd.onetaplocking/recbg.png 305941-305943
//my_stock/media/theme/uxicons/xhdpi/com.opluskgd.onetaplocking/recfg.png 305944-305948
//my_stock/media/theme/uxicons/xhdpi/com.oppo.community/day.png 305949-305951
//my_stock/media/theme/uxicons/xhdpi/com.paypal.android.p2pmobile/art_off.png 305953-305959
//my_stock/media/theme/uxicons/xhdpi/com.paypal.android.p2pmobile/mat.png 305960
//my_stock/media/theme/uxicons/xhdpi/com.paypal.android.p2pmobile/recbg.png 305961-305968
//my_stock/media/theme/uxicons/xhdpi/com.paypal.android.p2pmobile/recfg.png 305970
//my_stock/media/theme/uxicons/xhdpi/com.pinterest/art_off.png 305973
//my_stock/media/theme/uxicons/xhdpi/com.redteamobile.roaming/day.png 305978-305980
//my_stock/media/theme/uxicons/xhdpi/com.xyyzsgxyl.traceless/day.png 306023-306025
//my_stock/media/theme/uxicons/xhdpi/icons-daylight 306030-306034
//my_stock/media/theme/uxicons/xhdpi/icons-meterial 306035-306039
//my_stock/media/theme/uxicons/xhdpi/icons-nightshadow 306040
//my_stock/media/theme/uxicons/xhdpi/icons-pebble 306041-306044
//my_stock/media/theme/uxicons/xhdpi/icons-rectangle 306045-306053
//my_stock/media/theme/uxicons/xhdpi/in.amazon.mShop.android.shopping/mat.png 306054
//my_stock/media/theme/uxicons/xhdpi/in.amazon.mShop.android.shopping/recbg.png 306056-306057
//my_stock/media/theme/uxicons/xhdpi/net.oneplus.forums/mat.png 306059-306061
//my_stock/media/theme/uxicons/xhdpi/net.oneplus.forums/recbg.png 306063-306064
//my_stock/media/theme/uxicons/xhdpi/net.oneplus.forums/recfg.png 306065-306067
//my_stock/media/theme/uxicons/xhdpi/net.oneplus.weather/day.png 306068-306070
//my_stock/media/theme/uxicons/xhdpi/net.oneplus.weather/mat.png 306072-306073
//my_stock/media/theme/uxicons/xhdpi/net.oneplus.weather/recbg.png 306077-306079
//my_stock/media/theme/uxicons/xhdpi/net.oneplus.weather/recfg.png 306080
//my_stock/media/theme/uxicons/xxhdpi/andes.oplus.documentsreader/day.png 306085-306089
//my_stock/media/theme/uxicons/xxhdpi/cmb.pb/nsd.png 306090
//my_stock/media/theme/uxicons/xxhdpi/com.Qunar/nsd.png 306093
//my_stock/media/theme/uxicons/xxhdpi/com.airbnb.android/art_off.png 306096-306098
//my_stock/media/theme/uxicons/xxhdpi/com.airbnb.android/mat.png 306100-306102
//my_stock/media/theme/uxicons/xxhdpi/com.airbnb.android/recfg.png 306103-306104
//my_stock/media/theme/uxicons/xxhdpi/com.android.bankabc/nsd.png 306108
//my_stock/media/theme/uxicons/xxhdpi/com.android.contacts/day.png 306110-306114
//my_stock/media/theme/uxicons/xxhdpi/com.android.contacts/dialer_day.png 306116-306120
//my_stock/media/theme/uxicons/xxhdpi/com.android.contacts/dialer_mat.png 306122
//my_stock/media/theme/uxicons/xxhdpi/com.android.contacts/dialer_recbg.png 306124-306128
//my_stock/media/theme/uxicons/xxhdpi/com.android.contacts/dialer_recfg.png 306129-306130
//my_stock/media/theme/uxicons/xxhdpi/com.android.contacts/recbg.png 306133-306136
//my_stock/media/theme/uxicons/xxhdpi/com.android.contacts/recfg.png 306138-306140
//my_stock/media/theme/uxicons/xxhdpi/com.android.email/day.png 306141-306146
//my_stock/media/theme/uxicons/xxhdpi/com.android.fmradio/day.png 306148-306153
//my_stock/media/theme/uxicons/xxhdpi/com.android.mms/day.png 306157-306161
//my_stock/media/theme/uxicons/xxhdpi/com.android.mms/recbg.png 306164-306169
//my_stock/media/theme/uxicons/xxhdpi/com.android.mms/recfg.png 306170-306174
//my_stock/media/theme/uxicons/xxhdpi/com.android.permissioncontroller/nsd.png 306176
//my_stock/media/theme/uxicons/xxhdpi/com.android.settings/day.png 306177-306182
//my_stock/media/theme/uxicons/xxhdpi/com.android.settings/mat.png 306183-306186
//my_stock/media/theme/uxicons/xxhdpi/com.android.settings/peb.png 306189
//my_stock/media/theme/uxicons/xxhdpi/com.android.settings/recbg.png 306190-306196
//my_stock/media/theme/uxicons/xxhdpi/com.android.settings/recfg.png 306197-306198
//my_stock/media/theme/uxicons/xxhdpi/com.android.stk/day.png 306200-306202
//my_stock/media/theme/uxicons/xxhdpi/com.baidu.netdisk/nsd.png 306208
//my_stock/media/theme/uxicons/xxhdpi/com.baidu.searchbox.lite/nsd.png 306210
//my_stock/media/theme/uxicons/xxhdpi/com.bankcomm.Bankcomm/nsd.png 306211
//my_stock/media/theme/uxicons/xxhdpi/com.caf.fmradio/day.png 306212-306217
//my_stock/media/theme/uxicons/xxhdpi/com.chinamworld.bocmbci/nsd.png 306221
//my_stock/media/theme/uxicons/xxhdpi/com.chinamworld.main/nsd.png 306222
//my_stock/media/theme/uxicons/xxhdpi/com.coloros.alarmclock/day.png 306223-306227
//my_stock/media/theme/uxicons/xxhdpi/com.coloros.backuprestore/day.png 306229-306231
//my_stock/media/theme/uxicons/xxhdpi/com.coloros.calculator/day.png 306233-306240
//my_stock/media/theme/uxicons/xxhdpi/com.coloros.calculator/nsd.png 306242
//my_stock/media/theme/uxicons/xxhdpi/com.coloros.calendar/day.png 306243-306246
//my_stock/media/theme/uxicons/xxhdpi/com.coloros.compass/day.png 306247-306253
//my_stock/media/theme/uxicons/xxhdpi/com.coloros.compass2/day.png 306255-306261
//my_stock/media/theme/uxicons/xxhdpi/com.coloros.familyguard/day.png 306263-306267
//my_stock/media/theme/uxicons/xxhdpi/com.coloros.filemanager/day.png 306270-306273
//my_stock/media/theme/uxicons/xxhdpi/com.coloros.findmyphone/day.png 306275-306282
//my_stock/media/theme/uxicons/xxhdpi/com.coloros.findphone.client2/day.png 306285-306292
//my_stock/media/theme/uxicons/xxhdpi/com.coloros.gallery3d/day.png 306295-306300
//my_stock/media/theme/uxicons/xxhdpi/com.coloros.musiclink/day.png 306303-306308
//my_stock/media/theme/uxicons/xxhdpi/com.coloros.note/day.png 306309-306311
//my_stock/media/theme/uxicons/xxhdpi/com.coloros.ocrscanner/day.png 306312-306316
//my_stock/media/theme/uxicons/xxhdpi/com.coloros.phonemanager/day.png 306319-306323
//my_stock/media/theme/uxicons/xxhdpi/com.coloros.shortcuts/day.png 306325-306330
//my_stock/media/theme/uxicons/xxhdpi/com.coloros.soundrecorder/day.png 306332-306336
//my_stock/media/theme/uxicons/xxhdpi/com.coloros.video/day.png 306337-306342
//my_stock/media/theme/uxicons/xxhdpi/com.coloros.weather/day.png 306344-306350
//my_stock/media/theme/uxicons/xxhdpi/com.coloros.weather2/day.png 306352-306358
//my_stock/media/theme/uxicons/xxhdpi/com.dianping.v1/nsd.png 306360
//my_stock/media/theme/uxicons/xxhdpi/com.dragon.read/nsd.png 306362
//my_stock/media/theme/uxicons/xxhdpi/com.ebay.mobile/art_off.png 306363-306364
//my_stock/media/theme/uxicons/xxhdpi/com.ebay.mobile/mat.png 306365-306366
//my_stock/media/theme/uxicons/xxhdpi/com.ebay.mobile/recfg.png 306367
//my_stock/media/theme/uxicons/xxhdpi/com.facebook.katana/art_off.png 306369-306371
//my_stock/media/theme/uxicons/xxhdpi/com.facebook.katana/mat.png 306373
//my_stock/media/theme/uxicons/xxhdpi/com.facebook.katana/recbg.png 306374
//my_stock/media/theme/uxicons/xxhdpi/com.finshell.wallet/day.png 306376-306381
//my_stock/media/theme/uxicons/xxhdpi/com.greenpoint.android.mc10086.activity/nsd.png 306384
//my_stock/media/theme/uxicons/xxhdpi/com.heytap.book/day.png 306385-306389
//my_stock/media/theme/uxicons/xxhdpi/com.heytap.browser/day.png 306391-306396
//my_stock/media/theme/uxicons/xxhdpi/com.heytap.browser/mat.png 306397-306398
//my_stock/media/theme/uxicons/xxhdpi/com.heytap.browser/recfg.png 306400-306401
//my_stock/media/theme/uxicons/xxhdpi/com.heytap.cloud/day.png 306403-306408 306409
//my_stock/media/theme/uxicons/xxhdpi/com.heytap.cloud/mat.png 306410-306415
//my_stock/media/theme/uxicons/xxhdpi/com.heytap.cloud/peb.png 306417 306418
//my_stock/media/theme/uxicons/xxhdpi/com.heytap.cloud/recbg.png 306419-306424
//my_stock/media/theme/uxicons/xxhdpi/com.heytap.cloud/recfg.png 306425-306426
//my_stock/media/theme/uxicons/xxhdpi/com.heytap.health/day.png 306428-306429
//my_stock/media/theme/uxicons/xxhdpi/com.heytap.lock/day.png 306432-306437
//my_stock/media/theme/uxicons/xxhdpi/com.heytap.market/day.png 306440-306443
//my_stock/media/theme/uxicons/xxhdpi/com.heytap.music/day.png 306445-306449
//my_stock/media/theme/uxicons/xxhdpi/com.heytap.music/mat.png 306451
//my_stock/media/theme/uxicons/xxhdpi/com.heytap.quicksearchbox/day.png 306452-306457
//my_stock/media/theme/uxicons/xxhdpi/com.heytap.reader/day.png 306460-306464
//my_stock/media/theme/uxicons/xxhdpi/com.heytap.smarthome/day.png 306467-306471
//my_stock/media/theme/uxicons/xxhdpi/com.heytap.smarthome/recfg.png 306475
//my_stock/media/theme/uxicons/xxhdpi/com.heytap.themestore/day.png 306477-306482
//my_stock/media/theme/uxicons/xxhdpi/com.heytap.themestore/mat.png 306483-306488
//my_stock/media/theme/uxicons/xxhdpi/com.heytap.themestore/peb.png 306490
//my_stock/media/theme/uxicons/xxhdpi/com.heytap.themestore/recbg.png 306491-306496
//my_stock/media/theme/uxicons/xxhdpi/com.heytap.yoli/day.png 306497-306502
//my_stock/media/theme/uxicons/xxhdpi/com.icbc/nsd.png 306506
//my_stock/media/theme/uxicons/xxhdpi/com.instagram.android/art_off.png 306508-306514
//my_stock/media/theme/uxicons/xxhdpi/com.instagram.android/mat.png 306515
//my_stock/media/theme/uxicons/xxhdpi/com.instagram.android/recbg.png 306517-306520
//my_stock/media/theme/uxicons/xxhdpi/com.kugou.android.lite/nsd.png 306527
//my_stock/media/theme/uxicons/xxhdpi/com.lemon.lv/nsd.png 306528
//my_stock/media/theme/uxicons/xxhdpi/com.miHoYo.Yuanshen/nsd.png 306531
//my_stock/media/theme/uxicons/xxhdpi/com.miHoYo.hkrpg/nsd.png 306532
//my_stock/media/theme/uxicons/xxhdpi/com.microsoft.office.outlook/art_off.png 306533-306536
//my_stock/media/theme/uxicons/xxhdpi/com.microsoft.office.outlook/mat.png 306537
//my_stock/media/theme/uxicons/xxhdpi/com.nearme.gamecenter/day.png 306541-306544
//my_stock/media/theme/uxicons/xxhdpi/com.nearme.gamecenter/recfg.png 306549
//my_stock/media/theme/uxicons/xxhdpi/com.nearme.instant.platform/day.png 306551-306553
//my_stock/media/theme/uxicons/xxhdpi/com.netease.cloudmusic/nsd.png 306555
//my_stock/media/theme/uxicons/xxhdpi/com.oneplus.backuprestore/day.png 306556-306558
//my_stock/media/theme/uxicons/xxhdpi/com.oneplus.backuprestore/mat.png 306560-306566
//my_stock/media/theme/uxicons/xxhdpi/com.oneplus.backuprestore/peb.png 306568
//my_stock/media/theme/uxicons/xxhdpi/com.oneplus.backuprestore/recbg.png 306569-306572
//my_stock/media/theme/uxicons/xxhdpi/com.oneplus.backuprestore/recfg.png 306574-306575
//my_stock/media/theme/uxicons/xxhdpi/com.oneplus.brickmode/day.png 306577-306583
//my_stock/media/theme/uxicons/xxhdpi/com.oneplus.brickmode/nsd.png 306586
//my_stock/media/theme/uxicons/xxhdpi/com.oneplus.brickmode/recbg.png 306587-306592
//my_stock/media/theme/uxicons/xxhdpi/com.oneplus.brickmode/recfg.png 306594-306603
//my_stock/media/theme/uxicons/xxhdpi/com.oneplus.calculator/day.png 306605-306612
//my_stock/media/theme/uxicons/xxhdpi/com.oneplus.calculator/mat.png 306614-306617
//my_stock/media/theme/uxicons/xxhdpi/com.oneplus.calculator/nsd.png 306619
//my_stock/media/theme/uxicons/xxhdpi/com.oneplus.calculator/peb.png 306620
//my_stock/media/theme/uxicons/xxhdpi/com.oneplus.calculator/recbg.png 306621-306626
//my_stock/media/theme/uxicons/xxhdpi/com.oneplus.calculator/recfg.png 306628-306632
//my_stock/media/theme/uxicons/xxhdpi/com.oneplus.camera/mat.png 306634-306639
//my_stock/media/theme/uxicons/xxhdpi/com.oneplus.camera/peb.png 306641
//my_stock/media/theme/uxicons/xxhdpi/com.oneplus.camera/recbg.png 306643-306646
//my_stock/media/theme/uxicons/xxhdpi/com.oneplus.camera/recfg.png 306647-306653
//my_stock/media/theme/uxicons/xxhdpi/com.oneplus.deskclock/day.png 306654-306658
//my_stock/media/theme/uxicons/xxhdpi/com.oneplus.deskclock/mat.png 306659-306662
//my_stock/media/theme/uxicons/xxhdpi/com.oneplus.deskclock/peb.png 306665
//my_stock/media/theme/uxicons/xxhdpi/com.oneplus.deskclock/recbg.png 306666-306669
//my_stock/media/theme/uxicons/xxhdpi/com.oneplus.deskclock/recfg.png 306671
//my_stock/media/theme/uxicons/xxhdpi/com.oneplus.filemanager/day.png 306672-306675
//my_stock/media/theme/uxicons/xxhdpi/com.oneplus.filemanager/mat.png 306677-306680
//my_stock/media/theme/uxicons/xxhdpi/com.oneplus.filemanager/monochrome.png 306682
//my_stock/media/theme/uxicons/xxhdpi/com.oneplus.filemanager/recbg.png 306685-306690
//my_stock/media/theme/uxicons/xxhdpi/com.oneplus.filemanager/recfg.png 306691-306694
//my_stock/media/theme/uxicons/xxhdpi/com.oneplus.gallery/day.png 306696-306701
//my_stock/media/theme/uxicons/xxhdpi/com.oneplus.gallery/mat.png 306702-306706
//my_stock/media/theme/uxicons/xxhdpi/com.oneplus.gallery/peb.png 306709
//my_stock/media/theme/uxicons/xxhdpi/com.oneplus.gallery/recbg.png 306710-306715
//my_stock/media/theme/uxicons/xxhdpi/com.oneplus.gallery/recfg.png 306716-306719
//my_stock/media/theme/uxicons/xxhdpi/com.oneplus.mall/recbg.png 306721-306726
//my_stock/media/theme/uxicons/xxhdpi/com.oneplus.member/recbg.png 306729-306733
//my_stock/media/theme/uxicons/xxhdpi/com.oneplus.member/recfg.png 306735-306739
//my_stock/media/theme/uxicons/xxhdpi/com.oneplus.mms/recbg.png 306742-306747
//my_stock/media/theme/uxicons/xxhdpi/com.oneplus.mms/recfg.png 306748-306752
//my_stock/media/theme/uxicons/xxhdpi/com.oneplus.note/day.png 306754-306756
//my_stock/media/theme/uxicons/xxhdpi/com.oneplus.note/mat.png 306757-306761
//my_stock/media/theme/uxicons/xxhdpi/com.oneplus.note/recbg.png 306763-306768
//my_stock/media/theme/uxicons/xxhdpi/com.oneplus.note/recfg.png 306770-306772
//my_stock/media/theme/uxicons/xxhdpi/com.oneplus.soundrecorder/day.png 306773-306777
//my_stock/media/theme/uxicons/xxhdpi/com.oneplus.soundrecorder/mat.png 306778-306782
//my_stock/media/theme/uxicons/xxhdpi/com.oneplus.soundrecorder/recbg.png 306785-306788
//my_stock/media/theme/uxicons/xxhdpi/com.oneplus.soundrecorder/recfg.png 306790
//my_stock/media/theme/uxicons/xxhdpi/com.oneplus.store/recbg.png 306792-306797
//my_stock/media/theme/uxicons/xxhdpi/com.oplus.calendar/day.png 306800-306803
//my_stock/media/theme/uxicons/xxhdpi/com.oplus.camera/day.png 306804-306810
//my_stock/media/theme/uxicons/xxhdpi/com.oplus.camera/mat.png 306811
//my_stock/media/theme/uxicons/xxhdpi/com.oplus.camera/recbg.png 306813-306818
//my_stock/media/theme/uxicons/xxhdpi/com.oplus.camera/recfg.png 306820-306827
//my_stock/media/theme/uxicons/xxhdpi/com.oplus.consumerIRApp/day.png 306828-306830
//my_stock/media/theme/uxicons/xxhdpi/com.oplus.consumerIRApp/mat.png 306831-306833
//my_stock/media/theme/uxicons/xxhdpi/com.oplus.consumerIRApp/monochrome.png 306835
//my_stock/media/theme/uxicons/xxhdpi/com.oplus.consumerIRApp/peb.png 306837
//my_stock/media/theme/uxicons/xxhdpi/com.oplus.consumerIRApp/recbg.png 306838-306842
//my_stock/media/theme/uxicons/xxhdpi/com.oplus.consumerIRApp/recfg.png 306844-306845
//my_stock/media/theme/uxicons/xxhdpi/com.oplus.games/mat.png 306846-306850
//my_stock/media/theme/uxicons/xxhdpi/com.oplus.games/peb.png 306851
//my_stock/media/theme/uxicons/xxhdpi/com.oplus.games/recbg.png 306852-306857
//my_stock/media/theme/uxicons/xxhdpi/com.oplus.games/recfg.png 306859-306867
//my_stock/media/theme/uxicons/xxhdpi/com.oplus.logkit/recfg.png 306868-306869
//my_stock/media/theme/uxicons/xxhdpi/com.oplus.member/day.png 306870-306872
//my_stock/media/theme/uxicons/xxhdpi/com.oplus.phonemanager/day.png 306875-306879
//my_stock/media/theme/uxicons/xxhdpi/com.oplus.phonemanager/mat.png 306880-306881
//my_stock/media/theme/uxicons/xxhdpi/com.oplus.phonemanager/peb.png 306883-306884
//my_stock/media/theme/uxicons/xxhdpi/com.oplus.phonemanager/recbg.png 306885-306890
//my_stock/media/theme/uxicons/xxhdpi/com.oplus.phonemanager/recfg.png 306891
//my_stock/media/theme/uxicons/xxhdpi/com.oplus.play/day.png 306893-306896
//my_stock/media/theme/uxicons/xxhdpi/com.oplus.play/mat.png 306898
//my_stock/media/theme/uxicons/xxhdpi/com.oplus.themestore/mat.png 306901-306903
//my_stock/media/theme/uxicons/xxhdpi/com.oplus.themestore/recbg.png 306905-306910
//my_stock/media/theme/uxicons/xxhdpi/com.oplus.themestore/recfg.png 306911-306914
//my_stock/media/theme/uxicons/xxhdpi/com.oplus.vip/recbg.png 306915-306919
//my_stock/media/theme/uxicons/xxhdpi/com.oplus.vip/recfg.png 306921-306925
//my_stock/media/theme/uxicons/xxhdpi/com.opluskgd.onetaplocking/day.png 306927-306932
//my_stock/media/theme/uxicons/xxhdpi/com.opluskgd.onetaplocking/mat.png 306934-306940
//my_stock/media/theme/uxicons/xxhdpi/com.opluskgd.onetaplocking/peb.png 306942
//my_stock/media/theme/uxicons/xxhdpi/com.opluskgd.onetaplocking/recbg.png 306944-306949
//my_stock/media/theme/uxicons/xxhdpi/com.opluskgd.onetaplocking/recfg.png 306951-306960
//my_stock/media/theme/uxicons/xxhdpi/com.oppo.community/day.png 306962-306967
//my_stock/media/theme/uxicons/xxhdpi/com.paypal.android.p2pmobile/art_off.png 306971-306977
//my_stock/media/theme/uxicons/xxhdpi/com.paypal.android.p2pmobile/mat.png 306978
//my_stock/media/theme/uxicons/xxhdpi/com.paypal.android.p2pmobile/recbg.png 306979-306986
//my_stock/media/theme/uxicons/xxhdpi/com.paypal.android.p2pmobile/recfg.png 306988
//my_stock/media/theme/uxicons/xxhdpi/com.pingan.paces.ccms/nsd.png 306990
//my_stock/media/theme/uxicons/xxhdpi/com.pinterest/art_off.png 306991-306992
//my_stock/media/theme/uxicons/xxhdpi/com.pinterest/mat.png 306994
//my_stock/media/theme/uxicons/xxhdpi/com.redteamobile.roaming/day.png 306998-307004
//my_stock/media/theme/uxicons/xxhdpi/com.sina.weibo/nsd.png 307010
//my_stock/media/theme/uxicons/xxhdpi/com.snapchat.android/mat.png 307012
//my_stock/media/theme/uxicons/xxhdpi/com.ss.android.article.lite/nsd.png 307015
//my_stock/media/theme/uxicons/xxhdpi/com.taobao.litetao/nsd.png 307022
//my_stock/media/theme/uxicons/xxhdpi/com.taobao.taobao/nsd.png 307024
//my_stock/media/theme/uxicons/xxhdpi/com.tencent.karaoke/nsd.png 307026
//my_stock/media/theme/uxicons/xxhdpi/com.tencent.mobileqq/nsd.png 307029
//my_stock/media/theme/uxicons/xxhdpi/com.tencent.news/nsd.png 307031
//my_stock/media/theme/uxicons/xxhdpi/com.tencent.qqmusic/nsd.png 307033
//my_stock/media/theme/uxicons/xxhdpi/com.tencent.tmgp.sgame/nsd.png 307036
//my_stock/media/theme/uxicons/xxhdpi/com.tianyancha.skyeye/nsd.png 307039
//my_stock/media/theme/uxicons/xxhdpi/com.tongcheng.android/nsd.png 307042
//my_stock/media/theme/uxicons/xxhdpi/com.twitter.android/art_off.png 307043
//my_stock/media/theme/uxicons/xxhdpi/com.xs.fm/nsd.png 307051
//my_stock/media/theme/uxicons/xxhdpi/com.xs.fm.lite/nsd.png 307052
//my_stock/media/theme/uxicons/xxhdpi/com.xt.retouch/nsd.png 307053
//my_stock/media/theme/uxicons/xxhdpi/com.xunmeng.pinduoduo/nsd.png 307054
//my_stock/media/theme/uxicons/xxhdpi/com.xyyzsgxyl.traceless/day.png 307055-307061
//my_stock/media/theme/uxicons/xxhdpi/com.yitong.mbank.psbc/nsd.png 307063
//my_stock/media/theme/uxicons/xxhdpi/com.youku.phone/nsd.png 307064
//my_stock/media/theme/uxicons/xxhdpi/ctrip.android.view/nsd.png 307066
//my_stock/media/theme/uxicons/xxhdpi/icons-daylight 307067-307075
//my_stock/media/theme/uxicons/xxhdpi/icons-meterial 307076-307082
//my_stock/media/theme/uxicons/xxhdpi/icons-nightshadow 307083
//my_stock/media/theme/uxicons/xxhdpi/icons-pebble 307084-307087
//my_stock/media/theme/uxicons/xxhdpi/icons-rectangle 307088-307099
//my_stock/media/theme/uxicons/xxhdpi/in.amazon.mShop.android.shopping/mat.png 307100-307102
//my_stock/media/theme/uxicons/xxhdpi/in.amazon.mShop.android.shopping/recbg.png 307103-307106
//my_stock/media/theme/uxicons/xxhdpi/me.ele/nsd.png 307108
//my_stock/media/theme/uxicons/xxhdpi/net.oneplus.forums/mat.png 307109-307114
//my_stock/media/theme/uxicons/xxhdpi/net.oneplus.forums/peb.png 307115
//my_stock/media/theme/uxicons/xxhdpi/net.oneplus.forums/recbg.png 307116-307120
//my_stock/media/theme/uxicons/xxhdpi/net.oneplus.forums/recfg.png 307121-307126
//my_stock/media/theme/uxicons/xxhdpi/net.oneplus.weather/day.png 307128-307134
//my_stock/media/theme/uxicons/xxhdpi/net.oneplus.weather/mat.png 307135-307139
//my_stock/media/theme/uxicons/xxhdpi/net.oneplus.weather/peb.png 307142
//my_stock/media/theme/uxicons/xxhdpi/net.oneplus.weather/recbg.png 307143-307148
//my_stock/media/theme/uxicons/xxhdpi/net.oneplus.weather/recfg.png 307150-307152
//my_stock/media/theme/uxicons/xxxhdpi/andes.oplus.documentsreader/day.png 307156-307163
//my_stock/media/theme/uxicons/xxxhdpi/cmb.pb/nsd.png 307166
//my_stock/media/theme/uxicons/xxxhdpi/com.MobileTicket/nsd.png 307169
//my_stock/media/theme/uxicons/xxxhdpi/com.Qunar/nsd.png 307170
//my_stock/media/theme/uxicons/xxxhdpi/com.UCMobile/nsd.png 307172
//my_stock/media/theme/uxicons/xxxhdpi/com.achievo.vipshop/nsd.png 307173
//my_stock/media/theme/uxicons/xxxhdpi/com.airbnb.android/art_off.png 307174-307176
//my_stock/media/theme/uxicons/xxxhdpi/com.airbnb.android/mat.png 307178-307180
//my_stock/media/theme/uxicons/xxxhdpi/com.airbnb.android/recfg.png 307181-307182
//my_stock/media/theme/uxicons/xxxhdpi/com.alibaba.android.rimet/nsd.png 307184
//my_stock/media/theme/uxicons/xxxhdpi/com.alibaba.wireless/nsd.png 307185
//my_stock/media/theme/uxicons/xxxhdpi/com.android.bankabc/nsd.png 307186
//my_stock/media/theme/uxicons/xxxhdpi/com.android.bluetooth/share_blue.png 307188
//my_stock/media/theme/uxicons/xxxhdpi/com.android.contacts/day.png 307189-307197
//my_stock/media/theme/uxicons/xxxhdpi/com.android.contacts/dialer_day.png 307199-307207
//my_stock/media/theme/uxicons/xxxhdpi/com.android.contacts/dialer_mat.png 307209
//my_stock/media/theme/uxicons/xxxhdpi/com.android.contacts/dialer_recbg.png 307212-307219
//my_stock/media/theme/uxicons/xxxhdpi/com.android.contacts/dialer_recfg.png 307220-307223
//my_stock/media/theme/uxicons/xxxhdpi/com.android.contacts/mat.png 307225
//my_stock/media/theme/uxicons/xxxhdpi/com.android.contacts/recbg.png 307227-307234
//my_stock/media/theme/uxicons/xxxhdpi/com.android.contacts/recfg.png 307235-307239
//my_stock/media/theme/uxicons/xxxhdpi/com.android.email/day.png 307241-307250
//my_stock/media/theme/uxicons/xxxhdpi/com.android.fmradio/day.png 307253-307263
//my_stock/media/theme/uxicons/xxxhdpi/com.android.fmradio/mat.png 307265
//my_stock/media/theme/uxicons/xxxhdpi/com.android.fmradio/recfg.png 307267
//my_stock/media/theme/uxicons/xxxhdpi/com.android.mms/day.png 307268-307275
//my_stock/media/theme/uxicons/xxxhdpi/com.android.mms/recbg.png 307279-307288
//my_stock/media/theme/uxicons/xxxhdpi/com.android.mms/recfg.png 307290-307298
//my_stock/media/theme/uxicons/xxxhdpi/com.android.permissioncontroller/nsd.png 307300
//my_stock/media/theme/uxicons/xxxhdpi/com.android.settings/day.png 307301-307310
//my_stock/media/theme/uxicons/xxxhdpi/com.android.settings/mat.png 307311-307317
//my_stock/media/theme/uxicons/xxxhdpi/com.android.settings/peb.png 307321
//my_stock/media/theme/uxicons/xxxhdpi/com.android.settings/recbg.png 307323-307334
//my_stock/media/theme/uxicons/xxxhdpi/com.android.settings/recfg.png 307335-307338
//my_stock/media/theme/uxicons/xxxhdpi/com.android.stk/day.png 307339-307343
//my_stock/media/theme/uxicons/xxxhdpi/com.android.stk/mat.png 307345
//my_stock/media/theme/uxicons/xxxhdpi/com.baidu.BaiduMap/nsd.png 307348
//my_stock/media/theme/uxicons/xxxhdpi/com.baidu.netdisk/nsd.png 307350
//my_stock/media/theme/uxicons/xxxhdpi/com.baidu.searchbox/nsd.png 307351
//my_stock/media/theme/uxicons/xxxhdpi/com.baidu.searchbox.lite/nsd.png 307352
//my_stock/media/theme/uxicons/xxxhdpi/com.bankcomm.Bankcomm/nsd.png 307354
//my_stock/media/theme/uxicons/xxxhdpi/com.caf.fmradio/day.png 307356-307366
//my_stock/media/theme/uxicons/xxxhdpi/com.caf.fmradio/mat.png 307367
//my_stock/media/theme/uxicons/xxxhdpi/com.caf.fmradio/recfg.png 307369
//my_stock/media/theme/uxicons/xxxhdpi/com.chinamworld.bocmbci/nsd.png 307370
//my_stock/media/theme/uxicons/xxxhdpi/com.chinamworld.main/nsd.png 307372
//my_stock/media/theme/uxicons/xxxhdpi/com.coloros.alarmclock/day.png 307374-307382
//my_stock/media/theme/uxicons/xxxhdpi/com.coloros.backuprestore/day.png 307384-307389
//my_stock/media/theme/uxicons/xxxhdpi/com.coloros.calculator/day.png 307391-307404
//my_stock/media/theme/uxicons/xxxhdpi/com.coloros.calculator/nsd.png 307405
//my_stock/media/theme/uxicons/xxxhdpi/com.coloros.calendar/day.png 307406-307412
//my_stock/media/theme/uxicons/xxxhdpi/com.coloros.compass/day.png 307414-307424
//my_stock/media/theme/uxicons/xxxhdpi/com.coloros.compass/nsd.png 307426
//my_stock/media/theme/uxicons/xxxhdpi/com.coloros.compass2/day.png 307427-307437
//my_stock/media/theme/uxicons/xxxhdpi/com.coloros.compass2/nsd.png 307439
//my_stock/media/theme/uxicons/xxxhdpi/com.coloros.familyguard/day.png 307440-307448
//my_stock/media/theme/uxicons/xxxhdpi/com.coloros.filemanager/day.png 307451-307457
//my_stock/media/theme/uxicons/xxxhdpi/com.coloros.findmyphone/day.png 307459-307472
//my_stock/media/theme/uxicons/xxxhdpi/com.coloros.findmyphone/nsd.png 307473
//my_stock/media/theme/uxicons/xxxhdpi/com.coloros.findphone.client2/day.png 307474-307487
//my_stock/media/theme/uxicons/xxxhdpi/com.coloros.findphone.client2/nsd.png 307488
//my_stock/media/theme/uxicons/xxxhdpi/com.coloros.gallery3d/day.png 307489-307498
//my_stock/media/theme/uxicons/xxxhdpi/com.coloros.musiclink/day.png 307501-307510
//my_stock/media/theme/uxicons/xxxhdpi/com.coloros.note/day.png 307512-307516
//my_stock/media/theme/uxicons/xxxhdpi/com.coloros.ocrscanner/day.png 307518-307526
//my_stock/media/theme/uxicons/xxxhdpi/com.coloros.phonemanager/day.png 307529-307536
//my_stock/media/theme/uxicons/xxxhdpi/com.coloros.shortcuts/day.png 307539-307548
//my_stock/media/theme/uxicons/xxxhdpi/com.coloros.soundrecorder/day.png 307550-307558
//my_stock/media/theme/uxicons/xxxhdpi/com.coloros.video/day.png 307559-307568
//my_stock/media/theme/uxicons/xxxhdpi/com.coloros.video/nsd.png 307570
//my_stock/media/theme/uxicons/xxxhdpi/com.coloros.weather/day.png 307571-307582
//my_stock/media/theme/uxicons/xxxhdpi/com.coloros.weather2/day.png 307584-307595
//my_stock/media/theme/uxicons/xxxhdpi/com.dianping.v1/nsd.png 307597
//my_stock/media/theme/uxicons/xxxhdpi/com.douban.frodo/nsd.png 307598
//my_stock/media/theme/uxicons/xxxhdpi/com.dragon.read/nsd.png 307599
//my_stock/media/theme/uxicons/xxxhdpi/com.ebay.mobile/art_off.png 307600-307601
//my_stock/media/theme/uxicons/xxxhdpi/com.ebay.mobile/mat.png 307602-307603
//my_stock/media/theme/uxicons/xxxhdpi/com.ebay.mobile/recfg.png 307604
//my_stock/media/theme/uxicons/xxxhdpi/com.facebook.katana/art_off.png 307607-307614
//my_stock/media/theme/uxicons/xxxhdpi/com.facebook.katana/mat.png 307615
//my_stock/media/theme/uxicons/xxxhdpi/com.facebook.katana/recbg.png 307617-307618
//my_stock/media/theme/uxicons/xxxhdpi/com.finshell.wallet/day.png 307620-307630
//my_stock/media/theme/uxicons/xxxhdpi/com.gotokeep.keep/nsd.png 307633
//my_stock/media/theme/uxicons/xxxhdpi/com.greenpoint.android.mc10086.activity/nsd.png 307634
//my_stock/media/theme/uxicons/xxxhdpi/com.heytap.book/day.png 307636-307644
//my_stock/media/theme/uxicons/xxxhdpi/com.heytap.browser/day.png 307648-307657
//my_stock/media/theme/uxicons/xxxhdpi/com.heytap.browser/mat.png 307659-307661
//my_stock/media/theme/uxicons/xxxhdpi/com.heytap.browser/recfg.png 307664-307667
//my_stock/media/theme/uxicons/xxxhdpi/com.heytap.cloud/day.png 307669-307679
//my_stock/media/theme/uxicons/xxxhdpi/com.heytap.cloud/recbg.png 307683-307687
//my_stock/media/theme/uxicons/xxxhdpi/com.heytap.cloud/recfg.png 307688-307689
//my_stock/media/theme/uxicons/xxxhdpi/com.heytap.health/day.png 307691-307694
//my_stock/media/theme/uxicons/xxxhdpi/com.heytap.lock/day.png 307696-307706
//my_stock/media/theme/uxicons/xxxhdpi/com.heytap.market/day.png 307709-307716
//my_stock/media/theme/uxicons/xxxhdpi/com.heytap.music/day.png 307717-307725
//my_stock/media/theme/uxicons/xxxhdpi/com.heytap.music/mat.png 307727
//my_stock/media/theme/uxicons/xxxhdpi/com.heytap.quicksearchbox/day.png 307730-307739
//my_stock/media/theme/uxicons/xxxhdpi/com.heytap.quicksearchbox/nsd.png 307740
//my_stock/media/theme/uxicons/xxxhdpi/com.heytap.reader/day.png 307741-307749
//my_stock/media/theme/uxicons/xxxhdpi/com.heytap.smarthome/day.png 307754-307762
//my_stock/media/theme/uxicons/xxxhdpi/com.heytap.smarthome/recfg.png 307766-307767
//my_stock/media/theme/uxicons/xxxhdpi/com.heytap.themestore/day.png 307769-307778
//my_stock/media/theme/uxicons/xxxhdpi/com.heytap.themestore/mat.png 307780-307789
//my_stock/media/theme/uxicons/xxxhdpi/com.heytap.themestore/peb.png 307791
//my_stock/media/theme/uxicons/xxxhdpi/com.heytap.themestore/recbg.png 307793-307802
//my_stock/media/theme/uxicons/xxxhdpi/com.heytap.yoli/day.png 307803-307812
//my_stock/media/theme/uxicons/xxxhdpi/com.heytap.yoli/nsd.png 307814
//my_stock/media/theme/uxicons/xxxhdpi/com.hpbr.bosszhipin/nsd.png 307815
//my_stock/media/theme/uxicons/xxxhdpi/com.hunantv.imgo.activity/nsd.png 307816
//my_stock/media/theme/uxicons/xxxhdpi/com.icbc/nsd.png 307817
//my_stock/media/theme/uxicons/xxxhdpi/com.immomo.momo/nsd.png 307819
//my_stock/media/theme/uxicons/xxxhdpi/com.instagram.android/art_off.png 307820-307830
//my_stock/media/theme/uxicons/xxxhdpi/com.instagram.android/mat.png 307832-307833
//my_stock/media/theme/uxicons/xxxhdpi/com.instagram.android/recbg.png 307834-307841
//my_stock/media/theme/uxicons/xxxhdpi/com.jingdong.app.mall/nsd.png 307843
//my_stock/media/theme/uxicons/xxxhdpi/com.kuaishou.nebula/nsd.png 307845
//my_stock/media/theme/uxicons/xxxhdpi/com.kugou.android/nsd.png 307846
//my_stock/media/theme/uxicons/xxxhdpi/com.kugou.android.lite/nsd.png 307847
//my_stock/media/theme/uxicons/xxxhdpi/com.lemon.lv/nsd.png 307851
//my_stock/media/theme/uxicons/xxxhdpi/com.miHoYo.Yuanshen/nsd.png 307854
//my_stock/media/theme/uxicons/xxxhdpi/com.miHoYo.hkrpg/nsd.png 307856
//my_stock/media/theme/uxicons/xxxhdpi/com.microsoft.office.outlook/art_off.png 307857-307860
//my_stock/media/theme/uxicons/xxxhdpi/com.microsoft.office.outlook/mat.png 307861
//my_stock/media/theme/uxicons/xxxhdpi/com.microsoft.office.outlook/recfg.png 307862
//my_stock/media/theme/uxicons/xxxhdpi/com.moji.mjweather/nsd.png 307863
//my_stock/media/theme/uxicons/xxxhdpi/com.mt.mtxx.mtxx/nsd.png 307864
//my_stock/media/theme/uxicons/xxxhdpi/com.nearme.gamecenter/day.png 307865-307871
//my_stock/media/theme/uxicons/xxxhdpi/com.nearme.gamecenter/recbg.png 307876
//my_stock/media/theme/uxicons/xxxhdpi/com.nearme.gamecenter/recfg.png 307877-307878
//my_stock/media/theme/uxicons/xxxhdpi/com.nearme.instant.platform/day.png 307879-307883
//my_stock/media/theme/uxicons/xxxhdpi/com.netease.cloudmusic/nsd.png 307886
//my_stock/media/theme/uxicons/xxxhdpi/com.oneplus.backuprestore/day.png 307888-307893
//my_stock/media/theme/uxicons/xxxhdpi/com.oneplus.backuprestore/mat.png 307894-307905
//my_stock/media/theme/uxicons/xxxhdpi/com.oneplus.backuprestore/peb.png 307907
//my_stock/media/theme/uxicons/xxxhdpi/com.oneplus.backuprestore/recbg.png 307908-307914
//my_stock/media/theme/uxicons/xxxhdpi/com.oneplus.backuprestore/recfg.png 307916-307919
//my_stock/media/theme/uxicons/xxxhdpi/com.oneplus.brickmode/day.png 307921-307932
//my_stock/media/theme/uxicons/xxxhdpi/com.oneplus.brickmode/nsd.png 307934
//my_stock/media/theme/uxicons/xxxhdpi/com.oneplus.brickmode/recbg.png 307936-307947
//my_stock/media/theme/uxicons/xxxhdpi/com.oneplus.brickmode/recfg.png 307948-307964
//my_stock/media/theme/uxicons/xxxhdpi/com.oneplus.calculator/day.png 307966-307979
//my_stock/media/theme/uxicons/xxxhdpi/com.oneplus.calculator/mat.png 307980-307986
//my_stock/media/theme/uxicons/xxxhdpi/com.oneplus.calculator/nsd.png 307988
//my_stock/media/theme/uxicons/xxxhdpi/com.oneplus.calculator/peb.png 307989
//my_stock/media/theme/uxicons/xxxhdpi/com.oneplus.calculator/recbg.png 307991-308001
//my_stock/media/theme/uxicons/xxxhdpi/com.oneplus.calculator/recfg.png 308003-308011
//my_stock/media/theme/uxicons/xxxhdpi/com.oneplus.camera/mat.png 308012-308021
//my_stock/media/theme/uxicons/xxxhdpi/com.oneplus.camera/peb.png 308024-308025
//my_stock/media/theme/uxicons/xxxhdpi/com.oneplus.camera/recbg.png 308026-308032
//my_stock/media/theme/uxicons/xxxhdpi/com.oneplus.camera/recfg.png 308033-308043 308044
//my_stock/media/theme/uxicons/xxxhdpi/com.oneplus.deskclock/day.png 308045-308053
//my_stock/media/theme/uxicons/xxxhdpi/com.oneplus.deskclock/mat.png 308054-308060
//my_stock/media/theme/uxicons/xxxhdpi/com.oneplus.deskclock/peb.png 308062
//my_stock/media/theme/uxicons/xxxhdpi/com.oneplus.deskclock/recbg.png 308064-308071
//my_stock/media/theme/uxicons/xxxhdpi/com.oneplus.deskclock/recfg.png 308072
//my_stock/media/theme/uxicons/xxxhdpi/com.oneplus.filemanager/day.png 308074-308080
//my_stock/media/theme/uxicons/xxxhdpi/com.oneplus.filemanager/mat.png 308082-308088
//my_stock/media/theme/uxicons/xxxhdpi/com.oneplus.filemanager/monochrome.png 308090-308091
//my_stock/media/theme/uxicons/xxxhdpi/com.oneplus.filemanager/peb.png 308093
//my_stock/media/theme/uxicons/xxxhdpi/com.oneplus.filemanager/recbg.png 308094-308104
//my_stock/media/theme/uxicons/xxxhdpi/com.oneplus.filemanager/recfg.png 308105-308111
//my_stock/media/theme/uxicons/xxxhdpi/com.oneplus.gallery/day.png 308113-308122
//my_stock/media/theme/uxicons/xxxhdpi/com.oneplus.gallery/mat.png 308124-308132
//my_stock/media/theme/uxicons/xxxhdpi/com.oneplus.gallery/peb.png 308134
//my_stock/media/theme/uxicons/xxxhdpi/com.oneplus.gallery/recbg.png 308135-308144
//my_stock/media/theme/uxicons/xxxhdpi/com.oneplus.gallery/recfg.png 308146-308152
//my_stock/media/theme/uxicons/xxxhdpi/com.oneplus.mall/recbg.png 308155-308166
//my_stock/media/theme/uxicons/xxxhdpi/com.oneplus.member/recbg.png 308168-308177
//my_stock/media/theme/uxicons/xxxhdpi/com.oneplus.member/recfg.png 308178-308187
//my_stock/media/theme/uxicons/xxxhdpi/com.oneplus.mms/recbg.png 308189-308198
//my_stock/media/theme/uxicons/xxxhdpi/com.oneplus.mms/recfg.png 308200-308208
//my_stock/media/theme/uxicons/xxxhdpi/com.oneplus.note/day.png 308210-308214
//my_stock/media/theme/uxicons/xxxhdpi/com.oneplus.note/mat.png 308216-308223
//my_stock/media/theme/uxicons/xxxhdpi/com.oneplus.note/peb.png 308225
//my_stock/media/theme/uxicons/xxxhdpi/com.oneplus.note/recbg.png 308226-308236
//my_stock/media/theme/uxicons/xxxhdpi/com.oneplus.note/recfg.png 308238-308242
//my_stock/media/theme/uxicons/xxxhdpi/com.oneplus.soundrecorder/day.png 308244-308252
//my_stock/media/theme/uxicons/xxxhdpi/com.oneplus.soundrecorder/mat.png 308253-308261
//my_stock/media/theme/uxicons/xxxhdpi/com.oneplus.soundrecorder/peb.png 308262
//my_stock/media/theme/uxicons/xxxhdpi/com.oneplus.soundrecorder/recbg.png 308263-308269
//my_stock/media/theme/uxicons/xxxhdpi/com.oneplus.soundrecorder/recfg.png 308271
//my_stock/media/theme/uxicons/xxxhdpi/com.oneplus.store/recbg.png 308274-308285
//my_stock/media/theme/uxicons/xxxhdpi/com.oplus.calendar/day.png 308287-308293
//my_stock/media/theme/uxicons/xxxhdpi/com.oplus.camera/day.png 308295-308305
//my_stock/media/theme/uxicons/xxxhdpi/com.oplus.camera/mat.png 308307
//my_stock/media/theme/uxicons/xxxhdpi/com.oplus.camera/recbg.png 308311-308321
//my_stock/media/theme/uxicons/xxxhdpi/com.oplus.camera/recfg.png 308323-308335
//my_stock/media/theme/uxicons/xxxhdpi/com.oplus.consumerIRApp/day.png 308336-308340
//my_stock/media/theme/uxicons/xxxhdpi/com.oplus.consumerIRApp/mat.png 308341-308346
//my_stock/media/theme/uxicons/xxxhdpi/com.oplus.consumerIRApp/monochrome.png 308347
//my_stock/media/theme/uxicons/xxxhdpi/com.oplus.consumerIRApp/peb.png 308350
//my_stock/media/theme/uxicons/xxxhdpi/com.oplus.consumerIRApp/recbg.png 308352-308360
//my_stock/media/theme/uxicons/xxxhdpi/com.oplus.consumerIRApp/recfg.png 308362-308364
//my_stock/media/theme/uxicons/xxxhdpi/com.oplus.games/mat.png 308366-308373
//my_stock/media/theme/uxicons/xxxhdpi/com.oplus.games/peb.png 308375
//my_stock/media/theme/uxicons/xxxhdpi/com.oplus.games/recbg.png 308377-308387
//my_stock/media/theme/uxicons/xxxhdpi/com.oplus.games/recfg.png 308389-308403
//my_stock/media/theme/uxicons/xxxhdpi/com.oplus.logkit/recfg.png 308404-308406
//my_stock/media/theme/uxicons/xxxhdpi/com.oplus.member/day.png 308408-308413
//my_stock/media/theme/uxicons/xxxhdpi/com.oplus.phonemanager/day.png 308416-308423
//my_stock/media/theme/uxicons/xxxhdpi/com.oplus.phonemanager/mat.png 308425-308427
//my_stock/media/theme/uxicons/xxxhdpi/com.oplus.phonemanager/peb.png 308429-308431
//my_stock/media/theme/uxicons/xxxhdpi/com.oplus.phonemanager/recbg.png 308432-308441
//my_stock/media/theme/uxicons/xxxhdpi/com.oplus.phonemanager/recfg.png 308443-308444
//my_stock/media/theme/uxicons/xxxhdpi/com.oplus.play/day.png 308446-308452
//my_stock/media/theme/uxicons/xxxhdpi/com.oplus.play/mat.png 308454
//my_stock/media/theme/uxicons/xxxhdpi/com.oplus.play/recfg.png 308458
//my_stock/media/theme/uxicons/xxxhdpi/com.oplus.themestore/mat.png 308459-308462
//my_stock/media/theme/uxicons/xxxhdpi/com.oplus.themestore/recbg.png 308464-308473
//my_stock/media/theme/uxicons/xxxhdpi/com.oplus.themestore/recfg.png 308475-308480
//my_stock/media/theme/uxicons/xxxhdpi/com.oplus.vip/recbg.png 308482-308491
//my_stock/media/theme/uxicons/xxxhdpi/com.oplus.vip/recfg.png 308492-308501
//my_stock/media/theme/uxicons/xxxhdpi/com.opluskgd.onetaplocking/day.png 308502-308512
//my_stock/media/theme/uxicons/xxxhdpi/com.opluskgd.onetaplocking/mat.png 308513-308523
//my_stock/media/theme/uxicons/xxxhdpi/com.opluskgd.onetaplocking/peb.png 308526-308527
//my_stock/media/theme/uxicons/xxxhdpi/com.opluskgd.onetaplocking/recbg.png 308529-308539
//my_stock/media/theme/uxicons/xxxhdpi/com.opluskgd.onetaplocking/recfg.png 308541-308558
//my_stock/media/theme/uxicons/xxxhdpi/com.oppo.community/day.png 308559-308567
//my_stock/media/theme/uxicons/xxxhdpi/com.oppo.community/nsd.png 308569
//my_stock/media/theme/uxicons/xxxhdpi/com.paypal.android.p2pmobile/art_off.png 308572-308578
//my_stock/media/theme/uxicons/xxxhdpi/com.paypal.android.p2pmobile/mat.png 308579
//my_stock/media/theme/uxicons/xxxhdpi/com.paypal.android.p2pmobile/recbg.png 308580-308587
//my_stock/media/theme/uxicons/xxxhdpi/com.paypal.android.p2pmobile/recfg.png 308589
//my_stock/media/theme/uxicons/xxxhdpi/com.phoenix.read/nsd.png 308590
//my_stock/media/theme/uxicons/xxxhdpi/com.pingan.paces.ccms/nsd.png 308591
//my_stock/media/theme/uxicons/xxxhdpi/com.pinterest/art_off.png 308593-308595
//my_stock/media/theme/uxicons/xxxhdpi/com.pinterest/mat.png 308596
//my_stock/media/theme/uxicons/xxxhdpi/com.quark.browser/nsd.png 308601
//my_stock/media/theme/uxicons/xxxhdpi/com.redteamobile.roaming/day.png 308602-308613
//my_stock/media/theme/uxicons/xxxhdpi/com.sankuai.meituan.takeoutnew/nsd.png 308617
//my_stock/media/theme/uxicons/xxxhdpi/com.sina.weibo/nsd.png 308620
//my_stock/media/theme/uxicons/xxxhdpi/com.snapchat.android/mat.png 308623
//my_stock/media/theme/uxicons/xxxhdpi/com.sohu.inputmethod.sogou/nsd.png 308627
//my_stock/media/theme/uxicons/xxxhdpi/com.ss.android.article.lite/nsd.png 308628
//my_stock/media/theme/uxicons/xxxhdpi/com.ss.android.article.news/nsd.png 308629
//my_stock/media/theme/uxicons/xxxhdpi/com.ss.android.article.video/nsd.png 308630
//my_stock/media/theme/uxicons/xxxhdpi/com.ss.android.ugc.aweme/nsd.png 308631
//my_stock/media/theme/uxicons/xxxhdpi/com.ss.android.ugc.aweme.lite/nsd.png 308632
//my_stock/media/theme/uxicons/xxxhdpi/com.ss.android.ugc.live/nsd.png 308633
//my_stock/media/theme/uxicons/xxxhdpi/com.taobao.litetao/nsd.png 308635
//my_stock/media/theme/uxicons/xxxhdpi/com.taobao.live/nsd.png 308637
//my_stock/media/theme/uxicons/xxxhdpi/com.taobao.taobao/nsd.png 308638
//my_stock/media/theme/uxicons/xxxhdpi/com.tencent.android.qqdownloader/nsd.png 308639
//my_stock/media/theme/uxicons/xxxhdpi/com.tencent.karaoke/nsd.png 308640
//my_stock/media/theme/uxicons/xxxhdpi/com.tencent.map/nsd.png 308642
//my_stock/media/theme/uxicons/xxxhdpi/com.tencent.mm/nsd.png 308643
//my_stock/media/theme/uxicons/xxxhdpi/com.tencent.mobileqq/nsd.png 308644
//my_stock/media/theme/uxicons/xxxhdpi/com.tencent.mtt/nsd.png 308645
//my_stock/media/theme/uxicons/xxxhdpi/com.tencent.news/nsd.png 308646
//my_stock/media/theme/uxicons/xxxhdpi/com.tencent.qqlive/nsd.png 308648
//my_stock/media/theme/uxicons/xxxhdpi/com.tencent.qqmusic/nsd.png 308649
//my_stock/media/theme/uxicons/xxxhdpi/com.tencent.qqpimsecure/nsd.png 308650
//my_stock/media/theme/uxicons/xxxhdpi/com.tencent.tmgp.pubgmhd/nsd.png 308651
//my_stock/media/theme/uxicons/xxxhdpi/com.tencent.tmgp.sgame/nsd.png 308652
//my_stock/media/theme/uxicons/xxxhdpi/com.tencent.wework/nsd.png 308654
//my_stock/media/theme/uxicons/xxxhdpi/com.tianyancha.skyeye/nsd.png 308656
//my_stock/media/theme/uxicons/xxxhdpi/com.tmall.wireless/nsd.png 308657
//my_stock/media/theme/uxicons/xxxhdpi/com.tongcheng.android/nsd.png 308659
//my_stock/media/theme/uxicons/xxxhdpi/com.twitter.android/art_off.png 308661
//my_stock/media/theme/uxicons/xxxhdpi/com.videogo/nsd.png 308666
//my_stock/media/theme/uxicons/xxxhdpi/com.wuba/nsd.png 308667
//my_stock/media/theme/uxicons/xxxhdpi/com.xhey.xcamera/nsd.png 308669
//my_stock/media/theme/uxicons/xxxhdpi/com.xs.fm/nsd.png 308672
//my_stock/media/theme/uxicons/xxxhdpi/com.xs.fm.lite/nsd.png 308673
//my_stock/media/theme/uxicons/xxxhdpi/com.xt.retouch/nsd.png 308675
//my_stock/media/theme/uxicons/xxxhdpi/com.xunmeng.pinduoduo/nsd.png 308677
//my_stock/media/theme/uxicons/xxxhdpi/com.xyyzsgxyl.traceless/day.png 308678-308689
//my_stock/media/theme/uxicons/xxxhdpi/com.yitong.mbank.psbc/nsd.png 308692
//my_stock/media/theme/uxicons/xxxhdpi/com.youku.phone/nsd.png 308693
//my_stock/media/theme/uxicons/xxxhdpi/ctrip.android.view/nsd.png 308695
//my_stock/media/theme/uxicons/xxxhdpi/icons-daylight 308697-308709
//my_stock/media/theme/uxicons/xxxhdpi/icons-meterial 308710-308720
//my_stock/media/theme/uxicons/xxxhdpi/icons-nightshadow 308721
//my_stock/media/theme/uxicons/xxxhdpi/icons-pebble 308722-308725
//my_stock/media/theme/uxicons/xxxhdpi/icons-rectangle 308726-308741
//my_stock/media/theme/uxicons/xxxhdpi/in.amazon.mShop.android.shopping/mat.png 308742-308746
//my_stock/media/theme/uxicons/xxxhdpi/in.amazon.mShop.android.shopping/recbg.png 308747-308753
//my_stock/media/theme/uxicons/xxxhdpi/me.ele/nsd.png 308755
//my_stock/media/theme/uxicons/xxxhdpi/net.oneplus.forums/mat.png 308756-308764
//my_stock/media/theme/uxicons/xxxhdpi/net.oneplus.forums/peb.png 308766
//my_stock/media/theme/uxicons/xxxhdpi/net.oneplus.forums/recbg.png 308768-308776
//my_stock/media/theme/uxicons/xxxhdpi/net.oneplus.forums/recfg.png 308777-308787
//my_stock/media/theme/uxicons/xxxhdpi/net.oneplus.weather/day.png 308788-308799
//my_stock/media/theme/uxicons/xxxhdpi/net.oneplus.weather/mat.png 308800-308808
//my_stock/media/theme/uxicons/xxxhdpi/net.oneplus.weather/peb.png 308810
//my_stock/media/theme/uxicons/xxxhdpi/net.oneplus.weather/recbg.png 308812-308822
//my_stock/media/theme/uxicons/xxxhdpi/net.oneplus.weather/recfg.png 308823-308827
//my_stock/media/theme/uxicons/xxxhdpi/sm.ss43djh.sqw23/nsd.png 308828
//my_stock/media/theme/uxicons/xxxhdpi/tv.danmaku.bili/nsd.png 308829
//my_stock/non_overlay/app/OBrain/OBrain.apk 308830-309377
//my_stock/opex/Omoji.opex 309378-335792
//my_stock/oplus/startup_config.xml 335810
//my_stock/oplus/startup_manager.xml 335811-335813
//my_stock/oplus/sys_alarm_filterpackages_list.xml 335814
//my_stock/overlay/OplusFwkResOverlay/OplusFwkResOverlay.apk 335816-335823
//my_stock/overlay/OplusSystemuiResOverlay/OplusSystemuiResOverlay.apk 335824-335832
//my_stock/overlay/market_exp_overlay.apk 335833-335871
//my_stock/priv-app/AccessoryFramework/AccessoryFramework.apk 335872-342688
//my_stock/priv-app/AccessoryFramework/oat/arm64/AccessoryFramework.vdex 342695-342775
//my_stock/priv-app/BlackListApp/BlackListApp.apk 342776-344665
//my_stock/priv-app/BlackListApp/oat/arm64/BlackListApp.vdex 344668-344700
//my_stock/priv-app/ColorfulEngine/ColorfulEngine.apk 344701-349030
//my_stock/priv-app/ColorfulEngine/oat/arm64/ColorfulEngine.vdex 349035-349069
//my_stock/priv-app/Contacts/Contacts.apk 349070-358053
//my_stock/priv-app/Contacts/oat/arm64/Contacts.vdex 358062-358130
//my_stock/priv-app/Cota/Cota.apk 358131-359785
//my_stock/priv-app/Cota/oat/arm64/Cota.vdex 359788-359810
//my_stock/priv-app/DCS/DCS.apk 359811-361120
//my_stock/priv-app/DCS/oat/arm64/DCS.vdex 361123-361146
//my_stock/priv-app/DSF/DSF.apk 361147-363154
//my_stock/priv-app/DSF/oat/arm64/DSF.vdex 363157-363184
//my_stock/priv-app/DeviceIntegrationService/DeviceIntegrationService.apk 363185-363619
//my_stock/priv-app/DeviceIntegrationService/oat/arm64/DeviceIntegrationService.vdex 363620-363627
//my_stock/priv-app/Games/Games.apk 363628-377520
//my_stock/priv-app/Games/oat/arm64/Games.vdex 377535-377723
//my_stock/priv-app/GlobalSearch/GlobalSearch.apk 377724-388427
//my_stock/priv-app/GlobalSearch/oat/arm64/GlobalSearch.vdex 388438-388600
//my_stock/priv-app/HeyCast/HeyCast.apk 388601-390279
//my_stock/priv-app/HeyCast/oat/arm64/HeyCast.vdex 390282-390304
//my_stock/priv-app/InCallUI/InCallUI.apk 390305-393296
//my_stock/priv-app/InCallUI/oat/arm64/InCallUI.vdex 393300-393330
//my_stock/priv-app/KeKeMarket/KeKeMarket.apk 393331-404724
//my_stock/priv-app/KeKeMarket/oat/arm64/KeKeMarket.vdex 404736-404882
//my_stock/priv-app/KeKeThemeSpace/KeKeThemeSpace.apk 404883-420849
//my_stock/priv-app/KeKeThemeSpace/oat/arm64/KeKeThemeSpace.vdex 420865-421054
//my_stock/priv-app/KeKeUserCenter/KeKeUserCenter.apk 421055-428816
//my_stock/priv-app/KeKeUserCenter/oat/arm64/KeKeUserCenter.vdex 428824-428903
//my_stock/priv-app/LinktoWindows/LinktoWindows.apk 428904-440295
//my_stock/priv-app/LinktoWindows/oat/arm64/LinktoWindows.vdex 440307-440465
//my_stock/priv-app/LockAssistant/LockAssistant.apk 440466-441800
//my_stock/priv-app/LockAssistant/oat/arm64/LockAssistant.vdex 441803-441827
//my_stock/priv-app/MDSService/MDSService.apk 441828-442712
//my_stock/priv-app/MDSService/oat/arm64/MDSService.vdex 442713-442724
//my_stock/priv-app/MediaTurbo/MediaTurbo.apk 442725-442901
//my_stock/priv-app/MediaTurbo/oat/arm64/MediaTurbo.vdex 442902-442906
//my_stock/priv-app/Metis/Metis.apk 442907-444953
//my_stock/priv-app/Metis/oat/arm64/Metis.vdex 444956-445002
//my_stock/priv-app/Mms/Mms.apk 445003-454694
//my_stock/priv-app/Mms/oat/arm64/Mms.vdex 454705-454787
//my_stock/priv-app/NumberRecognition/NumberRecognition.apk 454788-455874
//my_stock/priv-app/NumberRecognition/oat/arm64/NumberRecognition.vdex 455876-455894
//my_stock/priv-app/OPMemberShip/OPMemberShip.apk 455895-460318
//my_stock/priv-app/OPMemberShip/oat/arm64/OPMemberShip.vdex 460324-460389
//my_stock/priv-app/OPSynergy/OPSynergy.apk 460390-465380
//my_stock/priv-app/OPSynergy/oat/arm64/OPSynergy.vdex 465387-465458
//my_stock/priv-app/OShare/OShare.apk 465459-468245
//my_stock/priv-app/OShare/oat/arm64/OShare.vdex 468249-468295
//my_stock/priv-app/Omacp/Omacp.apk 468296-469186
//my_stock/priv-app/Omacp/oat/arm64/Omacp.vdex 469187-469201
//my_stock/priv-app/OplusBootReg/OplusBootReg.apk 469202-474538
//my_stock/priv-app/OplusScreenRecorder/OplusScreenRecorder.apk 474545-476546
//my_stock/priv-app/OplusScreenRecorder/oat/arm64/OplusScreenRecorder.vdex 476549-476576
//my_stock/priv-app/OppoGallery2/OppoGallery2.apk 476577-520488
//my_stock/priv-app/OppoGallery2/OppoGallery2.apk.prof 520523-520527
//my_stock/priv-app/OppoGallery2/oat/arm64/OppoGallery2.art 520528-521013
//my_stock/priv-app/OppoGallery2/oat/arm64/OppoGallery2.odex 521014-521257
//my_stock/priv-app/OppoGallery2/oat/arm64/OppoGallery2.vdex 521258-521478
//my_stock/priv-app/OppoTranslationService/OppoTranslationService.apk 521479-526627
//my_stock/priv-app/OppoTranslationService/oat/arm64/OppoTranslationService.vdex 526632-526672
//my_stock/priv-app/PhoneManager/PhoneManager.apk 526673-535943
//my_stock/priv-app/PhoneManager/lib/arm64/libaiunit_sdk_core.so 535952-535953
//my_stock/priv-app/PhoneManager/lib/arm64/libcrypto.so 535954-535976
//my_stock/priv-app/PhoneManager/lib/arm64/libmmkv.so 535977-536043
//my_stock/priv-app/PhoneManager/oat/arm64/PhoneManager.vdex 536044-536142
//my_stock/priv-app/Screenshot/Screenshot.apk 536143-540349
//my_stock/priv-app/Screenshot/oat/arm64/Screenshot.vdex 540354-540397
//my_stock/priv-app/UMS/UMS.apk 540398-548683
//my_stock/priv-app/UMS/oat/arm64/UMS.vdex 548691-548761
//my_stock/priv-app/Wallpapers/Wallpapers.apk 548762-556441
//my_stock/priv-app/Wallpapers/oat/arm64/Wallpapers.vdex 556448-556511
//my_stock/priv-app/dmp/dmp.apk 556512-563501
//my_stock/priv-app/dmp/oat/arm64/dmp.vdex 563509-563659
